Archive member included to satisfy reference by file (symbol)

c:/microdownload/nucleistudio/toolchain/gcc/bin/../lib/gcc/riscv-nuclei-elf/10.2.0/rv32imac/ilp32\libgcc.a(_divdi3.o)
                              ./hbird_sdk/SoC/hbirdv2/Common/Source/Stubs/gettimeofday.o (__divdi3)
c:/microdownload/nucleistudio/toolchain/gcc/bin/../lib/gcc/riscv-nuclei-elf/10.2.0/rv32imac/ilp32\libgcc.a(_udivdi3.o)
                              ./hbird_sdk/SoC/hbirdv2/Common/Source/Stubs/gettimeofday.o (__udivdi3)
c:/microdownload/nucleistudio/toolchain/gcc/bin/../lib/gcc/riscv-nuclei-elf/10.2.0/rv32imac/ilp32\libgcc.a(_umoddi3.o)
                              ./hbird_sdk/SoC/hbirdv2/Common/Source/Stubs/gettimeofday.o (__umoddi3)
c:/microdownload/nucleistudio/toolchain/gcc/bin/../lib/gcc/riscv-nuclei-elf/10.2.0/rv32imac/ilp32\libgcc.a(addsf3.o)
                              ./application/system.o (__addsf3)
c:/microdownload/nucleistudio/toolchain/gcc/bin/../lib/gcc/riscv-nuclei-elf/10.2.0/rv32imac/ilp32\libgcc.a(mulsf3.o)
                              ./application/system.o (__mulsf3)
c:/microdownload/nucleistudio/toolchain/gcc/bin/../lib/gcc/riscv-nuclei-elf/10.2.0/rv32imac/ilp32\libgcc.a(subsf3.o)
                              ./application/system.o (__subsf3)
c:/microdownload/nucleistudio/toolchain/gcc/bin/../lib/gcc/riscv-nuclei-elf/10.2.0/rv32imac/ilp32\libgcc.a(fixsfsi.o)
                              ./application/system.o (__fixsfsi)
c:/microdownload/nucleistudio/toolchain/gcc/bin/../lib/gcc/riscv-nuclei-elf/10.2.0/rv32imac/ilp32\libgcc.a(floatsisf.o)
                              ./application/system.o (__floatsisf)
c:/microdownload/nucleistudio/toolchain/gcc/bin/../lib/gcc/riscv-nuclei-elf/10.2.0/rv32imac/ilp32\libgcc.a(floatundisf.o)
                              ./application/system.o (__floatundisf)
c:/microdownload/nucleistudio/toolchain/gcc/bin/../lib/gcc/riscv-nuclei-elf/10.2.0/rv32imac/ilp32\libgcc.a(_lshrdi3.o)
                              c:/microdownload/nucleistudio/toolchain/gcc/bin/../lib/gcc/riscv-nuclei-elf/10.2.0/rv32imac/ilp32\libgcc.a(floatundisf.o) (__lshrdi3)
c:/microdownload/nucleistudio/toolchain/gcc/bin/../lib/gcc/riscv-nuclei-elf/10.2.0/rv32imac/ilp32\libgcc.a(_ashldi3.o)
                              c:/microdownload/nucleistudio/toolchain/gcc/bin/../lib/gcc/riscv-nuclei-elf/10.2.0/rv32imac/ilp32\libgcc.a(floatundisf.o) (__ashldi3)
c:/microdownload/nucleistudio/toolchain/gcc/bin/../lib/gcc/riscv-nuclei-elf/10.2.0/rv32imac/ilp32\libgcc.a(_clz.o)
                              c:/microdownload/nucleistudio/toolchain/gcc/bin/../lib/gcc/riscv-nuclei-elf/10.2.0/rv32imac/ilp32\libgcc.a(_divdi3.o) (__clz_tab)
c:/microdownload/nucleistudio/toolchain/gcc/bin/../lib/gcc/riscv-nuclei-elf/10.2.0/rv32imac/ilp32\libgcc.a(_clzsi2.o)
                              c:/microdownload/nucleistudio/toolchain/gcc/bin/../lib/gcc/riscv-nuclei-elf/10.2.0/rv32imac/ilp32\libgcc.a(addsf3.o) (__clzsi2)
c:/microdownload/nucleistudio/toolchain/gcc/bin/../lib/gcc/riscv-nuclei-elf/10.2.0/../../../../riscv-nuclei-elf/lib/rv32imac/ilp32\libg_nano.a(lib_a-atexit.o)
                              ./hbird_sdk/SoC/hbirdv2/Common/Source/GCC/startup_hbirdv2.o (atexit)
c:/microdownload/nucleistudio/toolchain/gcc/bin/../lib/gcc/riscv-nuclei-elf/10.2.0/../../../../riscv-nuclei-elf/lib/rv32imac/ilp32\libg_nano.a(lib_a-fini.o)
                              ./hbird_sdk/SoC/hbirdv2/Common/Source/GCC/startup_hbirdv2.o (__libc_fini_array)
c:/microdownload/nucleistudio/toolchain/gcc/bin/../lib/gcc/riscv-nuclei-elf/10.2.0/../../../../riscv-nuclei-elf/lib/rv32imac/ilp32\libg_nano.a(lib_a-init.o)
                              ./hbird_sdk/SoC/hbirdv2/Common/Source/GCC/startup_hbirdv2.o (__libc_init_array)
c:/microdownload/nucleistudio/toolchain/gcc/bin/../lib/gcc/riscv-nuclei-elf/10.2.0/../../../../riscv-nuclei-elf/lib/rv32imac/ilp32\libg_nano.a(lib_a-memset.o)
                              ./application/lcd.o (memset)
c:/microdownload/nucleistudio/toolchain/gcc/bin/../lib/gcc/riscv-nuclei-elf/10.2.0/../../../../riscv-nuclei-elf/lib/rv32imac/ilp32\libg_nano.a(lib_a-printf.o)
                              ./hbird_sdk/SoC/hbirdv2/Common/Source/system_hbirdv2.o (printf)
c:/microdownload/nucleistudio/toolchain/gcc/bin/../lib/gcc/riscv-nuclei-elf/10.2.0/../../../../riscv-nuclei-elf/lib/rv32imac/ilp32\libg_nano.a(lib_a-puts.o)
                              ./hbird_sdk/SoC/hbirdv2/Common/Source/system_hbirdv2.o (puts)
c:/microdownload/nucleistudio/toolchain/gcc/bin/../lib/gcc/riscv-nuclei-elf/10.2.0/../../../../riscv-nuclei-elf/lib/rv32imac/ilp32\libg_nano.a(lib_a-rand.o)
                              ./application/system.o (rand)
c:/microdownload/nucleistudio/toolchain/gcc/bin/../lib/gcc/riscv-nuclei-elf/10.2.0/../../../../riscv-nuclei-elf/lib/rv32imac/ilp32\libg_nano.a(lib_a-reent.o)
                              ./hbird_sdk/SoC/hbirdv2/Common/Source/Stubs/close.o (errno)
[...]
Memory Configuration

Name             Origin             Length             Attributes
ilm              0x0000000080000000 0x0000000000008000 axrl !w
ram              0x0000000090000000 0x0000000000008000 axw !rl
flash            0x0000000020400000 0x0000000000008000 axrl !w
*default*        0x0000000000000000 0xffffffffffffffff

Linker script and memory map

LOAD ./hbird_sdk/SoC/hbirdv2/Common/Source/Stubs/clock_getres.o
LOAD ./hbird_sdk/SoC/hbirdv2/Common/Source/Stubs/clock_gettime.o
LOAD ./hbird_sdk/SoC/hbirdv2/Common/Source/Stubs/clock_settime.o
LOAD ./hbird_sdk/SoC/hbirdv2/Common/Source/Stubs/close.o
LOAD ./hbird_sdk/SoC/hbirdv2/Common/Source/Stubs/execve.o
LOAD ./hbird_sdk/SoC/hbirdv2/Common/Source/Stubs/exit.o
LOAD ./hbird_sdk/SoC/hbirdv2/Common/Source/Stubs/fork.o
LOAD ./hbird_sdk/SoC/hbirdv2/Common/Source/Stubs/fstat.o
LOAD ./hbird_sdk/SoC/hbirdv2/Common/Source/Stubs/getpid.o
LOAD ./hbird_sdk/SoC/hbirdv2/Common/Source/Stubs/gettimeofday.o
LOAD ./hbird_sdk/SoC/hbirdv2/Common/Source/Stubs/isatty.o
LOAD ./hbird_sdk/SoC/hbirdv2/Common/Source/Stubs/kill.o
LOAD ./hbird_sdk/SoC/hbirdv2/Common/Source/Stubs/link.o
LOAD ./hbird_sdk/SoC/hbirdv2/Common/Source/Stubs/lseek.o
LOAD ./hbird_sdk/SoC/hbirdv2/Common/Source/Stubs/open.o
LOAD ./hbird_sdk/SoC/hbirdv2/Common/Source/Stubs/read.o
LOAD ./hbird_sdk/SoC/hbirdv2/Common/Source/Stubs/sbrk.o
LOAD ./hbird_sdk/SoC/hbirdv2/Common/Source/Stubs/stat.o
LOAD ./hbird_sdk/SoC/hbirdv2/Common/Source/Stubs/times.o
LOAD ./hbird_sdk/SoC/hbirdv2/Common/Source/Stubs/unlink.o
LOAD ./hbird_sdk/SoC/hbirdv2/Common/Source/Stubs/wait.o
LOAD ./hbird_sdk/SoC/hbirdv2/Common/Source/Stubs/write.o
LOAD ./hbird_sdk/SoC/hbirdv2/Common/Source/GCC/intexc_hbirdv2.o
LOAD ./hbird_sdk/SoC/hbirdv2/Common/Source/GCC/startup_hbirdv2.o
LOAD ./hbird_sdk/SoC/hbirdv2/Common/Source/Drivers/hbirdv2_gpio.o
LOAD ./hbird_sdk/SoC/hbirdv2/Common/Source/Drivers/hbirdv2_i2c.o
LOAD ./hbird_sdk/SoC/hbirdv2/Common/Source/Drivers/hbirdv2_pwm.o
LOAD ./hbird_sdk/SoC/hbirdv2/Common/Source/Drivers/hbirdv2_spi.o
LOAD ./hbird_sdk/SoC/hbirdv2/Common/Source/Drivers/hbirdv2_uart.o
LOAD ./hbird_sdk/SoC/hbirdv2/Common/Source/Drivers/htif.o
LOAD ./hbird_sdk/SoC/hbirdv2/Common/Source/hbirdv2_common.o
LOAD ./hbird_sdk/SoC/hbirdv2/Common/Source/system_hbirdv2.o
LOAD ./application/lcd.o
LOAD ./application/main.o
LOAD ./application/system.o
LOAD c:/microdownload/nucleistudio/toolchain/gcc/bin/../lib/gcc/riscv-nuclei-elf/10.2.0/../../../../riscv-nuclei-elf/lib/rv32imac/ilp32\libstdc++.a
LOAD c:/microdownload/nucleistudio/toolchain/gcc/bin/../lib/gcc/riscv-nuclei-elf/10.2.0/../../../../riscv-nuclei-elf/lib/rv32imac/ilp32\libstdc++.a
LOAD c:/microdownload/nucleistudio/toolchain/gcc/bin/../lib/gcc/riscv-nuclei-elf/10.2.0/../../../../riscv-nuclei-elf/lib/rv32imac/ilp32\libm_nano.a
LOAD c:/microdownload/nucleistudio/toolchain/gcc/bin/../lib/gcc/riscv-nuclei-elf/10.2.0/rv32imac/ilp32\libgcc.a
LOAD c:/microdownload/nucleistudio/toolchain/gcc/bin/../lib/gcc/riscv-nuclei-elf/10.2.0/../../../../riscv-nuclei-elf/lib/rv32imac/ilp32\libg_nano.a
LOAD c:/microdownload/nucleistudio/toolchain/gcc/bin/../lib/gcc/riscv-nuclei-elf/10.2.0/../../../../riscv-nuclei-elf/lib/rv32imac/ilp32\libc_nano.a
LOAD c:/microdownload/nucleistudio/toolchain/gcc/bin/../lib/gcc/riscv-nuclei-elf/10.2.0/rv32imac/ilp32\libgcc.a
START GROUP
LOAD c:/microdownload/nucleistudio/toolchain/gcc/bin/../lib/gcc/riscv-nuclei-elf/10.2.0/rv32imac/ilp32\libgcc.a
LOAD c:/microdownload/nucleistudio/toolchain/gcc/bin/../lib/gcc/riscv-nuclei-elf/10.2.0/../../../../riscv-nuclei-elf/lib/rv32imac/ilp32\libc_nano.a
LOAD c:/microdownload/nucleistudio/toolchain/gcc/bin/../lib/gcc/riscv-nuclei-elf/10.2.0/../../../../riscv-nuclei-elf/lib/rv32imac/ilp32\libnosys.a
END GROUP
START GROUP
LOAD c:/microdownload/nucleistudio/toolchain/gcc/bin/../lib/gcc/riscv-nuclei-elf/10.2.0/rv32imac/ilp32\libgcc.a
LOAD c:/microdownload/nucleistudio/toolchain/gcc/bin/../lib/gcc/riscv-nuclei-elf/10.2.0/../../../../riscv-nuclei-elf/lib/rv32imac/ilp32\libc_nano.a
LOAD c:/microdownload/nucleistudio/toolchain/gcc/bin/../lib/gcc/riscv-nuclei-elf/10.2.0/../../../../riscv-nuclei-elf/lib/rv32imac/ilp32\libnosys.a
END GROUP
                0x0000000000000800                __stack_size = DEFINED (__stack_size)?__stack_size:0x800

.init           0x0000000080000000       0xb4
 *(.vtable)
 *(SORT_NONE(.init))
 .init          0x0000000080000000       0xb4 ./hbird_sdk/SoC/hbirdv2/Common/Source/GCC/startup_hbirdv2.o
                0x0000000080000000                _start

.ilalign        0x00000000800000b4        0x0
                0x00000000800000b4                . = ALIGN (0x4)
                0x00000000800000b4                PROVIDE (_ilm_lma = .)

.ialign         0x00000000800000b4        0x0
                0x00000000800000b4                PROVIDE (_ilm = .)

.text           0x00000000800000b4     0x42c0
 *(.text.unlikely .text.unlikely.*)
 *(.text.startup .text.startup.*)
 .text.startup.main
                0x00000000800000b4       0x22 ./application/main.o
                0x00000000800000b4                main
 *(.text .text.*)
 .text._close   0x00000000800000d6        0xa ./hbird_sdk/SoC/hbirdv2/Common/Source/Stubs/close.o
                0x00000000800000d6                _close
 .text._exit    0x00000000800000e0        0x6 ./hbird_sdk/SoC/hbirdv2/Common/Source/Stubs/exit.o
                0x00000000800000e0                _exit
 .text._fstat   0x00000000800000e6       0x1a ./hbird_sdk/SoC/hbirdv2/Common/Source/Stubs/fstat.o
                0x00000000800000e6                _fstat
 .text._getpid  0x0000000080000100        0x4 ./hbird_sdk/SoC/hbirdv2/Common/Source/Stubs/getpid.o
                0x0000000080000100                _getpid
 .text._isatty  0x0000000080000104        0x4 ./hbird_sdk/SoC/hbirdv2/Common/Source/Stubs/isatty.o
                0x0000000080000104                _isatty
 .text._kill    0x0000000080000108        0xa ./hbird_sdk/SoC/hbirdv2/Common/Source/Stubs/kill.o
                0x0000000080000108                _kill
 .text._lseek   0x0000000080000112        0x4 ./hbird_sdk/SoC/hbirdv2/Common/Source/Stubs/lseek.o
                0x0000000080000112                _lseek
 .text._read    0x0000000080000116       0x22 ./hbird_sdk/SoC/hbirdv2/Common/Source/Stubs/read.o
                0x0000000080000116                _read
 .text._sbrk    0x0000000080000138       0x2c ./hbird_sdk/SoC/hbirdv2/Common/Source/Stubs/sbrk.o
                0x0000000080000138                _sbrk
 .text._write   0x0000000080000164       0x62 ./hbird_sdk/SoC/hbirdv2/Common/Source/Stubs/write.o
                0x0000000080000164                _write
 *fill*         0x00000000800001c6        0x2 
 .text.trap     0x00000000800001c8       0x78 ./hbird_sdk/SoC/hbirdv2/Common/Source/GCC/intexc_hbirdv2.o
                0x00000000800001c8                trap_entry
 .text.gpio_iof_config
                0x0000000080000240       0x12 ./hbird_sdk/SoC/hbirdv2/Common/Source/Drivers/hbirdv2_gpio.o
                0x0000000080000240                gpio_iof_config
 .text.gpio_enable_input
                0x0000000080000252       0x16 ./hbird_sdk/SoC/hbirdv2/Common/Source/Drivers/hbirdv2_gpio.o
                0x0000000080000252                gpio_enable_input
 .text.gpio_enable_interrupt
                0x0000000080000268       0x70 ./hbird_sdk/SoC/hbirdv2/Common/Source/Drivers/hbirdv2_gpio.o
                0x0000000080000268                gpio_enable_interrupt
 .text.gpio_clear_interrupt
                0x00000000800002d8        0xa ./hbird_sdk/SoC/hbirdv2/Common/Source/Drivers/hbirdv2_gpio.o
                0x00000000800002d8                gpio_clear_interrupt
 .text.uart_init
                0x00000000800002e2       0x3a ./hbird_sdk/SoC/hbirdv2/Common/Source/Drivers/hbirdv2_uart.o
                0x00000000800002e2                uart_init
 .text.uart_write
                0x000000008000031c       0x14 ./hbird_sdk/SoC/hbirdv2/Common/Source/Drivers/hbirdv2_uart.o
                0x000000008000031c                uart_write
 .text.uart_read
                0x0000000080000330       0x16 ./hbird_sdk/SoC/hbirdv2/Common/Source/Drivers/hbirdv2_uart.o
                0x0000000080000330                uart_read
 .text.measure_cpu_freq
                0x0000000080000346       0x6a ./hbird_sdk/SoC/hbirdv2/Common/Source/hbirdv2_common.o
                0x0000000080000346                measure_cpu_freq
 .text.get_cpu_freq
                0x00000000800003b0       0x12 ./hbird_sdk/SoC/hbirdv2/Common/Source/hbirdv2_common.o
                0x00000000800003b0                get_cpu_freq
 .text.system_default_exception_handler
                0x00000000800003c2       0x44 ./hbird_sdk/SoC/hbirdv2/Common/Source/system_hbirdv2.o
 .text.system_default_interrupt_handler
                0x0000000080000406       0x48 ./hbird_sdk/SoC/hbirdv2/Common/Source/system_hbirdv2.o
 .text.SystemInit
                0x000000008000044e        0xe ./hbird_sdk/SoC/hbirdv2/Common/Source/system_hbirdv2.o
                0x000000008000044e                SystemInit
 .text.core_trap_handler
                0x000000008000045c       0x90 ./hbird_sdk/SoC/hbirdv2/Common/Source/system_hbirdv2.o
                0x000000008000045c                core_trap_handler
 .text.PLIC_Register_IRQ
                0x00000000800004ec       0x46 ./hbird_sdk/SoC/hbirdv2/Common/Source/system_hbirdv2.o
                0x00000000800004ec                PLIC_Register_IRQ
 .text._premain_init
                0x0000000080000532       0xec ./hbird_sdk/SoC/hbirdv2/Common/Source/system_hbirdv2.o
                0x0000000080000532                _premain_init
 .text._postmain_fini
                0x000000008000061e        0x2 ./hbird_sdk/SoC/hbirdv2/Common/Source/system_hbirdv2.o
                0x000000008000061e                _postmain_fini
 .text._init    0x0000000080000620        0x2 ./hbird_sdk/SoC/hbirdv2/Common/Source/system_hbirdv2.o
                0x0000000080000620                _init
 .text._fini    0x0000000080000622        0x2 ./hbird_sdk/SoC/hbirdv2/Common/Source/system_hbirdv2.o
                0x0000000080000622                _fini
 .text.LCD_Clear
                0x0000000080000624       0x2c ./application/lcd.o
                0x0000000080000624                LCD_Clear
 .text.LCD_Fill
                0x0000000080000650      0x156 ./application/lcd.o
                0x0000000080000650                LCD_Fill
 .text.LCD_DrawRectangle
                0x00000000800007a6      0x21e ./application/lcd.o
                0x00000000800007a6                LCD_DrawRectangle
 .text.LCD_ShowChar
                0x00000000800009c4      0x2a4 ./application/lcd.o
                0x00000000800009c4                LCD_ShowChar
 .text.LCD_ShowNum
                0x0000000080000c68       0xc0 ./application/lcd.o
                0x0000000080000c68                LCD_ShowNum
 .text.LCD_ShowString
                0x0000000080000d28       0xa4 ./application/lcd.o
                0x0000000080000d28                LCD_ShowString
 .text.plic_btn_handler
                0x0000000080000dcc       0x8c ./application/main.o
                0x0000000080000dcc                plic_btn_handler
 .text.plic_init
                0x0000000080000e58       0x38 ./application/main.o
                0x0000000080000e58                plic_init
 .text.bird_move
                0x0000000080000e90      0x112 ./application/system.o
 .text.bird_crash
                0x0000000080000fa2       0xfc ./application/system.o
 .text.draw_pillar
                0x000000008000109e      0x28c ./application/system.o
 .text.pillar_move
                0x000000008000132a      0x28a ./application/system.o
 .text.bird_init
                0x00000000800015b4       0x78 ./application/system.o
                0x00000000800015b4                bird_init
 .text.pillar_init
                0x000000008000162c       0xda ./application/system.o
                0x000000008000162c                pillar_init
 .text.draw_bird
                0x0000000080001706      0x1e4 ./application/system.o
                0x0000000080001706                draw_bird
 .text.draw_brick
                0x00000000800018ea       0x6a ./application/system.o
                0x00000000800018ea                draw_brick
 .text.game_flappy_bird_init
                0x0000000080001954       0x92 ./application/system.o
                0x0000000080001954                game_flappy_bird_init
 .text.game_flappy_bird_run_key
                0x00000000800019e6       0x4e ./application/system.o
                0x00000000800019e6                game_flappy_bird_run_key
 .text.game_flappy_bird_start_key
                0x0000000080001a34      0x16e ./application/system.o
                0x0000000080001a34                game_flappy_bird_start_key
 .text.game_flappy_bird_break_key
                0x0000000080001ba2       0xee ./application/system.o
                0x0000000080001ba2                game_flappy_bird_break_key
 .text.game_flappy_bird_draw
                0x0000000080001c90      0x132 ./application/system.o
                0x0000000080001c90                game_flappy_bird_draw
 .text.game_flappy_bird_main
                0x0000000080001dc2      0x254 ./application/system.o
                0x0000000080001dc2                game_flappy_bird_main
 .text.__udivdi3
                0x0000000080002016      0x360 c:/microdownload/nucleistudio/toolchain/gcc/bin/../lib/gcc/riscv-nuclei-elf/10.2.0/rv32imac/ilp32\libgcc.a(_udivdi3.o)
                0x0000000080002016                __udivdi3
 .text.__addsf3
                0x0000000080002376      0x326 c:/microdownload/nucleistudio/toolchain/gcc/bin/../lib/gcc/riscv-nuclei-elf/10.2.0/rv32imac/ilp32\libgcc.a(addsf3.o)
                0x0000000080002376                __addsf3
 .text.__mulsf3
                0x000000008000269c      0x220 c:/microdownload/nucleistudio/toolchain/gcc/bin/../lib/gcc/riscv-nuclei-elf/10.2.0/rv32imac/ilp32\libgcc.a(mulsf3.o)
                0x000000008000269c                __mulsf3
 .text.__subsf3
                0x00000000800028bc      0x332 c:/microdownload/nucleistudio/toolchain/gcc/bin/../lib/gcc/riscv-nuclei-elf/10.2.0/rv32imac/ilp32\libgcc.a(subsf3.o)
                0x00000000800028bc                __subsf3
 .text.__fixsfsi
                0x0000000080002bee       0x60 c:/microdownload/nucleistudio/toolchain/gcc/bin/../lib/gcc/riscv-nuclei-elf/10.2.0/rv32imac/ilp32\libgcc.a(fixsfsi.o)
                0x0000000080002bee                __fixsfsi
 .text.__floatsisf
                0x0000000080002c4e       0xba c:/microdownload/nucleistudio/toolchain/gcc/bin/../lib/gcc/riscv-nuclei-elf/10.2.0/rv32imac/ilp32\libgcc.a(floatsisf.o)
                0x0000000080002c4e                __floatsisf
 .text.__floatundisf
                0x0000000080002d08       0xd6 c:/microdownload/nucleistudio/toolchain/gcc/bin/../lib/gcc/riscv-nuclei-elf/10.2.0/rv32imac/ilp32\libgcc.a(floatundisf.o)
                0x0000000080002d08                __floatundisf
 .text.__lshrdi3
                0x0000000080002dde       0x2a c:/microdownload/nucleistudio/toolchain/gcc/bin/../lib/gcc/riscv-nuclei-elf/10.2.0/rv32imac/ilp32\libgcc.a(_lshrdi3.o)
                0x0000000080002dde                __lshrdi3
 .text.__ashldi3
                0x0000000080002e08       0x2a c:/microdownload/nucleistudio/toolchain/gcc/bin/../lib/gcc/riscv-nuclei-elf/10.2.0/rv32imac/ilp32\libgcc.a(_ashldi3.o)
                0x0000000080002e08                __ashldi3
 .text.__clzsi2
                0x0000000080002e32       0x3c c:/microdownload/nucleistudio/toolchain/gcc/bin/../lib/gcc/riscv-nuclei-elf/10.2.0/rv32imac/ilp32\libgcc.a(_clzsi2.o)
                0x0000000080002e32                __clzsi2
 .text.atexit   0x0000000080002e6e        0xa c:/microdownload/nucleistudio/toolchain/gcc/bin/../lib/gcc/riscv-nuclei-elf/10.2.0/../../../../riscv-nuclei-elf/lib/rv32imac/ilp32\libg_nano.a(lib_a-atexit.o)
                0x0000000080002e6e                atexit
 .text.__libc_fini_array
                0x0000000080002e78       0x36 c:/microdownload/nucleistudio/toolchain/gcc/bin/../lib/gcc/riscv-nuclei-elf/10.2.0/../../../../riscv-nuclei-elf/lib/rv32imac/ilp32\libg_nano.a(lib_a-fini.o)
                0x0000000080002e78                __libc_fini_array
 .text.__libc_init_array
                0x0000000080002eae       0x5e c:/microdownload/nucleistudio/toolchain/gcc/bin/../lib/gcc/riscv-nuclei-elf/10.2.0/../../../../riscv-nuclei-elf/lib/rv32imac/ilp32\libg_nano.a(lib_a-init.o)
                0x0000000080002eae                __libc_init_array
 .text          0x0000000080002f0c       0xa8 c:/microdownload/nucleistudio/toolchain/gcc/bin/../lib/gcc/riscv-nuclei-elf/10.2.0/../../../../riscv-nuclei-elf/lib/rv32imac/ilp32\libg_nano.a(lib_a-memset.o)
                0x0000000080002f0c                memset
 .text.printf   0x0000000080002fb4       0x3a c:/microdownload/nucleistudio/toolchain/gcc/bin/../lib/gcc/riscv-nuclei-elf/10.2.0/../../../../riscv-nuclei-elf/lib/rv32imac/ilp32\libg_nano.a(lib_a-printf.o)
                0x0000000080002fb4                iprintf
                0x0000000080002fb4                printf
 .text._puts_r  0x0000000080002fee       0xda c:/microdownload/nucleistudio/toolchain/gcc/bin/../lib/gcc/riscv-nuclei-elf/10.2.0/../../../../riscv-nuclei-elf/lib/rv32imac/ilp32\libg_nano.a(lib_a-puts.o)
                0x0000000080002fee                _puts_r
 .text.puts     0x00000000800030c8        0x8 c:/microdownload/nucleistudio/toolchain/gcc/bin/../lib/gcc/riscv-nuclei-elf/10.2.0/../../../../riscv-nuclei-elf/lib/rv32imac/ilp32\libg_nano.a(lib_a-puts.o)
                0x00000000800030c8                puts
 .text.rand     0x00000000800030d0       0xa0 c:/microdownload/nucleistudio/toolchain/gcc/bin/../lib/gcc/riscv-nuclei-elf/10.2.0/../../../../riscv-nuclei-elf/lib/rv32imac/ilp32\libg_nano.a(lib_a-rand.o)
                0x00000000800030d0                rand
 .text.isatty   0x0000000080003170        0x4 c:/microdownload/nucleistudio/toolchain/gcc/bin/../lib/gcc/riscv-nuclei-elf/10.2.0/../../../../riscv-nuclei-elf/lib/rv32imac/ilp32\libg_nano.a(lib_a-sysisatty.o)
                0x0000000080003170                isatty
 .text.__swbuf_r
                0x0000000080003174       0xc0 c:/microdownload/nucleistudio/toolchain/gcc/bin/../lib/gcc/riscv-nuclei-elf/10.2.0/../../../../riscv-nuclei-elf/lib/rv32imac/ilp32\libg_nano.a(lib_a-wbuf.o)
                0x0000000080003174                __swbuf_r
 .text.__swsetup_r
                0x0000000080003234      0x106 c:/microdownload/nucleistudio/toolchain/gcc/bin/../lib/gcc/riscv-nuclei-elf/10.2.0/../../../../riscv-nuclei-elf/lib/rv32imac/ilp32\libg_nano.a(lib_a-wsetup.o)
                0x0000000080003234                __swsetup_r
 .text.__register_exitproc
                0x000000008000333a       0x74 c:/microdownload/nucleistudio/toolchain/gcc/bin/../lib/gcc/riscv-nuclei-elf/10.2.0/../../../../riscv-nuclei-elf/lib/rv32imac/ilp32\libg_nano.a(lib_a-__atexit.o)
                0x000000008000333a                __register_exitproc
 .text.__assert_func
                0x00000000800033ae       0x38 c:/microdownload/nucleistudio/toolchain/gcc/bin/../lib/gcc/riscv-nuclei-elf/10.2.0/../../../../riscv-nuclei-elf/lib/rv32imac/ilp32\libg_nano.a(lib_a-assert.o)
                0x00000000800033ae                __assert_func
 .text.__sflush_r
                0x00000000800033e6      0x146 c:/microdownload/nucleistudio/toolchain/gcc/bin/../lib/gcc/riscv-nuclei-elf/10.2.0/../../../../riscv-nuclei-elf/lib/rv32imac/ilp32\libg_nano.a(lib_a-fflush.o)
                0x00000000800033e6                __sflush_r
 .text._fflush_r
                0x000000008000352c       0x64 c:/microdownload/nucleistudio/toolchain/gcc/bin/../lib/gcc/riscv-nuclei-elf/10.2.0/../../../../riscv-nuclei-elf/lib/rv32imac/ilp32\libg_nano.a(lib_a-fflush.o)
                0x000000008000352c                _fflush_r
 .text.std      0x0000000080003590       0x6a c:/microdownload/nucleistudio/toolchain/gcc/bin/../lib/gcc/riscv-nuclei-elf/10.2.0/../../../../riscv-nuclei-elf/lib/rv32imac/ilp32\libg_nano.a(lib_a-findfp.o)
 .text._cleanup_r
                0x00000000800035fa        0xa c:/microdownload/nucleistudio/toolchain/gcc/bin/../lib/gcc/riscv-nuclei-elf/10.2.0/../../../../riscv-nuclei-elf/lib/rv32imac/ilp32\libg_nano.a(lib_a-findfp.o)
                0x00000000800035fa                _cleanup_r
 .text.__sfmoreglue
                0x0000000080003604       0x46 c:/microdownload/nucleistudio/toolchain/gcc/bin/../lib/gcc/riscv-nuclei-elf/10.2.0/../../../../riscv-nuclei-elf/lib/rv32imac/ilp32\libg_nano.a(lib_a-findfp.o)
                0x0000000080003604                __sfmoreglue
 .text.__sinit  0x000000008000364a       0x66 c:/microdownload/nucleistudio/toolchain/gcc/bin/../lib/gcc/riscv-nuclei-elf/10.2.0/../../../../riscv-nuclei-elf/lib/rv32imac/ilp32\libg_nano.a(lib_a-findfp.o)
                0x000000008000364a                __sinit
 .text.__sfp    0x00000000800036b0       0x9a c:/microdownload/nucleistudio/toolchain/gcc/bin/../lib/gcc/riscv-nuclei-elf/10.2.0/../../../../riscv-nuclei-elf/lib/rv32imac/ilp32\libg_nano.a(lib_a-findfp.o)
                0x00000000800036b0                __sfp
 .text.fprintf  0x000000008000374a       0x24 c:/microdownload/nucleistudio/toolchain/gcc/bin/../lib/gcc/riscv-nuclei-elf/10.2.0/../../../../riscv-nuclei-elf/lib/rv32imac/ilp32\libg_nano.a(lib_a-fprintf.o)
                0x000000008000374a                fiprintf
                0x000000008000374a                fprintf
 .text._fwalk_reent
                0x000000008000376e       0x6a c:/microdownload/nucleistudio/toolchain/gcc/bin/../lib/gcc/riscv-nuclei-elf/10.2.0/../../../../riscv-nuclei-elf/lib/rv32imac/ilp32\libg_nano.a(lib_a-fwalk.o)
                0x000000008000376e                _fwalk_reent
 .text.__swhatbuf_r
                0x00000000800037d8       0x5c c:/microdownload/nucleistudio/toolchain/gcc/bin/../lib/gcc/riscv-nuclei-elf/10.2.0/../../../../riscv-nuclei-elf/lib/rv32imac/ilp32\libg_nano.a(lib_a-makebuf.o)
                0x00000000800037d8                __swhatbuf_r
 .text.__smakebuf_r
                0x0000000080003834       0x9e c:/microdownload/nucleistudio/toolchain/gcc/bin/../lib/gcc/riscv-nuclei-elf/10.2.0/../../../../riscv-nuclei-elf/lib/rv32imac/ilp32\libg_nano.a(lib_a-makebuf.o)
                0x0000000080003834                __smakebuf_r
 .text.malloc   0x00000000800038d2        0x8 c:/microdownload/nucleistudio/toolchain/gcc/bin/../lib/gcc/riscv-nuclei-elf/10.2.0/../../../../riscv-nuclei-elf/lib/rv32imac/ilp32\libg_nano.a(lib_a-malloc.o)
                0x00000000800038d2                malloc
 .text._free_r  0x00000000800038da       0xa2 c:/microdownload/nucleistudio/toolchain/gcc/bin/../lib/gcc/riscv-nuclei-elf/10.2.0/../../../../riscv-nuclei-elf/lib/rv32imac/ilp32\libg_nano.a(lib_a-nano-freer.o)
                0x00000000800038da                _free_r
 .text._malloc_r
                0x000000008000397c       0xd6 c:/microdownload/nucleistudio/toolchain/gcc/bin/../lib/gcc/riscv-nuclei-elf/10.2.0/../../../../riscv-nuclei-elf/lib/rv32imac/ilp32\libg_nano.a(lib_a-nano-mallocr.o)
                0x000000008000397c                _malloc_r
 .text.__sfputc_r
                0x0000000080003a52       0x2a c:/microdownload/nucleistudio/toolchain/gcc/bin/../lib/gcc/riscv-nuclei-elf/10.2.0/../../../../riscv-nuclei-elf/lib/rv32imac/ilp32\libg_nano.a(lib_a-nano-vfprintf.o)
 .text.__sfputs_r
                0x0000000080003a7c       0x42 c:/microdownload/nucleistudio/toolchain/gcc/bin/../lib/gcc/riscv-nuclei-elf/10.2.0/../../../../riscv-nuclei-elf/lib/rv32imac/ilp32\libg_nano.a(lib_a-nano-vfprintf.o)
                0x0000000080003a7c                __sfputs_r
 .text._vfprintf_r
                0x0000000080003abe      0x296 c:/microdownload/nucleistudio/toolchain/gcc/bin/../lib/gcc/riscv-nuclei-elf/10.2.0/../../../../riscv-nuclei-elf/lib/rv32imac/ilp32\libg_nano.a(lib_a-nano-vfprintf.o)
                0x0000000080003abe                _vfprintf_r
                0x0000000080003abe                _vfiprintf_r
 .text._printf_common
                0x0000000080003d54      0x10c c:/microdownload/nucleistudio/toolchain/gcc/bin/../lib/gcc/riscv-nuclei-elf/10.2.0/../../../../riscv-nuclei-elf/lib/rv32imac/ilp32\libg_nano.a(lib_a-nano-vfprintf_i.o)
                0x0000000080003d54                _printf_common
 .text._printf_i
                0x0000000080003e60      0x270 c:/microdownload/nucleistudio/toolchain/gcc/bin/../lib/gcc/riscv-nuclei-elf/10.2.0/../../../../riscv-nuclei-elf/lib/rv32imac/ilp32\libg_nano.a(lib_a-nano-vfprintf_i.o)
                0x0000000080003e60                _printf_i
 .text._sbrk_r  0x00000000800040d0       0x28 c:/microdownload/nucleistudio/toolchain/gcc/bin/../lib/gcc/riscv-nuclei-elf/10.2.0/../../../../riscv-nuclei-elf/lib/rv32imac/ilp32\libg_nano.a(lib_a-sbrkr.o)
                0x00000000800040d0                _sbrk_r
 .text.__sread  0x00000000800040f8       0x30 c:/microdownload/nucleistudio/toolchain/gcc/bin/../lib/gcc/riscv-nuclei-elf/10.2.0/../../../../riscv-nuclei-elf/lib/rv32imac/ilp32\libg_nano.a(lib_a-stdio.o)
                0x00000000800040f8                __sread
 .text.__swrite
                0x0000000080004128       0x4e c:/microdownload/nucleistudio/toolchain/gcc/bin/../lib/gcc/riscv-nuclei-elf/10.2.0/../../../../riscv-nuclei-elf/lib/rv32imac/ilp32\libg_nano.a(lib_a-stdio.o)
                0x0000000080004128                __swrite
 .text.__sseek  0x0000000080004176       0x36 c:/microdownload/nucleistudio/toolchain/gcc/bin/../lib/gcc/riscv-nuclei-elf/10.2.0/../../../../riscv-nuclei-elf/lib/rv32imac/ilp32\libg_nano.a(lib_a-stdio.o)
                0x0000000080004176                __sseek
 .text.__sclose
                0x00000000800041ac        0x6 c:/microdownload/nucleistudio/toolchain/gcc/bin/../lib/gcc/riscv-nuclei-elf/10.2.0/../../../../riscv-nuclei-elf/lib/rv32imac/ilp32\libg_nano.a(lib_a-stdio.o)
                0x00000000800041ac                __sclose
 .text._write_r
                0x00000000800041b2       0x2c c:/microdownload/nucleistudio/toolchain/gcc/bin/../lib/gcc/riscv-nuclei-elf/10.2.0/../../../../riscv-nuclei-elf/lib/rv32imac/ilp32\libg_nano.a(lib_a-writer.o)
                0x00000000800041b2                _write_r
 .text.abort    0x00000000800041de        0xe c:/microdownload/nucleistudio/toolchain/gcc/bin/../lib/gcc/riscv-nuclei-elf/10.2.0/../../../../riscv-nuclei-elf/lib/rv32imac/ilp32\libg_nano.a(lib_a-abort.o)
                0x00000000800041de                abort
 .text._close_r
                0x00000000800041ec       0x28 c:/microdownload/nucleistudio/toolchain/gcc/bin/../lib/gcc/riscv-nuclei-elf/10.2.0/../../../../riscv-nuclei-elf/lib/rv32imac/ilp32\libg_nano.a(lib_a-closer.o)
                0x00000000800041ec                _close_r
 .text._fstat_r
                0x0000000080004214       0x2a c:/microdownload/nucleistudio/toolchain/gcc/bin/../lib/gcc/riscv-nuclei-elf/10.2.0/../../../../riscv-nuclei-elf/lib/rv32imac/ilp32\libg_nano.a(lib_a-fstatr.o)
                0x0000000080004214                _fstat_r
 .text._isatty_r
                0x000000008000423e       0x28 c:/microdownload/nucleistudio/toolchain/gcc/bin/../lib/gcc/riscv-nuclei-elf/10.2.0/../../../../riscv-nuclei-elf/lib/rv32imac/ilp32\libg_nano.a(lib_a-isattyr.o)
                0x000000008000423e                _isatty_r
 .text._lseek_r
                0x0000000080004266       0x2c c:/microdownload/nucleistudio/toolchain/gcc/bin/../lib/gcc/riscv-nuclei-elf/10.2.0/../../../../riscv-nuclei-elf/lib/rv32imac/ilp32\libg_nano.a(lib_a-lseekr.o)
                0x0000000080004266                _lseek_r
 .text.memchr   0x0000000080004292       0x1a c:/microdownload/nucleistudio/toolchain/gcc/bin/../lib/gcc/riscv-nuclei-elf/10.2.0/../../../../riscv-nuclei-elf/lib/rv32imac/ilp32\libg_nano.a(lib_a-memchr.o)
                0x0000000080004292                memchr
 .text.__malloc_lock
                0x00000000800042ac        0x2 c:/microdownload/nucleistudio/toolchain/gcc/bin/../lib/gcc/riscv-nuclei-elf/10.2.0/../../../../riscv-nuclei-elf/lib/rv32imac/ilp32\libg_nano.a(lib_a-mlock.o)
                0x00000000800042ac                __malloc_lock
 .text.__malloc_unlock
                0x00000000800042ae        0x2 c:/microdownload/nucleistudio/toolchain/gcc/bin/../lib/gcc/riscv-nuclei-elf/10.2.0/../../../../riscv-nuclei-elf/lib/rv32imac/ilp32\libg_nano.a(lib_a-mlock.o)
                0x00000000800042ae                __malloc_unlock
 .text._read_r  0x00000000800042b0       0x2c c:/microdownload/nucleistudio/toolchain/gcc/bin/../lib/gcc/riscv-nuclei-elf/10.2.0/../../../../riscv-nuclei-elf/lib/rv32imac/ilp32\libg_nano.a(lib_a-readr.o)
                0x00000000800042b0                _read_r
 .text._raise_r
                0x00000000800042dc       0x62 c:/microdownload/nucleistudio/toolchain/gcc/bin/../lib/gcc/riscv-nuclei-elf/10.2.0/../../../../riscv-nuclei-elf/lib/rv32imac/ilp32\libg_nano.a(lib_a-signal.o)
                0x00000000800042dc                _raise_r
 .text.raise    0x000000008000433e        0x8 c:/microdownload/nucleistudio/toolchain/gcc/bin/../lib/gcc/riscv-nuclei-elf/10.2.0/../../../../riscv-nuclei-elf/lib/rv32imac/ilp32\libg_nano.a(lib_a-signal.o)
                0x000000008000433e                raise
 .text._kill_r  0x0000000080004346       0x2a c:/microdownload/nucleistudio/toolchain/gcc/bin/../lib/gcc/riscv-nuclei-elf/10.2.0/../../../../riscv-nuclei-elf/lib/rv32imac/ilp32\libg_nano.a(lib_a-signalr.o)
                0x0000000080004346                _kill_r
 .text._getpid_r
                0x0000000080004370        0x4 c:/microdownload/nucleistudio/toolchain/gcc/bin/../lib/gcc/riscv-nuclei-elf/10.2.0/../../../../riscv-nuclei-elf/lib/rv32imac/ilp32\libg_nano.a(lib_a-signalr.o)
                0x0000000080004370                _getpid_r
 *(.gnu.linkonce.t.*)

.rodata         0x0000000080004374     0x1fdc
                0x0000000080004374                . = ALIGN (0x4)
 *(.rdata)
 *(.rodata .rodata.*)
 .rodata.system_default_exception_handler.str1.4
                0x0000000080004374       0x44 ./hbird_sdk/SoC/hbirdv2/Common/Source/system_hbirdv2.o
 .rodata.system_default_interrupt_handler.str1.4
                0x00000000800043b8       0x13 ./hbird_sdk/SoC/hbirdv2/Common/Source/system_hbirdv2.o
 *fill*         0x00000000800043cb        0x1 
 .rodata.SystemBannerPrint.str1.4
                0x00000000800043cc       0x6f ./hbird_sdk/SoC/hbirdv2/Common/Source/system_hbirdv2.o
 *fill*         0x000000008000443b        0x1 
 .rodata.asc2_1206
                0x000000008000443c      0x474 ./application/lcd.o
                0x000000008000443c                asc2_1206
 .rodata.asc2_1608
                0x00000000800048b0      0x5f0 ./application/lcd.o
                0x00000000800048b0                asc2_1608
 .rodata.asc2_2412
                0x0000000080004ea0      0xd5c ./application/lcd.o
                0x0000000080004ea0                asc2_2412
 .rodata.game_flappy_bird_init.str1.4
                0x0000000080005bfc        0xd ./application/system.o
 *fill*         0x0000000080005c09        0x3 
 .rodata.game_flappy_bird_break_key.str1.4
                0x0000000080005c0c       0x25 ./application/system.o
 *fill*         0x0000000080005c31        0x3 
 .rodata.game_flappy_bird_draw.str1.4
                0x0000000080005c34       0x1f ./application/system.o
 *fill*         0x0000000080005c53        0x1 
 .rodata        0x0000000080005c54       0x24 ./application/system.o
 .rodata.bird_ico1
                0x0000000080005c78       0xcc ./application/system.o
                0x0000000080005c78                bird_ico1
 .rodata.bird_ico2
                0x0000000080005d44      0x198 ./application/system.o
 .rodata.bird_ico3
                0x0000000080005edc      0x198 ./application/system.o
 .rodata.__mulsf3
                0x0000000080006074       0x3c c:/microdownload/nucleistudio/toolchain/gcc/bin/../lib/gcc/riscv-nuclei-elf/10.2.0/rv32imac/ilp32\libgcc.a(mulsf3.o)
 .rodata.__clz_tab
                0x00000000800060b0      0x100 c:/microdownload/nucleistudio/toolchain/gcc/bin/../lib/gcc/riscv-nuclei-elf/10.2.0/rv32imac/ilp32\libgcc.a(_clz.o)
                0x00000000800060b0                __clz_tab
 .rodata.srand.str1.4
                0x00000000800061b0       0x6a c:/microdownload/nucleistudio/toolchain/gcc/bin/../lib/gcc/riscv-nuclei-elf/10.2.0/../../../../riscv-nuclei-elf/lib/rv32imac/ilp32\libg_nano.a(lib_a-rand.o)
 *fill*         0x000000008000621a        0x2 
 .rodata.__assert_func.str1.4
                0x000000008000621c       0x3f c:/microdownload/nucleistudio/toolchain/gcc/bin/../lib/gcc/riscv-nuclei-elf/10.2.0/../../../../riscv-nuclei-elf/lib/rv32imac/ilp32\libg_nano.a(lib_a-assert.o)
                                         0x43 (size before relaxing)
 *fill*         0x000000008000625b        0x1 
 .rodata.__sf_fake_stderr
                0x000000008000625c       0x20 c:/microdownload/nucleistudio/toolchain/gcc/bin/../lib/gcc/riscv-nuclei-elf/10.2.0/../../../../riscv-nuclei-elf/lib/rv32imac/ilp32\libg_nano.a(lib_a-findfp.o)
                0x000000008000625c                __sf_fake_stderr
 .rodata.__sf_fake_stdin
                0x000000008000627c       0x20 c:/microdownload/nucleistudio/toolchain/gcc/bin/../lib/gcc/riscv-nuclei-elf/10.2.0/../../../../riscv-nuclei-elf/lib/rv32imac/ilp32\libg_nano.a(lib_a-findfp.o)
                0x000000008000627c                __sf_fake_stdin
 .rodata.__sf_fake_stdout
                0x000000008000629c       0x20 c:/microdownload/nucleistudio/toolchain/gcc/bin/../lib/gcc/riscv-nuclei-elf/10.2.0/../../../../riscv-nuclei-elf/lib/rv32imac/ilp32\libg_nano.a(lib_a-findfp.o)
                0x000000008000629c                __sf_fake_stdout
 .rodata._vfprintf_r.str1.4
                0x00000000800062bc       0x13 c:/microdownload/nucleistudio/toolchain/gcc/bin/../lib/gcc/riscv-nuclei-elf/10.2.0/../../../../riscv-nuclei-elf/lib/rv32imac/ilp32\libg_nano.a(lib_a-nano-vfprintf.o)
 *fill*         0x00000000800062cf        0x1 
 .rodata._printf_i.str1.4
                0x00000000800062d0       0x25 c:/microdownload/nucleistudio/toolchain/gcc/bin/../lib/gcc/riscv-nuclei-elf/10.2.0/../../../../riscv-nuclei-elf/lib/rv32imac/ilp32\libg_nano.a(lib_a-nano-vfprintf_i.o)
 *fill*         0x00000000800062f5        0x3 
 .rodata._printf_i
                0x00000000800062f8       0x58 c:/microdownload/nucleistudio/toolchain/gcc/bin/../lib/gcc/riscv-nuclei-elf/10.2.0/../../../../riscv-nuclei-elf/lib/rv32imac/ilp32\libg_nano.a(lib_a-nano-vfprintf_i.o)
                0x0000000080006350                . = ALIGN (0x4)
                0x0000000080006350                __rt_init_start = .
 *(SORT_BY_NAME(.rti_fn*))
                0x0000000080006350                __rt_init_end = .
                0x0000000080006350                . = ALIGN (0x4)
                0x0000000080006350                __fsymtab_start = .
 *(FSymTab)
                0x0000000080006350                __fsymtab_end = .
                0x0000000080006350                . = ALIGN (0x4)
                0x0000000080006350                __vsymtab_start = .
 *(VSymTab)
                0x0000000080006350                __vsymtab_end = .
 *(.gnu.linkonce.r.*)

.rela.dyn       0x0000000080006350        0x0
 .rela.text._sbrk
                0x0000000080006350        0x0 ./hbird_sdk/SoC/hbirdv2/Common/Source/Stubs/close.o
 .rela.sdata.curbrk.0
                0x0000000080006350        0x0 ./hbird_sdk/SoC/hbirdv2/Common/Source/Stubs/close.o
 .rela.init     0x0000000080006350        0x0 ./hbird_sdk/SoC/hbirdv2/Common/Source/Stubs/close.o
 .rela.text.__libc_fini_array
                0x0000000080006350        0x0 ./hbird_sdk/SoC/hbirdv2/Common/Source/Stubs/close.o
 .rela.text.__libc_init_array
                0x0000000080006350        0x0 ./hbird_sdk/SoC/hbirdv2/Common/Source/Stubs/close.o
 .rela.text.__register_exitproc
                0x0000000080006350        0x0 ./hbird_sdk/SoC/hbirdv2/Common/Source/Stubs/close.o
 .rela.text._vfprintf_r
                0x0000000080006350        0x0 ./hbird_sdk/SoC/hbirdv2/Common/Source/Stubs/close.o

.fini
 *(SORT_NONE(.fini))
                0x0000000080006350                . = ALIGN (0x4)
                [!provide]                        PROVIDE (__etext = .)
                [!provide]                        PROVIDE (_etext = .)
                [!provide]                        PROVIDE (etext = .)
                0x0000000080006350                PROVIDE (_eilm = .)

.preinit_array  0x0000000080006350        0x0
                0x0000000080006350                PROVIDE (__preinit_array_start = .)
 *(.preinit_array)
                0x0000000080006350                PROVIDE (__preinit_array_end = .)

.init_array     0x0000000080006350        0x0
                0x0000000080006350                PROVIDE (__init_array_start = .)
 *(SORT_BY_INIT_PRIORITY(.init_array.*) SORT_BY_INIT_PRIORITY(.ctors.*))
 *(.init_array EXCLUDE_FILE(*crtend?.o *crtend.o *crtbegin?.o *crtbegin.o) .ctors)
                0x0000000080006350                PROVIDE (__init_array_end = .)

.fini_array     0x0000000080006350        0x0
                0x0000000080006350                PROVIDE (__fini_array_start = .)
 *(SORT_BY_INIT_PRIORITY(.fini_array.*) SORT_BY_INIT_PRIORITY(.dtors.*))
 *(.fini_array EXCLUDE_FILE(*crtend?.o *crtend.o *crtbegin?.o *crtbegin.o) .dtors)
                0x0000000080006350                PROVIDE (__fini_array_end = .)

.ctors
 *crtbegin.o(.ctors)
 *crtbegin?.o(.ctors)
 *(EXCLUDE_FILE(*crtend?.o *crtend.o) .ctors)
 *(SORT_BY_NAME(.ctors.*))
 *(.ctors)

.dtors
 *crtbegin.o(.dtors)
 *crtbegin?.o(.dtors)
 *(EXCLUDE_FILE(*crtend?.o *crtend.o) .dtors)
 *(SORT_BY_NAME(.dtors.*))
 *(.dtors)

.lalign         0x0000000080006350        0x0
                0x0000000080006350                . = ALIGN (0x4)
                0x0000000080006350                PROVIDE (_data_lma = .)

.dalign         0x0000000090000000        0x0 load address 0x0000000080006350
                0x0000000090000000                . = ALIGN (0x4)
                0x0000000090000000                PROVIDE (_data = .)

.data           0x0000000090000000       0x88 load address 0x0000000080006350
 *(.data .data.*)
 .data.impure_data
                0x0000000090000000       0x60 c:/microdownload/nucleistudio/toolchain/gcc/bin/../lib/gcc/riscv-nuclei-elf/10.2.0/../../../../riscv-nuclei-elf/lib/rv32imac/ilp32\libg_nano.a(lib_a-impure.o)
 *(.gnu.linkonce.d.*)
                0x0000000090000060                . = ALIGN (0x8)
                0x0000000090000860                PROVIDE (__global_pointer$ = (. + 0x800))
 *(.sdata .sdata.* .sdata*)
 .sdata.curbrk.0
                0x0000000090000060        0x4 ./hbird_sdk/SoC/hbirdv2/Common/Source/Stubs/sbrk.o
 .sdata.SystemCoreClock
                0x0000000090000064        0x4 ./hbird_sdk/SoC/hbirdv2/Common/Source/system_hbirdv2.o
                0x0000000090000064                SystemCoreClock
 .sdata.BACK_COLOR
                0x0000000090000068        0x2 ./application/main.o
                0x0000000090000068                BACK_COLOR
 *fill*         0x000000009000006a        0x2 
 .sdata.LCD_P   0x000000009000006c        0x4 ./application/main.o
                0x000000009000006c                LCD_P
 .sdata._impure_ptr
                0x0000000090000070        0x4 c:/microdownload/nucleistudio/toolchain/gcc/bin/../lib/gcc/riscv-nuclei-elf/10.2.0/../../../../riscv-nuclei-elf/lib/rv32imac/ilp32\libg_nano.a(lib_a-impure.o)
                0x0000000090000070                _impure_ptr
 *(.gnu.linkonce.s.*)
                0x0000000090000078                . = ALIGN (0x8)
 *fill*         0x0000000090000074        0x4 
 *(.srodata.cst16)
 *(.srodata.cst8)
 *(.srodata.cst4)
 .srodata.cst4  0x0000000090000078        0xc ./application/system.o
 *(.srodata.cst2)
 *(.srodata .srodata.*)
 .srodata._global_impure_ptr
                0x0000000090000084        0x4 c:/microdownload/nucleistudio/toolchain/gcc/bin/../lib/gcc/riscv-nuclei-elf/10.2.0/../../../../riscv-nuclei-elf/lib/rv32imac/ilp32\libg_nano.a(lib_a-impure.o)
                0x0000000090000084                _global_impure_ptr
                0x0000000090000088                . = ALIGN (0x4)
                0x0000000090000088                PROVIDE (_edata = .)
                [!provide]                        PROVIDE (edata = .)
                [!provide]                        PROVIDE (_fbss = .)
                0x0000000090000088                PROVIDE (__bss_start = .)

.bss            0x0000000090000088      0x2dc load address 0x00000000800063d8
 *(.sbss*)
 .sbss.LCDinverse
                0x0000000090000088        0x1 ./application/main.o
                0x0000000090000088                LCDinverse
 *fill*         0x0000000090000089        0x1 
 .sbss.POINT_COLOR
                0x000000009000008a        0x2 ./application/main.o
                0x000000009000008a                POINT_COLOR
 .sbss.key_data
                0x000000009000008c        0x1 ./application/main.o
                0x000000009000008c                key_data
 .sbss.switchGameChart
                0x000000009000008d        0x1 ./application/main.o
                0x000000009000008d                switchGameChart
 *fill*         0x000000009000008e        0x2 
 .sbss.errno    0x0000000090000090        0x4 c:/microdownload/nucleistudio/toolchain/gcc/bin/../lib/gcc/riscv-nuclei-elf/10.2.0/../../../../riscv-nuclei-elf/lib/rv32imac/ilp32\libg_nano.a(lib_a-reent.o)
                0x0000000090000090                errno
 .sbss._global_atexit
                0x0000000090000094        0x4 c:/microdownload/nucleistudio/toolchain/gcc/bin/../lib/gcc/riscv-nuclei-elf/10.2.0/../../../../riscv-nuclei-elf/lib/rv32imac/ilp32\libg_nano.a(lib_a-__call_atexit.o)
                0x0000000090000094                _global_atexit
 .sbss.__malloc_free_list
                0x0000000090000098        0x4 c:/microdownload/nucleistudio/toolchain/gcc/bin/../lib/gcc/riscv-nuclei-elf/10.2.0/../../../../riscv-nuclei-elf/lib/rv32imac/ilp32\libg_nano.a(lib_a-nano-mallocr.o)
                0x0000000090000098                __malloc_free_list
 .sbss.__malloc_sbrk_start
                0x000000009000009c        0x4 c:/microdownload/nucleistudio/toolchain/gcc/bin/../lib/gcc/riscv-nuclei-elf/10.2.0/../../../../riscv-nuclei-elf/lib/rv32imac/ilp32\libg_nano.a(lib_a-nano-mallocr.o)
                0x000000009000009c                __malloc_sbrk_start
 *(.gnu.linkonce.sb.*)
 *(.bss .bss.*)
 .bss.SystemCoreInterruptHandlers
                0x00000000900000a0       0x28 ./hbird_sdk/SoC/hbirdv2/Common/Source/system_hbirdv2.o
 .bss.SystemExceptionHandlers
                0x00000000900000c8       0x2c ./hbird_sdk/SoC/hbirdv2/Common/Source/system_hbirdv2.o
 .bss.SystemExtInterruptHandlers
                0x00000000900000f4       0x44 ./hbird_sdk/SoC/hbirdv2/Common/Source/system_hbirdv2.o
 .bss._game_bird_conf
                0x0000000090000138       0x20 ./application/system.o
 .bss.bird      0x0000000090000158       0x48 ./application/system.o
 .bss.bird_last
                0x00000000900001a0       0x48 ./application/system.o
 .bss.pillar1   0x00000000900001e8       0x28 ./application/system.o
 .bss.pillar1_last
                0x0000000090000210       0x28 ./application/system.o
 .bss.pillar2   0x0000000090000238       0x28 ./application/system.o
 .bss.pillar2_last
                0x0000000090000260       0x28 ./application/system.o
 .bss.pillar3   0x0000000090000288       0x28 ./application/system.o
 .bss.pillar3_last
                0x00000000900002b0       0x28 ./application/system.o
 .bss._global_atexit0
                0x00000000900002d8       0x8c c:/microdownload/nucleistudio/toolchain/gcc/bin/../lib/gcc/riscv-nuclei-elf/10.2.0/../../../../riscv-nuclei-elf/lib/rv32imac/ilp32\libg_nano.a(lib_a-__atexit.o)
 *(.gnu.linkonce.b.*)
 *(COMMON)
                0x0000000090000364                . = ALIGN (0x4)
                0x0000000090000368                . = ALIGN (0x8)
                0x0000000090000368                PROVIDE (_end = .)
                [!provide]                        PROVIDE (end = .)

.stack          0x0000000090007800      0x800 load address 0x00000000800063d8
                0x0000000090007800                PROVIDE (_heap_end = .)
                0x0000000000000800                . = __stack_size
 *fill*         0x0000000090007800      0x800 
                0x0000000090008000                PROVIDE (_sp = .)
OUTPUT(fly_bird.elf elf32-littleriscv)

.debug_info     0x0000000000000000     0x6940
 .debug_info    0x0000000000000000       0xac ./hbird_sdk/SoC/hbirdv2/Common/Source/Stubs/close.o
 .debug_info    0x00000000000000ac       0xb1 ./hbird_sdk/SoC/hbirdv2/Common/Source/Stubs/exit.o
 .debug_info    0x000000000000015d      0x2c8 ./hbird_sdk/SoC/hbirdv2/Common/Source/Stubs/fstat.o
 .debug_info    0x0000000000000425       0x90 ./hbird_sdk/SoC/hbirdv2/Common/Source/Stubs/getpid.o
 .debug_info    0x00000000000004b5       0xa0 ./hbird_sdk/SoC/hbirdv2/Common/Source/Stubs/isatty.o
 .debug_info    0x0000000000000555       0xbb ./hbird_sdk/SoC/hbirdv2/Common/Source/Stubs/kill.o
 .debug_info    0x0000000000000610       0xbd ./hbird_sdk/SoC/hbirdv2/Common/Source/Stubs/lseek.o
 .debug_info    0x00000000000006cd      0x240 ./hbird_sdk/SoC/hbirdv2/Common/Source/Stubs/read.o
 .debug_info    0x000000000000090d       0xea ./hbird_sdk/SoC/hbirdv2/Common/Source/Stubs/sbrk.o
 .debug_info    0x00000000000009f7      0x2b2 ./hbird_sdk/SoC/hbirdv2/Common/Source/Stubs/write.o
 .debug_info    0x0000000000000ca9       0x26 ./hbird_sdk/SoC/hbirdv2/Common/Source/GCC/intexc_hbirdv2.o
 .debug_info    0x0000000000000ccf       0x26 ./hbird_sdk/SoC/hbirdv2/Common/Source/GCC/startup_hbirdv2.o
 .debug_info    0x0000000000000cf5      0x386 ./hbird_sdk/SoC/hbirdv2/Common/Source/Drivers/hbirdv2_gpio.o
 .debug_info    0x000000000000107b      0x539 ./hbird_sdk/SoC/hbirdv2/Common/Source/Drivers/hbirdv2_uart.o
 .debug_info    0x00000000000015b4      0x32c ./hbird_sdk/SoC/hbirdv2/Common/Source/hbirdv2_common.o
 .debug_info    0x00000000000018e0      0xf76 ./hbird_sdk/SoC/hbirdv2/Common/Source/system_hbirdv2.o
 .debug_info    0x0000000000002856      0xc00 ./application/lcd.o
 .debug_info    0x0000000000003456      0x527 ./application/main.o
 .debug_info    0x000000000000397d     0x11ed ./application/system.o
 .debug_info    0x0000000000004b6a      0x7c0 c:/microdownload/nucleistudio/toolchain/gcc/bin/../lib/gcc/riscv-nuclei-elf/10.2.0/rv32imac/ilp32\libgcc.a(_udivdi3.o)
 .debug_info    0x000000000000532a      0x33c c:/microdownload/nucleistudio/toolchain/gcc/bin/../lib/gcc/riscv-nuclei-elf/10.2.0/rv32imac/ilp32\libgcc.a(addsf3.o)
 .debug_info    0x0000000000005666      0x394 c:/microdownload/nucleistudio/toolchain/gcc/bin/../lib/gcc/riscv-nuclei-elf/10.2.0/rv32imac/ilp32\libgcc.a(mulsf3.o)
 .debug_info    0x00000000000059fa      0x33c c:/microdownload/nucleistudio/toolchain/gcc/bin/../lib/gcc/riscv-nuclei-elf/10.2.0/rv32imac/ilp32\libgcc.a(subsf3.o)
 .debug_info    0x0000000000005d36      0x1c7 c:/microdownload/nucleistudio/toolchain/gcc/bin/../lib/gcc/riscv-nuclei-elf/10.2.0/rv32imac/ilp32\libgcc.a(fixsfsi.o)
 .debug_info    0x0000000000005efd      0x23c c:/microdownload/nucleistudio/toolchain/gcc/bin/../lib/gcc/riscv-nuclei-elf/10.2.0/rv32imac/ilp32\libgcc.a(floatsisf.o)
 .debug_info    0x0000000000006139      0x25c c:/microdownload/nucleistudio/toolchain/gcc/bin/../lib/gcc/riscv-nuclei-elf/10.2.0/rv32imac/ilp32\libgcc.a(floatundisf.o)
 .debug_info    0x0000000000006395      0x1ba c:/microdownload/nucleistudio/toolchain/gcc/bin/../lib/gcc/riscv-nuclei-elf/10.2.0/rv32imac/ilp32\libgcc.a(_lshrdi3.o)
 .debug_info    0x000000000000654f      0x1ba c:/microdownload/nucleistudio/toolchain/gcc/bin/../lib/gcc/riscv-nuclei-elf/10.2.0/rv32imac/ilp32\libgcc.a(_ashldi3.o)
 .debug_info    0x0000000000006709       0xe5 c:/microdownload/nucleistudio/toolchain/gcc/bin/../lib/gcc/riscv-nuclei-elf/10.2.0/rv32imac/ilp32\libgcc.a(_clz.o)
 .debug_info    0x00000000000067ee      0x152 c:/microdownload/nucleistudio/toolchain/gcc/bin/../lib/gcc/riscv-nuclei-elf/10.2.0/rv32imac/ilp32\libgcc.a(_clzsi2.o)

.debug_abbrev   0x0000000000000000     0x250d
 .debug_abbrev  0x0000000000000000       0x6a ./hbird_sdk/SoC/hbirdv2/Common/Source/Stubs/close.o
 .debug_abbrev  0x000000000000006a       0x7c ./hbird_sdk/SoC/hbirdv2/Common/Source/Stubs/exit.o
 .debug_abbrev  0x00000000000000e6       0xc9 ./hbird_sdk/SoC/hbirdv2/Common/Source/Stubs/fstat.o
 .debug_abbrev  0x00000000000001af       0x46 ./hbird_sdk/SoC/hbirdv2/Common/Source/Stubs/getpid.o
 .debug_abbrev  0x00000000000001f5       0x57 ./hbird_sdk/SoC/hbirdv2/Common/Source/Stubs/isatty.o
 .debug_abbrev  0x000000000000024c       0x7b ./hbird_sdk/SoC/hbirdv2/Common/Source/Stubs/kill.o
 .debug_abbrev  0x00000000000002c7       0x68 ./hbird_sdk/SoC/hbirdv2/Common/Source/Stubs/lseek.o
 .debug_abbrev  0x000000000000032f      0x110 ./hbird_sdk/SoC/hbirdv2/Common/Source/Stubs/read.o
 .debug_abbrev  0x000000000000043f       0xa8 ./hbird_sdk/SoC/hbirdv2/Common/Source/Stubs/sbrk.o
 .debug_abbrev  0x00000000000004e7      0x13c ./hbird_sdk/SoC/hbirdv2/Common/Source/Stubs/write.o
 .debug_abbrev  0x0000000000000623       0x14 ./hbird_sdk/SoC/hbirdv2/Common/Source/GCC/intexc_hbirdv2.o
 .debug_abbrev  0x0000000000000637       0x14 ./hbird_sdk/SoC/hbirdv2/Common/Source/GCC/startup_hbirdv2.o
 .debug_abbrev  0x000000000000064b       0xf2 ./hbird_sdk/SoC/hbirdv2/Common/Source/Drivers/hbirdv2_gpio.o
 .debug_abbrev  0x000000000000073d      0x15f ./hbird_sdk/SoC/hbirdv2/Common/Source/Drivers/hbirdv2_uart.o
 .debug_abbrev  0x000000000000089c      0x1c0 ./hbird_sdk/SoC/hbirdv2/Common/Source/hbirdv2_common.o
 .debug_abbrev  0x0000000000000a5c      0x4a9 ./hbird_sdk/SoC/hbirdv2/Common/Source/system_hbirdv2.o
 .debug_abbrev  0x0000000000000f05      0x30e ./application/lcd.o
 .debug_abbrev  0x0000000000001213      0x20b ./application/main.o
 .debug_abbrev  0x000000000000141e      0x365 ./application/system.o
 .debug_abbrev  0x0000000000001783      0x19d c:/microdownload/nucleistudio/toolchain/gcc/bin/../lib/gcc/riscv-nuclei-elf/10.2.0/rv32imac/ilp32\libgcc.a(_udivdi3.o)
 .debug_abbrev  0x0000000000001920      0x161 c:/microdownload/nucleistudio/toolchain/gcc/bin/../lib/gcc/riscv-nuclei-elf/10.2.0/rv32imac/ilp32\libgcc.a(addsf3.o)
 .debug_abbrev  0x0000000000001a81      0x166 c:/microdownload/nucleistudio/toolchain/gcc/bin/../lib/gcc/riscv-nuclei-elf/10.2.0/rv32imac/ilp32\libgcc.a(mulsf3.o)
 .debug_abbrev  0x0000000000001be7      0x161 c:/microdownload/nucleistudio/toolchain/gcc/bin/../lib/gcc/riscv-nuclei-elf/10.2.0/rv32imac/ilp32\libgcc.a(subsf3.o)
 .debug_abbrev  0x0000000000001d48      0x15e c:/microdownload/nucleistudio/toolchain/gcc/bin/../lib/gcc/riscv-nuclei-elf/10.2.0/rv32imac/ilp32\libgcc.a(fixsfsi.o)
 .debug_abbrev  0x0000000000001ea6      0x184 c:/microdownload/nucleistudio/toolchain/gcc/bin/../lib/gcc/riscv-nuclei-elf/10.2.0/rv32imac/ilp32\libgcc.a(floatsisf.o)
 .debug_abbrev  0x000000000000202a      0x179 c:/microdownload/nucleistudio/toolchain/gcc/bin/../lib/gcc/riscv-nuclei-elf/10.2.0/rv32imac/ilp32\libgcc.a(floatundisf.o)
 .debug_abbrev  0x00000000000021a3      0x118 c:/microdownload/nucleistudio/toolchain/gcc/bin/../lib/gcc/riscv-nuclei-elf/10.2.0/rv32imac/ilp32\libgcc.a(_lshrdi3.o)
 .debug_abbrev  0x00000000000022bb      0x118 c:/microdownload/nucleistudio/toolchain/gcc/bin/../lib/gcc/riscv-nuclei-elf/10.2.0/rv32imac/ilp32\libgcc.a(_ashldi3.o)
 .debug_abbrev  0x00000000000023d3       0x70 c:/microdownload/nucleistudio/toolchain/gcc/bin/../lib/gcc/riscv-nuclei-elf/10.2.0/rv32imac/ilp32\libgcc.a(_clz.o)
 .debug_abbrev  0x0000000000002443       0xca c:/microdownload/nucleistudio/toolchain/gcc/bin/../lib/gcc/riscv-nuclei-elf/10.2.0/rv32imac/ilp32\libgcc.a(_clzsi2.o)

.debug_loc      0x0000000000000000     0x52df
 .debug_loc     0x0000000000000000       0x21 ./hbird_sdk/SoC/hbirdv2/Common/Source/Stubs/close.o
 .debug_loc     0x0000000000000021       0x2e ./hbird_sdk/SoC/hbirdv2/Common/Source/Stubs/fstat.o
 .debug_loc     0x000000000000004f       0x21 ./hbird_sdk/SoC/hbirdv2/Common/Source/Stubs/isatty.o
 .debug_loc     0x0000000000000070       0x21 ./hbird_sdk/SoC/hbirdv2/Common/Source/Stubs/kill.o
 .debug_loc     0x0000000000000091       0x21 ./hbird_sdk/SoC/hbirdv2/Common/Source/Stubs/lseek.o
 .debug_loc     0x00000000000000b2       0xa8 ./hbird_sdk/SoC/hbirdv2/Common/Source/Stubs/read.o
 .debug_loc     0x000000000000015a       0x21 ./hbird_sdk/SoC/hbirdv2/Common/Source/Stubs/sbrk.o
 .debug_loc     0x000000000000017b       0xe9 ./hbird_sdk/SoC/hbirdv2/Common/Source/Stubs/write.o
 .debug_loc     0x0000000000000264      0x42c ./hbird_sdk/SoC/hbirdv2/Common/Source/Drivers/hbirdv2_gpio.o
 .debug_loc     0x0000000000000690      0x45c ./hbird_sdk/SoC/hbirdv2/Common/Source/Drivers/hbirdv2_uart.o
 .debug_loc     0x0000000000000aec       0xa9 ./hbird_sdk/SoC/hbirdv2/Common/Source/hbirdv2_common.o
 .debug_loc     0x0000000000000b95      0x690 ./hbird_sdk/SoC/hbirdv2/Common/Source/system_hbirdv2.o
 .debug_loc     0x0000000000001225     0x108e ./application/lcd.o
 .debug_loc     0x00000000000022b3      0x321 ./application/system.o
 .debug_loc     0x00000000000025d4      0xbdd c:/microdownload/nucleistudio/toolchain/gcc/bin/../lib/gcc/riscv-nuclei-elf/10.2.0/rv32imac/ilp32\libgcc.a(_udivdi3.o)
 .debug_loc     0x00000000000031b1      0x909 c:/microdownload/nucleistudio/toolchain/gcc/bin/../lib/gcc/riscv-nuclei-elf/10.2.0/rv32imac/ilp32\libgcc.a(addsf3.o)
 .debug_loc     0x0000000000003aba      0x5e4 c:/microdownload/nucleistudio/toolchain/gcc/bin/../lib/gcc/riscv-nuclei-elf/10.2.0/rv32imac/ilp32\libgcc.a(mulsf3.o)
 .debug_loc     0x000000000000409e      0xc52 c:/microdownload/nucleistudio/toolchain/gcc/bin/../lib/gcc/riscv-nuclei-elf/10.2.0/rv32imac/ilp32\libgcc.a(subsf3.o)
 .debug_loc     0x0000000000004cf0      0x12f c:/microdownload/nucleistudio/toolchain/gcc/bin/../lib/gcc/riscv-nuclei-elf/10.2.0/rv32imac/ilp32\libgcc.a(fixsfsi.o)
 .debug_loc     0x0000000000004e1f      0x191 c:/microdownload/nucleistudio/toolchain/gcc/bin/../lib/gcc/riscv-nuclei-elf/10.2.0/rv32imac/ilp32\libgcc.a(floatsisf.o)
 .debug_loc     0x0000000000004fb0      0x1c8 c:/microdownload/nucleistudio/toolchain/gcc/bin/../lib/gcc/riscv-nuclei-elf/10.2.0/rv32imac/ilp32\libgcc.a(floatundisf.o)
 .debug_loc     0x0000000000005178       0x7e c:/microdownload/nucleistudio/toolchain/gcc/bin/../lib/gcc/riscv-nuclei-elf/10.2.0/rv32imac/ilp32\libgcc.a(_lshrdi3.o)
 .debug_loc     0x00000000000051f6       0x7e c:/microdownload/nucleistudio/toolchain/gcc/bin/../lib/gcc/riscv-nuclei-elf/10.2.0/rv32imac/ilp32\libgcc.a(_ashldi3.o)
 .debug_loc     0x0000000000005274       0x6b c:/microdownload/nucleistudio/toolchain/gcc/bin/../lib/gcc/riscv-nuclei-elf/10.2.0/rv32imac/ilp32\libgcc.a(_clzsi2.o)

.debug_aranges  0x0000000000000000      0x600
 .debug_aranges
                0x0000000000000000       0x20 ./hbird_sdk/SoC/hbirdv2/Common/Source/Stubs/close.o
 .debug_aranges
                0x0000000000000020       0x20 ./hbird_sdk/SoC/hbirdv2/Common/Source/Stubs/exit.o
 .debug_aranges
                0x0000000000000040       0x20 ./hbird_sdk/SoC/hbirdv2/Common/Source/Stubs/fstat.o
 .debug_aranges
                0x0000000000000060       0x20 ./hbird_sdk/SoC/hbirdv2/Common/Source/Stubs/getpid.o
 .debug_aranges
                0x0000000000000080       0x20 ./hbird_sdk/SoC/hbirdv2/Common/Source/Stubs/isatty.o
 .debug_aranges
                0x00000000000000a0       0x20 ./hbird_sdk/SoC/hbirdv2/Common/Source/Stubs/kill.o
 .debug_aranges
                0x00000000000000c0       0x20 ./hbird_sdk/SoC/hbirdv2/Common/Source/Stubs/lseek.o
 .debug_aranges
                0x00000000000000e0       0x20 ./hbird_sdk/SoC/hbirdv2/Common/Source/Stubs/read.o
 .debug_aranges
                0x0000000000000100       0x20 ./hbird_sdk/SoC/hbirdv2/Common/Source/Stubs/sbrk.o
 .debug_aranges
                0x0000000000000120       0x20 ./hbird_sdk/SoC/hbirdv2/Common/Source/Stubs/write.o
 .debug_aranges
                0x0000000000000140       0x20 ./hbird_sdk/SoC/hbirdv2/Common/Source/GCC/intexc_hbirdv2.o
 .debug_aranges
                0x0000000000000160       0x20 ./hbird_sdk/SoC/hbirdv2/Common/Source/GCC/startup_hbirdv2.o
 .debug_aranges
                0x0000000000000180       0x60 ./hbird_sdk/SoC/hbirdv2/Common/Source/Drivers/hbirdv2_gpio.o
 .debug_aranges
                0x00000000000001e0       0x98 ./hbird_sdk/SoC/hbirdv2/Common/Source/Drivers/hbirdv2_uart.o
 .debug_aranges
                0x0000000000000278       0x30 ./hbird_sdk/SoC/hbirdv2/Common/Source/hbirdv2_common.o
 .debug_aranges
                0x00000000000002a8       0x98 ./hbird_sdk/SoC/hbirdv2/Common/Source/system_hbirdv2.o
 .debug_aranges
                0x0000000000000340       0x90 ./application/lcd.o
 .debug_aranges
                0x00000000000003d0       0x38 ./application/main.o
 .debug_aranges
                0x0000000000000408       0xa0 ./application/system.o
 .debug_aranges
                0x00000000000004a8       0x20 c:/microdownload/nucleistudio/toolchain/gcc/bin/../lib/gcc/riscv-nuclei-elf/10.2.0/rv32imac/ilp32\libgcc.a(_udivdi3.o)
 .debug_aranges
                0x00000000000004c8       0x20 c:/microdownload/nucleistudio/toolchain/gcc/bin/../lib/gcc/riscv-nuclei-elf/10.2.0/rv32imac/ilp32\libgcc.a(addsf3.o)
 .debug_aranges
                0x00000000000004e8       0x20 c:/microdownload/nucleistudio/toolchain/gcc/bin/../lib/gcc/riscv-nuclei-elf/10.2.0/rv32imac/ilp32\libgcc.a(mulsf3.o)
 .debug_aranges
                0x0000000000000508       0x20 c:/microdownload/nucleistudio/toolchain/gcc/bin/../lib/gcc/riscv-nuclei-elf/10.2.0/rv32imac/ilp32\libgcc.a(subsf3.o)
 .debug_aranges
                0x0000000000000528       0x20 c:/microdownload/nucleistudio/toolchain/gcc/bin/../lib/gcc/riscv-nuclei-elf/10.2.0/rv32imac/ilp32\libgcc.a(fixsfsi.o)
 .debug_aranges
                0x0000000000000548       0x20 c:/microdownload/nucleistudio/toolchain/gcc/bin/../lib/gcc/riscv-nuclei-elf/10.2.0/rv32imac/ilp32\libgcc.a(floatsisf.o)
 .debug_aranges
                0x0000000000000568       0x20 c:/microdownload/nucleistudio/toolchain/gcc/bin/../lib/gcc/riscv-nuclei-elf/10.2.0/rv32imac/ilp32\libgcc.a(floatundisf.o)
 .debug_aranges
                0x0000000000000588       0x20 c:/microdownload/nucleistudio/toolchain/gcc/bin/../lib/gcc/riscv-nuclei-elf/10.2.0/rv32imac/ilp32\libgcc.a(_lshrdi3.o)
 .debug_aranges
                0x00000000000005a8       0x20 c:/microdownload/nucleistudio/toolchain/gcc/bin/../lib/gcc/riscv-nuclei-elf/10.2.0/rv32imac/ilp32\libgcc.a(_ashldi3.o)
 .debug_aranges
                0x00000000000005c8       0x18 c:/microdownload/nucleistudio/toolchain/gcc/bin/../lib/gcc/riscv-nuclei-elf/10.2.0/rv32imac/ilp32\libgcc.a(_clz.o)
 .debug_aranges
                0x00000000000005e0       0x20 c:/microdownload/nucleistudio/toolchain/gcc/bin/../lib/gcc/riscv-nuclei-elf/10.2.0/rv32imac/ilp32\libgcc.a(_clzsi2.o)

.debug_ranges   0x0000000000000000      0xe48
 .debug_ranges  0x0000000000000000       0x10 ./hbird_sdk/SoC/hbirdv2/Common/Source/Stubs/close.o
 .debug_ranges  0x0000000000000010       0x10 ./hbird_sdk/SoC/hbirdv2/Common/Source/Stubs/exit.o
 .debug_ranges  0x0000000000000020       0x10 ./hbird_sdk/SoC/hbirdv2/Common/Source/Stubs/fstat.o
 .debug_ranges  0x0000000000000030       0x10 ./hbird_sdk/SoC/hbirdv2/Common/Source/Stubs/getpid.o
 .debug_ranges  0x0000000000000040       0x10 ./hbird_sdk/SoC/hbirdv2/Common/Source/Stubs/isatty.o
 .debug_ranges  0x0000000000000050       0x10 ./hbird_sdk/SoC/hbirdv2/Common/Source/Stubs/kill.o
 .debug_ranges  0x0000000000000060       0x10 ./hbird_sdk/SoC/hbirdv2/Common/Source/Stubs/lseek.o
 .debug_ranges  0x0000000000000070       0x10 ./hbird_sdk/SoC/hbirdv2/Common/Source/Stubs/read.o
 .debug_ranges  0x0000000000000080       0x10 ./hbird_sdk/SoC/hbirdv2/Common/Source/Stubs/sbrk.o
 .debug_ranges  0x0000000000000090       0x10 ./hbird_sdk/SoC/hbirdv2/Common/Source/Stubs/write.o
 .debug_ranges  0x00000000000000a0       0x50 ./hbird_sdk/SoC/hbirdv2/Common/Source/Drivers/hbirdv2_gpio.o
 .debug_ranges  0x00000000000000f0       0x88 ./hbird_sdk/SoC/hbirdv2/Common/Source/Drivers/hbirdv2_uart.o
 .debug_ranges  0x0000000000000178       0x80 ./hbird_sdk/SoC/hbirdv2/Common/Source/hbirdv2_common.o
 .debug_ranges  0x00000000000001f8      0x150 ./hbird_sdk/SoC/hbirdv2/Common/Source/system_hbirdv2.o
 .debug_ranges  0x0000000000000348      0x128 ./application/lcd.o
 .debug_ranges  0x0000000000000470       0x48 ./application/main.o
 .debug_ranges  0x00000000000004b8      0x388 ./application/system.o
 .debug_ranges  0x0000000000000840      0x108 c:/microdownload/nucleistudio/toolchain/gcc/bin/../lib/gcc/riscv-nuclei-elf/10.2.0/rv32imac/ilp32\libgcc.a(_udivdi3.o)
 .debug_ranges  0x0000000000000948      0x178 c:/microdownload/nucleistudio/toolchain/gcc/bin/../lib/gcc/riscv-nuclei-elf/10.2.0/rv32imac/ilp32\libgcc.a(addsf3.o)
 .debug_ranges  0x0000000000000ac0       0xb8 c:/microdownload/nucleistudio/toolchain/gcc/bin/../lib/gcc/riscv-nuclei-elf/10.2.0/rv32imac/ilp32\libgcc.a(mulsf3.o)
 .debug_ranges  0x0000000000000b78      0x180 c:/microdownload/nucleistudio/toolchain/gcc/bin/../lib/gcc/riscv-nuclei-elf/10.2.0/rv32imac/ilp32\libgcc.a(subsf3.o)
 .debug_ranges  0x0000000000000cf8       0x28 c:/microdownload/nucleistudio/toolchain/gcc/bin/../lib/gcc/riscv-nuclei-elf/10.2.0/rv32imac/ilp32\libgcc.a(fixsfsi.o)
 .debug_ranges  0x0000000000000d20       0x60 c:/microdownload/nucleistudio/toolchain/gcc/bin/../lib/gcc/riscv-nuclei-elf/10.2.0/rv32imac/ilp32\libgcc.a(floatsisf.o)
 .debug_ranges  0x0000000000000d80       0x78 c:/microdownload/nucleistudio/toolchain/gcc/bin/../lib/gcc/riscv-nuclei-elf/10.2.0/rv32imac/ilp32\libgcc.a(floatundisf.o)
 .debug_ranges  0x0000000000000df8       0x10 c:/microdownload/nucleistudio/toolchain/gcc/bin/../lib/gcc/riscv-nuclei-elf/10.2.0/rv32imac/ilp32\libgcc.a(_lshrdi3.o)
 .debug_ranges  0x0000000000000e08       0x10 c:/microdownload/nucleistudio/toolchain/gcc/bin/../lib/gcc/riscv-nuclei-elf/10.2.0/rv32imac/ilp32\libgcc.a(_ashldi3.o)
 .debug_ranges  0x0000000000000e18       0x30 c:/microdownload/nucleistudio/toolchain/gcc/bin/../lib/gcc/riscv-nuclei-elf/10.2.0/rv32imac/ilp32\libgcc.a(_clzsi2.o)

.debug_line     0x0000000000000000     0xa1c9
 .debug_line    0x0000000000000000       0x88 ./hbird_sdk/SoC/hbirdv2/Common/Source/Stubs/close.o
 .debug_line    0x0000000000000088       0xee ./hbird_sdk/SoC/hbirdv2/Common/Source/Stubs/exit.o
 .debug_line    0x0000000000000176      0x1b8 ./hbird_sdk/SoC/hbirdv2/Common/Source/Stubs/fstat.o
 .debug_line    0x000000000000032e       0x77 ./hbird_sdk/SoC/hbirdv2/Common/Source/Stubs/getpid.o
 .debug_line    0x00000000000003a5       0x77 ./hbird_sdk/SoC/hbirdv2/Common/Source/Stubs/isatty.o
 .debug_line    0x000000000000041c       0x87 ./hbird_sdk/SoC/hbirdv2/Common/Source/Stubs/kill.o
 .debug_line    0x00000000000004a3       0x76 ./hbird_sdk/SoC/hbirdv2/Common/Source/Stubs/lseek.o
 .debug_line    0x0000000000000519      0x286 ./hbird_sdk/SoC/hbirdv2/Common/Source/Stubs/read.o
 .debug_line    0x000000000000079f      0x13f ./hbird_sdk/SoC/hbirdv2/Common/Source/Stubs/sbrk.o
 .debug_line    0x00000000000008de      0x31d ./hbird_sdk/SoC/hbirdv2/Common/Source/Stubs/write.o
 .debug_line    0x0000000000000bfb       0x97 ./hbird_sdk/SoC/hbirdv2/Common/Source/GCC/intexc_hbirdv2.o
 .debug_line    0x0000000000000c92      0x163 ./hbird_sdk/SoC/hbirdv2/Common/Source/GCC/startup_hbirdv2.o
 .debug_line    0x0000000000000df5      0x67e ./hbird_sdk/SoC/hbirdv2/Common/Source/Drivers/hbirdv2_gpio.o
 .debug_line    0x0000000000001473      0x973 ./hbird_sdk/SoC/hbirdv2/Common/Source/Drivers/hbirdv2_uart.o
 .debug_line    0x0000000000001de6      0x48b ./hbird_sdk/SoC/hbirdv2/Common/Source/hbirdv2_common.o
 .debug_line    0x0000000000002271      0xd12 ./hbird_sdk/SoC/hbirdv2/Common/Source/system_hbirdv2.o
 .debug_line    0x0000000000002f83     0x19f7 ./application/lcd.o
 .debug_line    0x000000000000497a      0x4c3 ./application/main.o
 .debug_line    0x0000000000004e3d     0x22ae ./application/system.o
 .debug_line    0x00000000000070eb      0x769 c:/microdownload/nucleistudio/toolchain/gcc/bin/../lib/gcc/riscv-nuclei-elf/10.2.0/rv32imac/ilp32\libgcc.a(_udivdi3.o)
 .debug_line    0x0000000000007854      0xa4e c:/microdownload/nucleistudio/toolchain/gcc/bin/../lib/gcc/riscv-nuclei-elf/10.2.0/rv32imac/ilp32\libgcc.a(addsf3.o)
 .debug_line    0x00000000000082a2      0x76f c:/microdownload/nucleistudio/toolchain/gcc/bin/../lib/gcc/riscv-nuclei-elf/10.2.0/rv32imac/ilp32\libgcc.a(mulsf3.o)
 .debug_line    0x0000000000008a11      0xaae c:/microdownload/nucleistudio/toolchain/gcc/bin/../lib/gcc/riscv-nuclei-elf/10.2.0/rv32imac/ilp32\libgcc.a(subsf3.o)
 .debug_line    0x00000000000094bf      0x21e c:/microdownload/nucleistudio/toolchain/gcc/bin/../lib/gcc/riscv-nuclei-elf/10.2.0/rv32imac/ilp32\libgcc.a(fixsfsi.o)
 .debug_line    0x00000000000096dd      0x356 c:/microdownload/nucleistudio/toolchain/gcc/bin/../lib/gcc/riscv-nuclei-elf/10.2.0/rv32imac/ilp32\libgcc.a(floatsisf.o)
 .debug_line    0x0000000000009a33      0x396 c:/microdownload/nucleistudio/toolchain/gcc/bin/../lib/gcc/riscv-nuclei-elf/10.2.0/rv32imac/ilp32\libgcc.a(floatundisf.o)
 .debug_line    0x0000000000009dc9      0x147 c:/microdownload/nucleistudio/toolchain/gcc/bin/../lib/gcc/riscv-nuclei-elf/10.2.0/rv32imac/ilp32\libgcc.a(_lshrdi3.o)
 .debug_line    0x0000000000009f10      0x147 c:/microdownload/nucleistudio/toolchain/gcc/bin/../lib/gcc/riscv-nuclei-elf/10.2.0/rv32imac/ilp32\libgcc.a(_ashldi3.o)
 .debug_line    0x000000000000a057       0x73 c:/microdownload/nucleistudio/toolchain/gcc/bin/../lib/gcc/riscv-nuclei-elf/10.2.0/rv32imac/ilp32\libgcc.a(_clz.o)
 .debug_line    0x000000000000a0ca       0xff c:/microdownload/nucleistudio/toolchain/gcc/bin/../lib/gcc/riscv-nuclei-elf/10.2.0/rv32imac/ilp32\libgcc.a(_clzsi2.o)

.debug_str      0x0000000000000000     0x1c25
 .debug_str     0x0000000000000000      0x174 ./hbird_sdk/SoC/hbirdv2/Common/Source/Stubs/close.o
                                        0x1b9 (size before relaxing)
 .debug_str     0x0000000000000174       0x40 ./hbird_sdk/SoC/hbirdv2/Common/Source/Stubs/exit.o
                                        0x1b2 (size before relaxing)
 .debug_str     0x00000000000001b4      0x141 ./hbird_sdk/SoC/hbirdv2/Common/Source/Stubs/fstat.o
                                        0x30a (size before relaxing)
 .debug_str     0x00000000000002f5       0x3e ./hbird_sdk/SoC/hbirdv2/Common/Source/Stubs/getpid.o
                                        0x1b5 (size before relaxing)
 .debug_str     0x0000000000000333       0x3e ./hbird_sdk/SoC/hbirdv2/Common/Source/Stubs/isatty.o
                                        0x1b5 (size before relaxing)
 .debug_str     0x0000000000000371       0x3a ./hbird_sdk/SoC/hbirdv2/Common/Source/Stubs/kill.o
                                        0x1b7 (size before relaxing)
 .debug_str     0x00000000000003ab       0x4a ./hbird_sdk/SoC/hbirdv2/Common/Source/Stubs/lseek.o
                                        0x1c6 (size before relaxing)
 .debug_str     0x00000000000003f5       0x66 ./hbird_sdk/SoC/hbirdv2/Common/Source/Stubs/read.o
                                        0x20e (size before relaxing)
 .debug_str     0x000000000000045b       0x5a ./hbird_sdk/SoC/hbirdv2/Common/Source/Stubs/sbrk.o
                                        0x1d6 (size before relaxing)
 .debug_str     0x00000000000004b5       0x49 ./hbird_sdk/SoC/hbirdv2/Common/Source/Stubs/write.o
                                        0x219 (size before relaxing)
 .debug_str     0x00000000000004fe       0x4a ./hbird_sdk/SoC/hbirdv2/Common/Source/GCC/intexc_hbirdv2.o
                                         0x7f (size before relaxing)
 .debug_str     0x0000000000000548       0x3d ./hbird_sdk/SoC/hbirdv2/Common/Source/GCC/startup_hbirdv2.o
                                         0x80 (size before relaxing)
 .debug_str     0x0000000000000585      0x18d ./hbird_sdk/SoC/hbirdv2/Common/Source/Drivers/hbirdv2_gpio.o
                                        0x320 (size before relaxing)
 .debug_str     0x0000000000000712      0x204 ./hbird_sdk/SoC/hbirdv2/Common/Source/Drivers/hbirdv2_uart.o
                                        0x3e2 (size before relaxing)
 .debug_str     0x0000000000000916      0x128 ./hbird_sdk/SoC/hbirdv2/Common/Source/hbirdv2_common.o
                                        0x2c0 (size before relaxing)
 .debug_str     0x0000000000000a3e      0x596 ./hbird_sdk/SoC/hbirdv2/Common/Source/system_hbirdv2.o
                                        0x801 (size before relaxing)
 .debug_str     0x0000000000000fd4      0x1d2 ./application/lcd.o
                                        0x391 (size before relaxing)
 .debug_str     0x00000000000011a6       0x76 ./application/main.o
                                        0x55e (size before relaxing)
 .debug_str     0x000000000000121c      0x259 ./application/system.o
                                        0x585 (size before relaxing)
 .debug_str     0x0000000000001475      0x29d c:/microdownload/nucleistudio/toolchain/gcc/bin/../lib/gcc/riscv-nuclei-elf/10.2.0/rv32imac/ilp32\libgcc.a(_udivdi3.o)
                                        0x360 (size before relaxing)
 .debug_str     0x0000000000001712      0x250 c:/microdownload/nucleistudio/toolchain/gcc/bin/../lib/gcc/riscv-nuclei-elf/10.2.0/rv32imac/ilp32\libgcc.a(addsf3.o)
                                        0x364 (size before relaxing)
 .debug_str     0x0000000000001962      0x119 c:/microdownload/nucleistudio/toolchain/gcc/bin/../lib/gcc/riscv-nuclei-elf/10.2.0/rv32imac/ilp32\libgcc.a(mulsf3.o)
                                        0x389 (size before relaxing)
 .debug_str     0x0000000000001a7b       0x4d c:/microdownload/nucleistudio/toolchain/gcc/bin/../lib/gcc/riscv-nuclei-elf/10.2.0/rv32imac/ilp32\libgcc.a(subsf3.o)
                                        0x364 (size before relaxing)
 .debug_str     0x0000000000001ac8       0x61 c:/microdownload/nucleistudio/toolchain/gcc/bin/../lib/gcc/riscv-nuclei-elf/10.2.0/rv32imac/ilp32\libgcc.a(fixsfsi.o)
                                        0x29d (size before relaxing)
 .debug_str     0x0000000000001b29       0x7d c:/microdownload/nucleistudio/toolchain/gcc/bin/../lib/gcc/riscv-nuclei-elf/10.2.0/rv32imac/ilp32\libgcc.a(floatsisf.o)
                                        0x32f (size before relaxing)
 .debug_str     0x0000000000001ba6       0x66 c:/microdownload/nucleistudio/toolchain/gcc/bin/../lib/gcc/riscv-nuclei-elf/10.2.0/rv32imac/ilp32\libgcc.a(floatundisf.o)
                                        0x340 (size before relaxing)
 .debug_str     0x0000000000001c0c       0x19 c:/microdownload/nucleistudio/toolchain/gcc/bin/../lib/gcc/riscv-nuclei-elf/10.2.0/rv32imac/ilp32\libgcc.a(_lshrdi3.o)
                                        0x2e4 (size before relaxing)
 .debug_str     0x0000000000001c25      0x2e4 c:/microdownload/nucleistudio/toolchain/gcc/bin/../lib/gcc/riscv-nuclei-elf/10.2.0/rv32imac/ilp32\libgcc.a(_ashldi3.o)
 .debug_str     0x0000000000001c25      0x2a7 c:/microdownload/nucleistudio/toolchain/gcc/bin/../lib/gcc/riscv-nuclei-elf/10.2.0/rv32imac/ilp32\libgcc.a(_clz.o)
 .debug_str     0x0000000000001c25      0x2c4 c:/microdownload/nucleistudio/toolchain/gcc/bin/../lib/gcc/riscv-nuclei-elf/10.2.0/rv32imac/ilp32\libgcc.a(_clzsi2.o)

.comment        0x0000000000000000       0x12
 .comment       0x0000000000000000       0x12 ./hbird_sdk/SoC/hbirdv2/Common/Source/Stubs/close.o
                                         0x13 (size before relaxing)
 .comment       0x0000000000000012       0x13 ./hbird_sdk/SoC/hbirdv2/Common/Source/Stubs/exit.o
 .comment       0x0000000000000012       0x13 ./hbird_sdk/SoC/hbirdv2/Common/Source/Stubs/fstat.o
 .comment       0x0000000000000012       0x13 ./hbird_sdk/SoC/hbirdv2/Common/Source/Stubs/getpid.o
 .comment       0x0000000000000012       0x13 ./hbird_sdk/SoC/hbirdv2/Common/Source/Stubs/isatty.o
 .comment       0x0000000000000012       0x13 ./hbird_sdk/SoC/hbirdv2/Common/Source/Stubs/kill.o
 .comment       0x0000000000000012       0x13 ./hbird_sdk/SoC/hbirdv2/Common/Source/Stubs/lseek.o
 .comment       0x0000000000000012       0x13 ./hbird_sdk/SoC/hbirdv2/Common/Source/Stubs/read.o
 .comment       0x0000000000000012       0x13 ./hbird_sdk/SoC/hbirdv2/Common/Source/Stubs/sbrk.o
 .comment       0x0000000000000012       0x13 ./hbird_sdk/SoC/hbirdv2/Common/Source/Stubs/write.o
 .comment       0x0000000000000012       0x13 ./hbird_sdk/SoC/hbirdv2/Common/Source/Drivers/hbirdv2_gpio.o
 .comment       0x0000000000000012       0x13 ./hbird_sdk/SoC/hbirdv2/Common/Source/Drivers/hbirdv2_uart.o
 .comment       0x0000000000000012       0x13 ./hbird_sdk/SoC/hbirdv2/Common/Source/hbirdv2_common.o
 .comment       0x0000000000000012       0x13 ./hbird_sdk/SoC/hbirdv2/Common/Source/system_hbirdv2.o
 .comment       0x0000000000000012       0x13 ./application/lcd.o
 .comment       0x0000000000000012       0x13 ./application/main.o
 .comment       0x0000000000000012       0x13 ./application/system.o
 .comment       0x0000000000000012       0x13 c:/microdownload/nucleistudio/toolchain/gcc/bin/../lib/gcc/riscv-nuclei-elf/10.2.0/rv32imac/ilp32\libgcc.a(_udivdi3.o)
 .comment       0x0000000000000012       0x13 c:/microdownload/nucleistudio/toolchain/gcc/bin/../lib/gcc/riscv-nuclei-elf/10.2.0/rv32imac/ilp32\libgcc.a(addsf3.o)
 .comment       0x0000000000000012       0x13 c:/microdownload/nucleistudio/toolchain/gcc/bin/../lib/gcc/riscv-nuclei-elf/10.2.0/rv32imac/ilp32\libgcc.a(mulsf3.o)
 .comment       0x0000000000000012       0x13 c:/microdownload/nucleistudio/toolchain/gcc/bin/../lib/gcc/riscv-nuclei-elf/10.2.0/rv32imac/ilp32\libgcc.a(subsf3.o)
 .comment       0x0000000000000012       0x13 c:/microdownload/nucleistudio/toolchain/gcc/bin/../lib/gcc/riscv-nuclei-elf/10.2.0/rv32imac/ilp32\libgcc.a(fixsfsi.o)
 .comment       0x0000000000000012       0x13 c:/microdownload/nucleistudio/toolchain/gcc/bin/../lib/gcc/riscv-nuclei-elf/10.2.0/rv32imac/ilp32\libgcc.a(floatsisf.o)
 .comment       0x0000000000000012       0x13 c:/microdownload/nucleistudio/toolchain/gcc/bin/../lib/gcc/riscv-nuclei-elf/10.2.0/rv32imac/ilp32\libgcc.a(floatundisf.o)
 .comment       0x0000000000000012       0x13 c:/microdownload/nucleistudio/toolchain/gcc/bin/../lib/gcc/riscv-nuclei-elf/10.2.0/rv32imac/ilp32\libgcc.a(_lshrdi3.o)
 .comment       0x0000000000000012       0x13 c:/microdownload/nucleistudio/toolchain/gcc/bin/../lib/gcc/riscv-nuclei-elf/10.2.0/rv32imac/ilp32\libgcc.a(_ashldi3.o)
 .comment       0x0000000000000012       0x13 c:/microdownload/nucleistudio/toolchain/gcc/bin/../lib/gcc/riscv-nuclei-elf/10.2.0/rv32imac/ilp32\libgcc.a(_clz.o)
 .comment       0x0000000000000012       0x13 c:/microdownload/nucleistudio/toolchain/gcc/bin/../lib/gcc/riscv-nuclei-elf/10.2.0/rv32imac/ilp32\libgcc.a(_clzsi2.o)
 .comment       0x0000000000000012       0x13 c:/microdownload/nucleistudio/toolchain/gcc/bin/../lib/gcc/riscv-nuclei-elf/10.2.0/../../../../riscv-nuclei-elf/lib/rv32imac/ilp32\libg_nano.a(lib_a-atexit.o)
 .comment       0x0000000000000012       0x13 c:/microdownload/nucleistudio/toolchain/gcc/bin/../lib/gcc/riscv-nuclei-elf/10.2.0/../../../../riscv-nuclei-elf/lib/rv32imac/ilp32\libg_nano.a(lib_a-fini.o)
 .comment       0x0000000000000012       0x13 c:/microdownload/nucleistudio/toolchain/gcc/bin/../lib/gcc/riscv-nuclei-elf/10.2.0/../../../../riscv-nuclei-elf/lib/rv32imac/ilp32\libg_nano.a(lib_a-init.o)
 .comment       0x0000000000000012       0x13 c:/microdownload/nucleistudio/toolchain/gcc/bin/../lib/gcc/riscv-nuclei-elf/10.2.0/../../../../riscv-nuclei-elf/lib/rv32imac/ilp32\libg_nano.a(lib_a-printf.o)
 .comment       0x0000000000000012       0x13 c:/microdownload/nucleistudio/toolchain/gcc/bin/../lib/gcc/riscv-nuclei-elf/10.2.0/../../../../riscv-nuclei-elf/lib/rv32imac/ilp32\libg_nano.a(lib_a-puts.o)
 .comment       0x0000000000000012       0x13 c:/microdownload/nucleistudio/toolchain/gcc/bin/../lib/gcc/riscv-nuclei-elf/10.2.0/../../../../riscv-nuclei-elf/lib/rv32imac/ilp32\libg_nano.a(lib_a-rand.o)
 .comment       0x0000000000000012       0x13 c:/microdownload/nucleistudio/toolchain/gcc/bin/../lib/gcc/riscv-nuclei-elf/10.2.0/../../../../riscv-nuclei-elf/lib/rv32imac/ilp32\libg_nano.a(lib_a-reent.o)
 .comment       0x0000000000000012       0x13 c:/microdownload/nucleistudio/toolchain/gcc/bin/../lib/gcc/riscv-nuclei-elf/10.2.0/../../../../riscv-nuclei-elf/lib/rv32imac/ilp32\libg_nano.a(lib_a-sysisatty.o)
 .comment       0x0000000000000012       0x13 c:/microdownload/nucleistudio/toolchain/gcc/bin/../lib/gcc/riscv-nuclei-elf/10.2.0/../../../../riscv-nuclei-elf/lib/rv32imac/ilp32\libg_nano.a(lib_a-wbuf.o)
 .comment       0x0000000000000012       0x13 c:/microdownload/nucleistudio/toolchain/gcc/bin/../lib/gcc/riscv-nuclei-elf/10.2.0/../../../../riscv-nuclei-elf/lib/rv32imac/ilp32\libg_nano.a(lib_a-wsetup.o)
 .comment       0x0000000000000012       0x13 c:/microdownload/nucleistudio/toolchain/gcc/bin/../lib/gcc/riscv-nuclei-elf/10.2.0/../../../../riscv-nuclei-elf/lib/rv32imac/ilp32\libg_nano.a(lib_a-__atexit.o)
 .comment       0x0000000000000012       0x13 c:/microdownload/nucleistudio/toolchain/gcc/bin/../lib/gcc/riscv-nuclei-elf/10.2.0/../../../../riscv-nuclei-elf/lib/rv32imac/ilp32\libg_nano.a(lib_a-__call_atexit.o)
 .comment       0x0000000000000012       0x13 c:/microdownload/nucleistudio/toolchain/gcc/bin/../lib/gcc/riscv-nuclei-elf/10.2.0/../../../../riscv-nuclei-elf/lib/rv32imac/ilp32\libg_nano.a(lib_a-assert.o)
 .comment       0x0000000000000012       0x13 c:/microdownload/nucleistudio/toolchain/gcc/bin/../lib/gcc/riscv-nuclei-elf/10.2.0/../../../../riscv-nuclei-elf/lib/rv32imac/ilp32\libg_nano.a(lib_a-fflush.o)
 .comment       0x0000000000000012       0x13 c:/microdownload/nucleistudio/toolchain/gcc/bin/../lib/gcc/riscv-nuclei-elf/10.2.0/../../../../riscv-nuclei-elf/lib/rv32imac/ilp32\libg_nano.a(lib_a-findfp.o)
 .comment       0x0000000000000012       0x13 c:/microdownload/nucleistudio/toolchain/gcc/bin/../lib/gcc/riscv-nuclei-elf/10.2.0/../../../../riscv-nuclei-elf/lib/rv32imac/ilp32\libg_nano.a(lib_a-fprintf.o)
 .comment       0x0000000000000012       0x13 c:/microdownload/nucleistudio/toolchain/gcc/bin/../lib/gcc/riscv-nuclei-elf/10.2.0/../../../../riscv-nuclei-elf/lib/rv32imac/ilp32\libg_nano.a(lib_a-fwalk.o)
 .comment       0x0000000000000012       0x13 c:/microdownload/nucleistudio/toolchain/gcc/bin/../lib/gcc/riscv-nuclei-elf/10.2.0/../../../../riscv-nuclei-elf/lib/rv32imac/ilp32\libg_nano.a(lib_a-impure.o)
 .comment       0x0000000000000012       0x13 c:/microdownload/nucleistudio/toolchain/gcc/bin/../lib/gcc/riscv-nuclei-elf/10.2.0/../../../../riscv-nuclei-elf/lib/rv32imac/ilp32\libg_nano.a(lib_a-makebuf.o)
 .comment       0x0000000000000012       0x13 c:/microdownload/nucleistudio/toolchain/gcc/bin/../lib/gcc/riscv-nuclei-elf/10.2.0/../../../../riscv-nuclei-elf/lib/rv32imac/ilp32\libg_nano.a(lib_a-malloc.o)
 .comment       0x0000000000000012       0x13 c:/microdownload/nucleistudio/toolchain/gcc/bin/../lib/gcc/riscv-nuclei-elf/10.2.0/../../../../riscv-nuclei-elf/lib/rv32imac/ilp32\libg_nano.a(lib_a-nano-freer.o)
 .comment       0x0000000000000012       0x13 c:/microdownload/nucleistudio/toolchain/gcc/bin/../lib/gcc/riscv-nuclei-elf/10.2.0/../../../../riscv-nuclei-elf/lib/rv32imac/ilp32\libg_nano.a(lib_a-nano-mallocr.o)
 .comment       0x0000000000000012       0x13 c:/microdownload/nucleistudio/toolchain/gcc/bin/../lib/gcc/riscv-nuclei-elf/10.2.0/../../../../riscv-nuclei-elf/lib/rv32imac/ilp32\libg_nano.a(lib_a-nano-vfprintf.o)
 .comment       0x0000000000000012       0x13 c:/microdownload/nucleistudio/toolchain/gcc/bin/../lib/gcc/riscv-nuclei-elf/10.2.0/../../../../riscv-nuclei-elf/lib/rv32imac/ilp32\libg_nano.a(lib_a-nano-vfprintf_i.o)
 .comment       0x0000000000000012       0x13 c:/microdownload/nucleistudio/toolchain/gcc/bin/../lib/gcc/riscv-nuclei-elf/10.2.0/../../../../riscv-nuclei-elf/lib/rv32imac/ilp32\libg_nano.a(lib_a-sbrkr.o)
 .comment       0x0000000000000012       0x13 c:/microdownload/nucleistudio/toolchain/gcc/bin/../lib/gcc/riscv-nuclei-elf/10.2.0/../../../../riscv-nuclei-elf/lib/rv32imac/ilp32\libg_nano.a(lib_a-stdio.o)
 .comment       0x0000000000000012       0x13 c:/microdownload/nucleistudio/toolchain/gcc/bin/../lib/gcc/riscv-nuclei-elf/10.2.0/../../../../riscv-nuclei-elf/lib/rv32imac/ilp32\libg_nano.a(lib_a-writer.o)
 .comment       0x0000000000000012       0x13 c:/microdownload/nucleistudio/toolchain/gcc/bin/../lib/gcc/riscv-nuclei-elf/10.2.0/../../../../riscv-nuclei-elf/lib/rv32imac/ilp32\libg_nano.a(lib_a-abort.o)
 .comment       0x0000000000000012       0x13 c:/microdownload/nucleistudio/toolchain/gcc/bin/../lib/gcc/riscv-nuclei-elf/10.2.0/../../../../riscv-nuclei-elf/lib/rv32imac/ilp32\libg_nano.a(lib_a-closer.o)
 .comment       0x0000000000000012       0x13 c:/microdownload/nucleistudio/toolchain/gcc/bin/../lib/gcc/riscv-nuclei-elf/10.2.0/../../../../riscv-nuclei-elf/lib/rv32imac/ilp32\libg_nano.a(lib_a-fstatr.o)
 .comment       0x0000000000000012       0x13 c:/microdownload/nucleistudio/toolchain/gcc/bin/../lib/gcc/riscv-nuclei-elf/10.2.0/../../../../riscv-nuclei-elf/lib/rv32imac/ilp32\libg_nano.a(lib_a-isattyr.o)
 .comment       0x0000000000000012       0x13 c:/microdownload/nucleistudio/toolchain/gcc/bin/../lib/gcc/riscv-nuclei-elf/10.2.0/../../../../riscv-nuclei-elf/lib/rv32imac/ilp32\libg_nano.a(lib_a-lseekr.o)
 .comment       0x0000000000000012       0x13 c:/microdownload/nucleistudio/toolchain/gcc/bin/../lib/gcc/riscv-nuclei-elf/10.2.0/../../../../riscv-nuclei-elf/lib/rv32imac/ilp32\libg_nano.a(lib_a-memchr.o)
 .comment       0x0000000000000012       0x13 c:/microdownload/nucleistudio/toolchain/gcc/bin/../lib/gcc/riscv-nuclei-elf/10.2.0/../../../../riscv-nuclei-elf/lib/rv32imac/ilp32\libg_nano.a(lib_a-mlock.o)
 .comment       0x0000000000000012       0x13 c:/microdownload/nucleistudio/toolchain/gcc/bin/../lib/gcc/riscv-nuclei-elf/10.2.0/../../../../riscv-nuclei-elf/lib/rv32imac/ilp32\libg_nano.a(lib_a-readr.o)
 .comment       0x0000000000000012       0x13 c:/microdownload/nucleistudio/toolchain/gcc/bin/../lib/gcc/riscv-nuclei-elf/10.2.0/../../../../riscv-nuclei-elf/lib/rv32imac/ilp32\libg_nano.a(lib_a-signal.o)
 .comment       0x0000000000000012       0x13 c:/microdownload/nucleistudio/toolchain/gcc/bin/../lib/gcc/riscv-nuclei-elf/10.2.0/../../../../riscv-nuclei-elf/lib/rv32imac/ilp32\libg_nano.a(lib_a-signalr.o)

.riscv.attributes
                0x0000000000000000       0x2f
 .riscv.attributes
                0x0000000000000000       0x2b ./hbird_sdk/SoC/hbirdv2/Common/Source/Stubs/close.o
 .riscv.attributes
                0x000000000000002b       0x2f ./hbird_sdk/SoC/hbirdv2/Common/Source/Stubs/exit.o
 .riscv.attributes
                0x000000000000005a       0x2b ./hbird_sdk/SoC/hbirdv2/Common/Source/Stubs/fstat.o
 .riscv.attributes
                0x0000000000000085       0x2b ./hbird_sdk/SoC/hbirdv2/Common/Source/Stubs/getpid.o
 .riscv.attributes
                0x00000000000000b0       0x2b ./hbird_sdk/SoC/hbirdv2/Common/Source/Stubs/isatty.o
 .riscv.attributes
                0x00000000000000db       0x2b ./hbird_sdk/SoC/hbirdv2/Common/Source/Stubs/kill.o
 .riscv.attributes
                0x0000000000000106       0x2b ./hbird_sdk/SoC/hbirdv2/Common/Source/Stubs/lseek.o
 .riscv.attributes
                0x0000000000000131       0x2b ./hbird_sdk/SoC/hbirdv2/Common/Source/Stubs/read.o
 .riscv.attributes
                0x000000000000015c       0x2b ./hbird_sdk/SoC/hbirdv2/Common/Source/Stubs/sbrk.o
 .riscv.attributes
                0x0000000000000187       0x2b ./hbird_sdk/SoC/hbirdv2/Common/Source/Stubs/write.o
 .riscv.attributes
                0x00000000000001b2       0x2d ./hbird_sdk/SoC/hbirdv2/Common/Source/GCC/intexc_hbirdv2.o
 .riscv.attributes
                0x00000000000001df       0x2d ./hbird_sdk/SoC/hbirdv2/Common/Source/GCC/startup_hbirdv2.o
 .riscv.attributes
                0x000000000000020c       0x2b ./hbird_sdk/SoC/hbirdv2/Common/Source/Drivers/hbirdv2_gpio.o
 .riscv.attributes
                0x0000000000000237       0x2b ./hbird_sdk/SoC/hbirdv2/Common/Source/Drivers/hbirdv2_uart.o
 .riscv.attributes
                0x0000000000000262       0x2f ./hbird_sdk/SoC/hbirdv2/Common/Source/hbirdv2_common.o
 .riscv.attributes
                0x0000000000000291       0x2f ./hbird_sdk/SoC/hbirdv2/Common/Source/system_hbirdv2.o
 .riscv.attributes
                0x00000000000002c0       0x2b ./application/lcd.o
 .riscv.attributes
                0x00000000000002eb       0x2f ./application/main.o
 .riscv.attributes
                0x000000000000031a       0x2b ./application/system.o
 .riscv.attributes
                0x0000000000000345       0x2b c:/microdownload/nucleistudio/toolchain/gcc/bin/../lib/gcc/riscv-nuclei-elf/10.2.0/rv32imac/ilp32\libgcc.a(_udivdi3.o)
 .riscv.attributes
                0x0000000000000370       0x2b c:/microdownload/nucleistudio/toolchain/gcc/bin/../lib/gcc/riscv-nuclei-elf/10.2.0/rv32imac/ilp32\libgcc.a(addsf3.o)
 .riscv.attributes
                0x000000000000039b       0x2b c:/microdownload/nucleistudio/toolchain/gcc/bin/../lib/gcc/riscv-nuclei-elf/10.2.0/rv32imac/ilp32\libgcc.a(mulsf3.o)
 .riscv.attributes
                0x00000000000003c6       0x2b c:/microdownload/nucleistudio/toolchain/gcc/bin/../lib/gcc/riscv-nuclei-elf/10.2.0/rv32imac/ilp32\libgcc.a(subsf3.o)
 .riscv.attributes
                0x00000000000003f1       0x2b c:/microdownload/nucleistudio/toolchain/gcc/bin/../lib/gcc/riscv-nuclei-elf/10.2.0/rv32imac/ilp32\libgcc.a(fixsfsi.o)
 .riscv.attributes
                0x000000000000041c       0x2b c:/microdownload/nucleistudio/toolchain/gcc/bin/../lib/gcc/riscv-nuclei-elf/10.2.0/rv32imac/ilp32\libgcc.a(floatsisf.o)
 .riscv.attributes
                0x0000000000000447       0x2b c:/microdownload/nucleistudio/toolchain/gcc/bin/../lib/gcc/riscv-nuclei-elf/10.2.0/rv32imac/ilp32\libgcc.a(floatundisf.o)
 .riscv.attributes
                0x0000000000000472       0x2b c:/microdownload/nucleistudio/toolchain/gcc/bin/../lib/gcc/riscv-nuclei-elf/10.2.0/rv32imac/ilp32\libgcc.a(_lshrdi3.o)
 .riscv.attributes
                0x000000000000049d       0x2b c:/microdownload/nucleistudio/toolchain/gcc/bin/../lib/gcc/riscv-nuclei-elf/10.2.0/rv32imac/ilp32\libgcc.a(_ashldi3.o)
 .riscv.attributes
                0x00000000000004c8       0x2b c:/microdownload/nucleistudio/toolchain/gcc/bin/../lib/gcc/riscv-nuclei-elf/10.2.0/rv32imac/ilp32\libgcc.a(_clz.o)
 .riscv.attributes
                0x00000000000004f3       0x2b c:/microdownload/nucleistudio/toolchain/gcc/bin/../lib/gcc/riscv-nuclei-elf/10.2.0/rv32imac/ilp32\libgcc.a(_clzsi2.o)
 .riscv.attributes
                0x000000000000051e       0x2b c:/microdownload/nucleistudio/toolchain/gcc/bin/../lib/gcc/riscv-nuclei-elf/10.2.0/../../../../riscv-nuclei-elf/lib/rv32imac/ilp32\libg_nano.a(lib_a-atexit.o)
 .riscv.attributes
                0x0000000000000549       0x2b c:/microdownload/nucleistudio/toolchain/gcc/bin/../lib/gcc/riscv-nuclei-elf/10.2.0/../../../../riscv-nuclei-elf/lib/rv32imac/ilp32\libg_nano.a(lib_a-fini.o)
 .riscv.attributes
                0x0000000000000574       0x2b c:/microdownload/nucleistudio/toolchain/gcc/bin/../lib/gcc/riscv-nuclei-elf/10.2.0/../../../../riscv-nuclei-elf/lib/rv32imac/ilp32\libg_nano.a(lib_a-init.o)
 .riscv.attributes
                0x000000000000059f       0x29 c:/microdownload/nucleistudio/toolchain/gcc/bin/../lib/gcc/riscv-nuclei-elf/10.2.0/../../../../riscv-nuclei-elf/lib/rv32imac/ilp32\libg_nano.a(lib_a-memset.o)
 .riscv.attributes
                0x00000000000005c8       0x2b c:/microdownload/nucleistudio/toolchain/gcc/bin/../lib/gcc/riscv-nuclei-elf/10.2.0/../../../../riscv-nuclei-elf/lib/rv32imac/ilp32\libg_nano.a(lib_a-printf.o)
 .riscv.attributes
                0x00000000000005f3       0x2b c:/microdownload/nucleistudio/toolchain/gcc/bin/../lib/gcc/riscv-nuclei-elf/10.2.0/../../../../riscv-nuclei-elf/lib/rv32imac/ilp32\libg_nano.a(lib_a-puts.o)
 .riscv.attributes
                0x000000000000061e       0x2b c:/microdownload/nucleistudio/toolchain/gcc/bin/../lib/gcc/riscv-nuclei-elf/10.2.0/../../../../riscv-nuclei-elf/lib/rv32imac/ilp32\libg_nano.a(lib_a-rand.o)
 .riscv.attributes
                0x0000000000000649       0x2b c:/microdownload/nucleistudio/toolchain/gcc/bin/../lib/gcc/riscv-nuclei-elf/10.2.0/../../../../riscv-nuclei-elf/lib/rv32imac/ilp32\libg_nano.a(lib_a-reent.o)
 .riscv.attributes
                0x0000000000000674       0x2b c:/microdownload/nucleistudio/toolchain/gcc/bin/../lib/gcc/riscv-nuclei-elf/10.2.0/../../../../riscv-nuclei-elf/lib/rv32imac/ilp32\libg_nano.a(lib_a-sysisatty.o)
 .riscv.attributes
                0x000000000000069f       0x2b c:/microdownload/nucleistudio/toolchain/gcc/bin/../lib/gcc/riscv-nuclei-elf/10.2.0/../../../../riscv-nuclei-elf/lib/rv32imac/ilp32\libg_nano.a(lib_a-wbuf.o)
 .riscv.attributes
                0x00000000000006ca       0x2b c:/microdownload/nucleistudio/toolchain/gcc/bin/../lib/gcc/riscv-nuclei-elf/10.2.0/../../../../riscv-nuclei-elf/lib/rv32imac/ilp32\libg_nano.a(lib_a-wsetup.o)
 .riscv.attributes
                0x00000000000006f5       0x2b c:/microdownload/nucleistudio/toolchain/gcc/bin/../lib/gcc/riscv-nuclei-elf/10.2.0/../../../../riscv-nuclei-elf/lib/rv32imac/ilp32\libg_nano.a(lib_a-__atexit.o)
 .riscv.attributes
                0x0000000000000720       0x2b c:/microdownload/nucleistudio/toolchain/gcc/bin/../lib/gcc/riscv-nuclei-elf/10.2.0/../../../../riscv-nuclei-elf/lib/rv32imac/ilp32\libg_nano.a(lib_a-__call_atexit.o)
 .riscv.attributes
                0x000000000000074b       0x2b c:/microdownload/nucleistudio/toolchain/gcc/bin/../lib/gcc/riscv-nuclei-elf/10.2.0/../../../../riscv-nuclei-elf/lib/rv32imac/ilp32\libg_nano.a(lib_a-assert.o)
 .riscv.attributes
                0x0000000000000776       0x2b c:/microdownload/nucleistudio/toolchain/gcc/bin/../lib/gcc/riscv-nuclei-elf/10.2.0/../../../../riscv-nuclei-elf/lib/rv32imac/ilp32\libg_nano.a(lib_a-fflush.o)
 .riscv.attributes
                0x00000000000007a1       0x2b c:/microdownload/nucleistudio/toolchain/gcc/bin/../lib/gcc/riscv-nuclei-elf/10.2.0/../../../../riscv-nuclei-elf/lib/rv32imac/ilp32\libg_nano.a(lib_a-findfp.o)
 .riscv.attributes
                0x00000000000007cc       0x2b c:/microdownload/nucleistudio/toolchain/gcc/bin/../lib/gcc/riscv-nuclei-elf/10.2.0/../../../../riscv-nuclei-elf/lib/rv32imac/ilp32\libg_nano.a(lib_a-fprintf.o)
 .riscv.attributes
                0x00000000000007f7       0x2b c:/microdownload/nucleistudio/toolchain/gcc/bin/../lib/gcc/riscv-nuclei-elf/10.2.0/../../../../riscv-nuclei-elf/lib/rv32imac/ilp32\libg_nano.a(lib_a-fwalk.o)
 .riscv.attributes
                0x0000000000000822       0x2b c:/microdownload/nucleistudio/toolchain/gcc/bin/../lib/gcc/riscv-nuclei-elf/10.2.0/../../../../riscv-nuclei-elf/lib/rv32imac/ilp32\libg_nano.a(lib_a-impure.o)
 .riscv.attributes
                0x000000000000084d       0x2b c:/microdownload/nucleistudio/toolchain/gcc/bin/../lib/gcc/riscv-nuclei-elf/10.2.0/../../../../riscv-nuclei-elf/lib/rv32imac/ilp32\libg_nano.a(lib_a-makebuf.o)
 .riscv.attributes
                0x0000000000000878       0x2b c:/microdownload/nucleistudio/toolchain/gcc/bin/../lib/gcc/riscv-nuclei-elf/10.2.0/../../../../riscv-nuclei-elf/lib/rv32imac/ilp32\libg_nano.a(lib_a-malloc.o)
 .riscv.attributes
                0x00000000000008a3       0x2b c:/microdownload/nucleistudio/toolchain/gcc/bin/../lib/gcc/riscv-nuclei-elf/10.2.0/../../../../riscv-nuclei-elf/lib/rv32imac/ilp32\libg_nano.a(lib_a-nano-freer.o)
 .riscv.attributes
                0x00000000000008ce       0x2b c:/microdownload/nucleistudio/toolchain/gcc/bin/../lib/gcc/riscv-nuclei-elf/10.2.0/../../../../riscv-nuclei-elf/lib/rv32imac/ilp32\libg_nano.a(lib_a-nano-mallocr.o)
 .riscv.attributes
                0x00000000000008f9       0x2b c:/microdownload/nucleistudio/toolchain/gcc/bin/../lib/gcc/riscv-nuclei-elf/10.2.0/../../../../riscv-nuclei-elf/lib/rv32imac/ilp32\libg_nano.a(lib_a-nano-vfprintf.o)
 .riscv.attributes
                0x0000000000000924       0x2b c:/microdownload/nucleistudio/toolchain/gcc/bin/../lib/gcc/riscv-nuclei-elf/10.2.0/../../../../riscv-nuclei-elf/lib/rv32imac/ilp32\libg_nano.a(lib_a-nano-vfprintf_i.o)
 .riscv.attributes
                0x000000000000094f       0x2b c:/microdownload/nucleistudio/toolchain/gcc/bin/../lib/gcc/riscv-nuclei-elf/10.2.0/../../../../riscv-nuclei-elf/lib/rv32imac/ilp32\libg_nano.a(lib_a-sbrkr.o)
 .riscv.attributes
                0x000000000000097a       0x2b c:/microdownload/nucleistudio/toolchain/gcc/bin/../lib/gcc/riscv-nuclei-elf/10.2.0/../../../../riscv-nuclei-elf/lib/rv32imac/ilp32\libg_nano.a(lib_a-stdio.o)
 .riscv.attributes
                0x00000000000009a5       0x2b c:/microdownload/nucleistudio/toolchain/gcc/bin/../lib/gcc/riscv-nuclei-elf/10.2.0/../../../../riscv-nuclei-elf/lib/rv32imac/ilp32\libg_nano.a(lib_a-writer.o)
 .riscv.attributes
                0x00000000000009d0       0x2b c:/microdownload/nucleistudio/toolchain/gcc/bin/../lib/gcc/riscv-nuclei-elf/10.2.0/../../../../riscv-nuclei-elf/lib/rv32imac/ilp32\libg_nano.a(lib_a-abort.o)
 .riscv.attributes
                0x00000000000009fb       0x2b c:/microdownload/nucleistudio/toolchain/gcc/bin/../lib/gcc/riscv-nuclei-elf/10.2.0/../../../../riscv-nuclei-elf/lib/rv32imac/ilp32\libg_nano.a(lib_a-closer.o)
 .riscv.attributes
                0x0000000000000a26       0x2b c:/microdownload/nucleistudio/toolchain/gcc/bin/../lib/gcc/riscv-nuclei-elf/10.2.0/../../../../riscv-nuclei-elf/lib/rv32imac/ilp32\libg_nano.a(lib_a-fstatr.o)
 .riscv.attributes
                0x0000000000000a51       0x2b c:/microdownload/nucleistudio/toolchain/gcc/bin/../lib/gcc/riscv-nuclei-elf/10.2.0/../../../../riscv-nuclei-elf/lib/rv32imac/ilp32\libg_nano.a(lib_a-isattyr.o)
 .riscv.attributes
                0x0000000000000a7c       0x2b c:/microdownload/nucleistudio/toolchain/gcc/bin/../lib/gcc/riscv-nuclei-elf/10.2.0/../../../../riscv-nuclei-elf/lib/rv32imac/ilp32\libg_nano.a(lib_a-lseekr.o)
 .riscv.attributes
                0x0000000000000aa7       0x2b c:/microdownload/nucleistudio/toolchain/gcc/bin/../lib/gcc/riscv-nuclei-elf/10.2.0/../../../../riscv-nuclei-elf/lib/rv32imac/ilp32\libg_nano.a(lib_a-memchr.o)
 .riscv.attributes
                0x0000000000000ad2       0x2b c:/microdownload/nucleistudio/toolchain/gcc/bin/../lib/gcc/riscv-nuclei-elf/10.2.0/../../../../riscv-nuclei-elf/lib/rv32imac/ilp32\libg_nano.a(lib_a-mlock.o)
 .riscv.attributes