20:54:27 **** Incremental Build of configuration Debug for project fly_bird ****
make -j12 all 
Building file: ../application/system.c
Invoking: GNU RISC-V Cross C Compiler
riscv-nuclei-elf-gcc -march=rv32imac -mabi=ilp32 -mcmodel=medany -mno-save-restore -O2 -ffunction-sections -fdata-sections -fno-common --specs=nano.specs --specs=nosys.specs  -g -D__IDE_RV_CORE=e203 -DSOC_HBIRD -DDOWNLOAD_MODE=DOWNLOAD_MODE_ILM -DDOWNLOAD_MODE_STRING=\"ILM\" -DBOARD_DDR200T -I"C:\NucleiStudio_workspace\HBirdv2_Prj\fly_bird\hbird_sdk\NMSIS\Core\Include" -I"C:\NucleiStudio_workspace\HBirdv2_Prj\fly_bird\hbird_sdk\SoC\hbirdv2\Common\Include" -I"C:\NucleiStudio_workspace\HBirdv2_Prj\fly_bird\hbird_sdk\SoC\hbirdv2\Board\ddr200t\Include" -I"C:\NucleiStudio_workspace\HBirdv2_Prj\fly_bird\application" -std=gnu11 -MMD -MP -MF"application/system.d" -MT"application/system.o" -c -o "application/system.o" "../application/system.c"
Finished building: ../application/system.c
 
Building target: fly_bird.elf
Invoking: GNU RISC-V Cross C++ Linker
riscv-nuclei-elf-g++ -march=rv32imac -mabi=ilp32 -mcmodel=medany -mno-save-restore -O2 -ffunction-sections -fdata-sections -fno-common --specs=nano.specs --specs=nosys.specs  -g -T "C:\NucleiStudio_workspace\HBirdv2_Prj\fly_bird\hbird_sdk\SoC\hbirdv2\Board\ddr200t\Source\GCC\gcc_hbirdv2_ilm.ld" -nostartfiles -Xlinker --gc-sections -Wl,-Map,"fly_bird.map" -u _isatty -u _write -u _sbrk -u _read -u _close -u _fstat -u _lseek -o "fly_bird.elf"  ./hbird_sdk/SoC/hbirdv2/Common/Source/Stubs/clock_getres.o ./hbird_sdk/SoC/hbirdv2/Common/Source/Stubs/clock_gettime.o ./hbird_sdk/SoC/hbirdv2/Common/Source/Stubs/clock_settime.o ./hbird_sdk/SoC/hbirdv2/Common/Source/Stubs/close.o ./hbird_sdk/SoC/hbirdv2/Common/Source/Stubs/execve.o ./hbird_sdk/SoC/hbirdv2/Common/Source/Stubs/exit.o ./hbird_sdk/SoC/hbirdv2/Common/Source/Stubs/fork.o ./hbird_sdk/SoC/hbirdv2/Common/Source/Stubs/fstat.o ./hbird_sdk/SoC/hbirdv2/Common/Source/Stubs/getpid.o ./hbird_sdk/SoC/hbirdv2/Common/Source/Stubs/gettimeofday.o ./hbird_sdk/SoC/hbirdv2/Common/Source/Stubs/isatty.o ./hbird_sdk/SoC/hbirdv2/Common/Source/Stubs/kill.o ./hbird_sdk/SoC/hbirdv2/Common/Source/Stubs/link.o ./hbird_sdk/SoC/hbirdv2/Common/Source/Stubs/lseek.o ./hbird_sdk/SoC/hbirdv2/Common/Source/Stubs/open.o ./hbird_sdk/SoC/hbirdv2/Common/Source/Stubs/read.o ./hbird_sdk/SoC/hbirdv2/Common/Source/Stubs/sbrk.o ./hbird_sdk/SoC/hbirdv2/Common/Source/Stubs/stat.o ./hbird_sdk/SoC/hbirdv2/Common/Source/Stubs/times.o ./hbird_sdk/SoC/hbirdv2/Common/Source/Stubs/unlink.o ./hbird_sdk/SoC/hbirdv2/Common/Source/Stubs/wait.o ./hbird_sdk/SoC/hbirdv2/Common/Source/Stubs/write.o  ./hbird_sdk/SoC/hbirdv2/Common/Source/GCC/intexc_hbirdv2.o ./hbird_sdk/SoC/hbirdv2/Common/Source/GCC/startup_hbirdv2.o  ./hbird_sdk/SoC/hbirdv2/Common/Source/Drivers/hbirdv2_gpio.o ./hbird_sdk/SoC/hbirdv2/Common/Source/Drivers/hbirdv2_i2c.o ./hbird_sdk/SoC/hbirdv2/Common/Source/Drivers/hbirdv2_pwm.o ./hbird_sdk/SoC/hbirdv2/Common/Source/Drivers/hbirdv2_spi.o ./hbird_sdk/SoC/hbirdv2/Common/Source/Drivers/hbirdv2_uart.o ./hbird_sdk/SoC/hbirdv2/Common/Source/Drivers/htif.o  ./hbird_sdk/SoC/hbirdv2/Common/Source/hbirdv2_common.o ./hbird_sdk/SoC/hbirdv2/Common/Source/system_hbirdv2.o  ./application/lcd.o ./application/main.o ./application/system.o   -lstdc++
Finished building target: fly_bird.elf
 
Invoking: GNU RISC-V Cross Create Flash Image
riscv-nuclei-elf-objcopy -O ihex "fly_bird.elf"  "fly_bird.hex"
Invoking: GNU RISC-V Cross Create Listing
riscv-nuclei-elf-objdump --source --all-headers --demangle --line-numbers --wide "fly_bird.elf" > "fly_bird.lst"
Invoking: GNU RISC-V Cross Print Size
riscv-nuclei-elf-size --format=berkeley "fly_bird.elf"
   text	   data	    bss	    dec	    hex	filename
  24714	    136	   2780	  27630	   6bee	fly_bird.elf
Finished building: fly_bird.hex
Finished building: fly_bird.siz
 
 
Finished building: fly_bird.lst
 

20:54:27 Build Finished. 0 errors, 0 warnings. (took 674ms)

