13:49:38 **** Build of configuration Debug for project nes_test ****
make -j12 all 
Building file: ../hbird_sdk/SoC/hbirdv2/Common/Source/Stubs/clock_getres.c
Building file: ../hbird_sdk/SoC/hbirdv2/Common/Source/Stubs/clock_gettime.c
Building file: ../hbird_sdk/SoC/hbirdv2/Common/Source/Stubs/clock_settime.c
Invoking: GNU RISC-V Cross C Compiler
riscv-nuclei-elf-gcc -march=rv32imac -mabi=ilp32 -mcmodel=medany -mno-save-restore -O2 -ffunction-sections -fdata-sections -fno-common --specs=nano.specs --specs=nosys.specs  -g -D__IDE_RV_CORE=e203 -DSOC_HBIRD -DDOWNLOAD_MODE=DOWNLOAD_MODE_ILM -DDOWNLOAD_MODE_STRING=\"ILM\" -DBOARD_DDR200T -I"C:\NucleiStudio_workspace\HBirdv2_Prj\nes_test\hbird_sdk\NMSIS\Core\Include" -I"C:\NucleiStudio_workspace\HBirdv2_Prj\nes_test\hbird_sdk\SoC\hbirdv2\Common\Include" -I"C:\NucleiStudio_workspace\HBirdv2_Prj\nes_test\hbird_sdk\SoC\hbirdv2\Board\ddr200t\Include" -I"C:\NucleiStudio_workspace\HBirdv2_Prj\nes_test\application" -std=gnu11 -MMD -MP -MF"hbird_sdk/SoC/hbirdv2/Common/Source/Stubs/clock_getres.d" -MT"hbird_sdk/SoC/hbirdv2/Common/Source/Stubs/clock_getres.o" -c -o "hbird_sdk/SoC/hbirdv2/Common/Source/Stubs/clock_getres.o" "../hbird_sdk/SoC/hbirdv2/Common/Source/Stubs/clock_getres.c"
Building file: ../hbird_sdk/SoC/hbirdv2/Common/Source/Stubs/close.c
Invoking: GNU RISC-V Cross C Compiler
Invoking: GNU RISC-V Cross C Compiler
riscv-nuclei-elf-gcc -march=rv32imac -mabi=ilp32 -mcmodel=medany -mno-save-restore -O2 -ffunction-sections -fdata-sections -fno-common --specs=nano.specs --specs=nosys.specs  -g -D__IDE_RV_CORE=e203 -DSOC_HBIRD -DDOWNLOAD_MODE=DOWNLOAD_MODE_ILM -DDOWNLOAD_MODE_STRING=\"ILM\" -DBOARD_DDR200T -I"C:\NucleiStudio_workspace\HBirdv2_Prj\nes_test\hbird_sdk\NMSIS\Core\Include" -I"C:\NucleiStudio_workspace\HBirdv2_Prj\nes_test\hbird_sdk\SoC\hbirdv2\Common\Include" -I"C:\NucleiStudio_workspace\HBirdv2_Prj\nes_test\hbird_sdk\SoC\hbirdv2\Board\ddr200t\Include" -I"C:\NucleiStudio_workspace\HBirdv2_Prj\nes_test\application" -std=gnu11 -MMD -MP -MF"hbird_sdk/SoC/hbirdv2/Common/Source/Stubs/clock_gettime.d" -MT"hbird_sdk/SoC/hbirdv2/Common/Source/Stubs/clock_gettime.o" -c -o "hbird_sdk/SoC/hbirdv2/Common/Source/Stubs/clock_gettime.o" "../hbird_sdk/SoC/hbirdv2/Common/Source/Stubs/clock_gettime.c"
riscv-nuclei-elf-gcc -march=rv32imac -mabi=ilp32 -mcmodel=medany -mno-save-restore -O2 -ffunction-sections -fdata-sections -fno-common --specs=nano.specs --specs=nosys.specs  -g -D__IDE_RV_CORE=e203 -DSOC_HBIRD -DDOWNLOAD_MODE=DOWNLOAD_MODE_ILM -DDOWNLOAD_MODE_STRING=\"ILM\" -DBOARD_DDR200T -I"C:\NucleiStudio_workspace\HBirdv2_Prj\nes_test\hbird_sdk\NMSIS\Core\Include" -I"C:\NucleiStudio_workspace\HBirdv2_Prj\nes_test\hbird_sdk\SoC\hbirdv2\Common\Include" -I"C:\NucleiStudio_workspace\HBirdv2_Prj\nes_test\hbird_sdk\SoC\hbirdv2\Board\ddr200t\Include" -I"C:\NucleiStudio_workspace\HBirdv2_Prj\nes_test\application" -std=gnu11 -MMD -MP -MF"hbird_sdk/SoC/hbirdv2/Common/Source/Stubs/clock_settime.d" -MT"hbird_sdk/SoC/hbirdv2/Common/Source/Stubs/clock_settime.o" -c -o "hbird_sdk/SoC/hbirdv2/Common/Source/Stubs/clock_settime.o" "../hbird_sdk/SoC/hbirdv2/Common/Source/Stubs/clock_settime.c"
Invoking: GNU RISC-V Cross C Compiler
riscv-nuclei-elf-gcc -march=rv32imac -mabi=ilp32 -mcmodel=medany -mno-save-restore -O2 -ffunction-sections -fdata-sections -fno-common --specs=nano.specs --specs=nosys.specs  -g -D__IDE_RV_CORE=e203 -DSOC_HBIRD -DDOWNLOAD_MODE=DOWNLOAD_MODE_ILM -DDOWNLOAD_MODE_STRING=\"ILM\" -DBOARD_DDR200T -I"C:\NucleiStudio_workspace\HBirdv2_Prj\nes_test\hbird_sdk\NMSIS\Core\Include" -I"C:\NucleiStudio_workspace\HBirdv2_Prj\nes_test\hbird_sdk\SoC\hbirdv2\Common\Include" -I"C:\NucleiStudio_workspace\HBirdv2_Prj\nes_test\hbird_sdk\SoC\hbirdv2\Board\ddr200t\Include" -I"C:\NucleiStudio_workspace\HBirdv2_Prj\nes_test\application" -std=gnu11 -MMD -MP -MF"hbird_sdk/SoC/hbirdv2/Common/Source/Stubs/close.d" -MT"hbird_sdk/SoC/hbirdv2/Common/Source/Stubs/close.o" -c -o "hbird_sdk/SoC/hbirdv2/Common/Source/Stubs/close.o" "../hbird_sdk/SoC/hbirdv2/Common/Source/Stubs/close.c"
Building file: ../hbird_sdk/SoC/hbirdv2/Common/Source/Stubs/execve.c
Building file: ../hbird_sdk/SoC/hbirdv2/Common/Source/Stubs/exit.c
Building file: ../hbird_sdk/SoC/hbirdv2/Common/Source/Stubs/fork.c
Invoking: GNU RISC-V Cross C Compiler
Building file: ../hbird_sdk/SoC/hbirdv2/Common/Source/Stubs/fstat.c
Invoking: GNU RISC-V Cross C Compiler
riscv-nuclei-elf-gcc -march=rv32imac -mabi=ilp32 -mcmodel=medany -mno-save-restore -O2 -ffunction-sections -fdata-sections -fno-common --specs=nano.specs --specs=nosys.specs  -g -D__IDE_RV_CORE=e203 -DSOC_HBIRD -DDOWNLOAD_MODE=DOWNLOAD_MODE_ILM -DDOWNLOAD_MODE_STRING=\"ILM\" -DBOARD_DDR200T -I"C:\NucleiStudio_workspace\HBirdv2_Prj\nes_test\hbird_sdk\NMSIS\Core\Include" -I"C:\NucleiStudio_workspace\HBirdv2_Prj\nes_test\hbird_sdk\SoC\hbirdv2\Common\Include" -I"C:\NucleiStudio_workspace\HBirdv2_Prj\nes_test\hbird_sdk\SoC\hbirdv2\Board\ddr200t\Include" -I"C:\NucleiStudio_workspace\HBirdv2_Prj\nes_test\application" -std=gnu11 -MMD -MP -MF"hbird_sdk/SoC/hbirdv2/Common/Source/Stubs/execve.d" -MT"hbird_sdk/SoC/hbirdv2/Common/Source/Stubs/execve.o" -c -o "hbird_sdk/SoC/hbirdv2/Common/Source/Stubs/execve.o" "../hbird_sdk/SoC/hbirdv2/Common/Source/Stubs/execve.c"
Building file: ../hbird_sdk/SoC/hbirdv2/Common/Source/Stubs/getpid.c
riscv-nuclei-elf-gcc -march=rv32imac -mabi=ilp32 -mcmodel=medany -mno-save-restore -O2 -ffunction-sections -fdata-sections -fno-common --specs=nano.specs --specs=nosys.specs  -g -D__IDE_RV_CORE=e203 -DSOC_HBIRD -DDOWNLOAD_MODE=DOWNLOAD_MODE_ILM -DDOWNLOAD_MODE_STRING=\"ILM\" -DBOARD_DDR200T -I"C:\NucleiStudio_workspace\HBirdv2_Prj\nes_test\hbird_sdk\NMSIS\Core\Include" -I"C:\NucleiStudio_workspace\HBirdv2_Prj\nes_test\hbird_sdk\SoC\hbirdv2\Common\Include" -I"C:\NucleiStudio_workspace\HBirdv2_Prj\nes_test\hbird_sdk\SoC\hbirdv2\Board\ddr200t\Include" -I"C:\NucleiStudio_workspace\HBirdv2_Prj\nes_test\application" -std=gnu11 -MMD -MP -MF"hbird_sdk/SoC/hbirdv2/Common/Source/Stubs/exit.d" -MT"hbird_sdk/SoC/hbirdv2/Common/Source/Stubs/exit.o" -c -o "hbird_sdk/SoC/hbirdv2/Common/Source/Stubs/exit.o" "../hbird_sdk/SoC/hbirdv2/Common/Source/Stubs/exit.c"
Invoking: GNU RISC-V Cross C Compiler
Invoking: GNU RISC-V Cross C Compiler
riscv-nuclei-elf-gcc -march=rv32imac -mabi=ilp32 -mcmodel=medany -mno-save-restore -O2 -ffunction-sections -fdata-sections -fno-common --specs=nano.specs --specs=nosys.specs  -g -D__IDE_RV_CORE=e203 -DSOC_HBIRD -DDOWNLOAD_MODE=DOWNLOAD_MODE_ILM -DDOWNLOAD_MODE_STRING=\"ILM\" -DBOARD_DDR200T -I"C:\NucleiStudio_workspace\HBirdv2_Prj\nes_test\hbird_sdk\NMSIS\Core\Include" -I"C:\NucleiStudio_workspace\HBirdv2_Prj\nes_test\hbird_sdk\SoC\hbirdv2\Common\Include" -I"C:\NucleiStudio_workspace\HBirdv2_Prj\nes_test\hbird_sdk\SoC\hbirdv2\Board\ddr200t\Include" -I"C:\NucleiStudio_workspace\HBirdv2_Prj\nes_test\application" -std=gnu11 -MMD -MP -MF"hbird_sdk/SoC/hbirdv2/Common/Source/Stubs/fork.d" -MT"hbird_sdk/SoC/hbirdv2/Common/Source/Stubs/fork.o" -c -o "hbird_sdk/SoC/hbirdv2/Common/Source/Stubs/fork.o" "../hbird_sdk/SoC/hbirdv2/Common/Source/Stubs/fork.c"
riscv-nuclei-elf-gcc -march=rv32imac -mabi=ilp32 -mcmodel=medany -mno-save-restore -O2 -ffunction-sections -fdata-sections -fno-common --specs=nano.specs --specs=nosys.specs  -g -D__IDE_RV_CORE=e203 -DSOC_HBIRD -DDOWNLOAD_MODE=DOWNLOAD_MODE_ILM -DDOWNLOAD_MODE_STRING=\"ILM\" -DBOARD_DDR200T -I"C:\NucleiStudio_workspace\HBirdv2_Prj\nes_test\hbird_sdk\NMSIS\Core\Include" -I"C:\NucleiStudio_workspace\HBirdv2_Prj\nes_test\hbird_sdk\SoC\hbirdv2\Common\Include" -I"C:\NucleiStudio_workspace\HBirdv2_Prj\nes_test\hbird_sdk\SoC\hbirdv2\Board\ddr200t\Include" -I"C:\NucleiStudio_workspace\HBirdv2_Prj\nes_test\application" -std=gnu11 -MMD -MP -MF"hbird_sdk/SoC/hbirdv2/Common/Source/Stubs/fstat.d" -MT"hbird_sdk/SoC/hbirdv2/Common/Source/Stubs/fstat.o" -c -o "hbird_sdk/SoC/hbirdv2/Common/Source/Stubs/fstat.o" "../hbird_sdk/SoC/hbirdv2/Common/Source/Stubs/fstat.c"
Invoking: GNU RISC-V Cross C Compiler
riscv-nuclei-elf-gcc -march=rv32imac -mabi=ilp32 -mcmodel=medany -mno-save-restore -O2 -ffunction-sections -fdata-sections -fno-common --specs=nano.specs --specs=nosys.specs  -g -D__IDE_RV_CORE=e203 -DSOC_HBIRD -DDOWNLOAD_MODE=DOWNLOAD_MODE_ILM -DDOWNLOAD_MODE_STRING=\"ILM\" -DBOARD_DDR200T -I"C:\NucleiStudio_workspace\HBirdv2_Prj\nes_test\hbird_sdk\NMSIS\Core\Include" -I"C:\NucleiStudio_workspace\HBirdv2_Prj\nes_test\hbird_sdk\SoC\hbirdv2\Common\Include" -I"C:\NucleiStudio_workspace\HBirdv2_Prj\nes_test\hbird_sdk\SoC\hbirdv2\Board\ddr200t\Include" -I"C:\NucleiStudio_workspace\HBirdv2_Prj\nes_test\application" -std=gnu11 -MMD -MP -MF"hbird_sdk/SoC/hbirdv2/Common/Source/Stubs/getpid.d" -MT"hbird_sdk/SoC/hbirdv2/Common/Source/Stubs/getpid.o" -c -o "hbird_sdk/SoC/hbirdv2/Common/Source/Stubs/getpid.o" "../hbird_sdk/SoC/hbirdv2/Common/Source/Stubs/getpid.c"
Building file: ../hbird_sdk/SoC/hbirdv2/Common/Source/Stubs/gettimeofday.c
Building file: ../hbird_sdk/SoC/hbirdv2/Common/Source/Stubs/isatty.c
Invoking: GNU RISC-V Cross C Compiler
riscv-nuclei-elf-gcc -march=rv32imac -mabi=ilp32 -mcmodel=medany -mno-save-restore -O2 -ffunction-sections -fdata-sections -fno-common --specs=nano.specs --specs=nosys.specs  -g -D__IDE_RV_CORE=e203 -DSOC_HBIRD -DDOWNLOAD_MODE=DOWNLOAD_MODE_ILM -DDOWNLOAD_MODE_STRING=\"ILM\" -DBOARD_DDR200T -I"C:\NucleiStudio_workspace\HBirdv2_Prj\nes_test\hbird_sdk\NMSIS\Core\Include" -I"C:\NucleiStudio_workspace\HBirdv2_Prj\nes_test\hbird_sdk\SoC\hbirdv2\Common\Include" -I"C:\NucleiStudio_workspace\HBirdv2_Prj\nes_test\hbird_sdk\SoC\hbirdv2\Board\ddr200t\Include" -I"C:\NucleiStudio_workspace\HBirdv2_Prj\nes_test\application" -std=gnu11 -MMD -MP -MF"hbird_sdk/SoC/hbirdv2/Common/Source/Stubs/gettimeofday.d" -MT"hbird_sdk/SoC/hbirdv2/Common/Source/Stubs/gettimeofday.o" -c -o "hbird_sdk/SoC/hbirdv2/Common/Source/Stubs/gettimeofday.o" "../hbird_sdk/SoC/hbirdv2/Common/Source/Stubs/gettimeofday.c"
Building file: ../hbird_sdk/SoC/hbirdv2/Common/Source/Stubs/kill.c
Invoking: GNU RISC-V Cross C Compiler
riscv-nuclei-elf-gcc -march=rv32imac -mabi=ilp32 -mcmodel=medany -mno-save-restore -O2 -ffunction-sections -fdata-sections -fno-common --specs=nano.specs --specs=nosys.specs  -g -D__IDE_RV_CORE=e203 -DSOC_HBIRD -DDOWNLOAD_MODE=DOWNLOAD_MODE_ILM -DDOWNLOAD_MODE_STRING=\"ILM\" -DBOARD_DDR200T -I"C:\NucleiStudio_workspace\HBirdv2_Prj\nes_test\hbird_sdk\NMSIS\Core\Include" -I"C:\NucleiStudio_workspace\HBirdv2_Prj\nes_test\hbird_sdk\SoC\hbirdv2\Common\Include" -I"C:\NucleiStudio_workspace\HBirdv2_Prj\nes_test\hbird_sdk\SoC\hbirdv2\Board\ddr200t\Include" -I"C:\NucleiStudio_workspace\HBirdv2_Prj\nes_test\application" -std=gnu11 -MMD -MP -MF"hbird_sdk/SoC/hbirdv2/Common/Source/Stubs/isatty.d" -MT"hbird_sdk/SoC/hbirdv2/Common/Source/Stubs/isatty.o" -c -o "hbird_sdk/SoC/hbirdv2/Common/Source/Stubs/isatty.o" "../hbird_sdk/SoC/hbirdv2/Common/Source/Stubs/isatty.c"
Invoking: GNU RISC-V Cross C Compiler
riscv-nuclei-elf-gcc -march=rv32imac -mabi=ilp32 -mcmodel=medany -mno-save-restore -O2 -ffunction-sections -fdata-sections -fno-common --specs=nano.specs --specs=nosys.specs  -g -D__IDE_RV_CORE=e203 -DSOC_HBIRD -DDOWNLOAD_MODE=DOWNLOAD_MODE_ILM -DDOWNLOAD_MODE_STRING=\"ILM\" -DBOARD_DDR200T -I"C:\NucleiStudio_workspace\HBirdv2_Prj\nes_test\hbird_sdk\NMSIS\Core\Include" -I"C:\NucleiStudio_workspace\HBirdv2_Prj\nes_test\hbird_sdk\SoC\hbirdv2\Common\Include" -I"C:\NucleiStudio_workspace\HBirdv2_Prj\nes_test\hbird_sdk\SoC\hbirdv2\Board\ddr200t\Include" -I"C:\NucleiStudio_workspace\HBirdv2_Prj\nes_test\application" -std=gnu11 -MMD -MP -MF"hbird_sdk/SoC/hbirdv2/Common/Source/Stubs/kill.d" -MT"hbird_sdk/SoC/hbirdv2/Common/Source/Stubs/kill.o" -c -o "hbird_sdk/SoC/hbirdv2/Common/Source/Stubs/kill.o" "../hbird_sdk/SoC/hbirdv2/Common/Source/Stubs/kill.c"
Finished building: ../hbird_sdk/SoC/hbirdv2/Common/Source/Stubs/clock_getres.c
Finished building: ../hbird_sdk/SoC/hbirdv2/Common/Source/Stubs/clock_settime.c
 
Finished building: ../hbird_sdk/SoC/hbirdv2/Common/Source/Stubs/close.c
Building file: ../hbird_sdk/SoC/hbirdv2/Common/Source/Stubs/link.c
Finished building: ../hbird_sdk/SoC/hbirdv2/Common/Source/Stubs/clock_gettime.c
Finished building: ../hbird_sdk/SoC/hbirdv2/Common/Source/Stubs/execve.c
Finished building: ../hbird_sdk/SoC/hbirdv2/Common/Source/Stubs/exit.c
Finished building: ../hbird_sdk/SoC/hbirdv2/Common/Source/Stubs/fork.c
 
Invoking: GNU RISC-V Cross C Compiler
 
 
 
riscv-nuclei-elf-gcc -march=rv32imac -mabi=ilp32 -mcmodel=medany -mno-save-restore -O2 -ffunction-sections -fdata-sections -fno-common --specs=nano.specs --specs=nosys.specs  -g -D__IDE_RV_CORE=e203 -DSOC_HBIRD -DDOWNLOAD_MODE=DOWNLOAD_MODE_ILM -DDOWNLOAD_MODE_STRING=\"ILM\" -DBOARD_DDR200T -I"C:\NucleiStudio_workspace\HBirdv2_Prj\nes_test\hbird_sdk\NMSIS\Core\Include" -I"C:\NucleiStudio_workspace\HBirdv2_Prj\nes_test\hbird_sdk\SoC\hbirdv2\Common\Include" -I"C:\NucleiStudio_workspace\HBirdv2_Prj\nes_test\hbird_sdk\SoC\hbirdv2\Board\ddr200t\Include" -I"C:\NucleiStudio_workspace\HBirdv2_Prj\nes_test\application" -std=gnu11 -MMD -MP -MF"hbird_sdk/SoC/hbirdv2/Common/Source/Stubs/link.d" -MT"hbird_sdk/SoC/hbirdv2/Common/Source/Stubs/link.o" -c -o "hbird_sdk/SoC/hbirdv2/Common/Source/Stubs/link.o" "../hbird_sdk/SoC/hbirdv2/Common/Source/Stubs/link.c"
 
 
Building file: ../hbird_sdk/SoC/hbirdv2/Common/Source/Stubs/lseek.c
Finished building: ../hbird_sdk/SoC/hbirdv2/Common/Source/Stubs/fstat.c
Building file: ../hbird_sdk/SoC/hbirdv2/Common/Source/Stubs/open.c
Finished building: ../hbird_sdk/SoC/hbirdv2/Common/Source/Stubs/getpid.c
Finished building: ../hbird_sdk/SoC/hbirdv2/Common/Source/Stubs/gettimeofday.c
Finished building: ../hbird_sdk/SoC/hbirdv2/Common/Source/Stubs/isatty.c
Finished building: ../hbird_sdk/SoC/hbirdv2/Common/Source/Stubs/kill.c
Invoking: GNU RISC-V Cross C Compiler
 
Invoking: GNU RISC-V Cross C Compiler
 
riscv-nuclei-elf-gcc -march=rv32imac -mabi=ilp32 -mcmodel=medany -mno-save-restore -O2 -ffunction-sections -fdata-sections -fno-common --specs=nano.specs --specs=nosys.specs  -g -D__IDE_RV_CORE=e203 -DSOC_HBIRD -DDOWNLOAD_MODE=DOWNLOAD_MODE_ILM -DDOWNLOAD_MODE_STRING=\"ILM\" -DBOARD_DDR200T -I"C:\NucleiStudio_workspace\HBirdv2_Prj\nes_test\hbird_sdk\NMSIS\Core\Include" -I"C:\NucleiStudio_workspace\HBirdv2_Prj\nes_test\hbird_sdk\SoC\hbirdv2\Common\Include" -I"C:\NucleiStudio_workspace\HBirdv2_Prj\nes_test\hbird_sdk\SoC\hbirdv2\Board\ddr200t\Include" -I"C:\NucleiStudio_workspace\HBirdv2_Prj\nes_test\application" -std=gnu11 -MMD -MP -MF"hbird_sdk/SoC/hbirdv2/Common/Source/Stubs/lseek.d" -MT"hbird_sdk/SoC/hbirdv2/Common/Source/Stubs/lseek.o" -c -o "hbird_sdk/SoC/hbirdv2/Common/Source/Stubs/lseek.o" "../hbird_sdk/SoC/hbirdv2/Common/Source/Stubs/lseek.c"
 
 
riscv-nuclei-elf-gcc -march=rv32imac -mabi=ilp32 -mcmodel=medany -mno-save-restore -O2 -ffunction-sections -fdata-sections -fno-common --specs=nano.specs --specs=nosys.specs  -g -D__IDE_RV_CORE=e203 -DSOC_HBIRD -DDOWNLOAD_MODE=DOWNLOAD_MODE_ILM -DDOWNLOAD_MODE_STRING=\"ILM\" -DBOARD_DDR200T -I"C:\NucleiStudio_workspace\HBirdv2_Prj\nes_test\hbird_sdk\NMSIS\Core\Include" -I"C:\NucleiStudio_workspace\HBirdv2_Prj\nes_test\hbird_sdk\SoC\hbirdv2\Common\Include" -I"C:\NucleiStudio_workspace\HBirdv2_Prj\nes_test\hbird_sdk\SoC\hbirdv2\Board\ddr200t\Include" -I"C:\NucleiStudio_workspace\HBirdv2_Prj\nes_test\application" -std=gnu11 -MMD -MP -MF"hbird_sdk/SoC/hbirdv2/Common/Source/Stubs/open.d" -MT"hbird_sdk/SoC/hbirdv2/Common/Source/Stubs/open.o" -c -o "hbird_sdk/SoC/hbirdv2/Common/Source/Stubs/open.o" "../hbird_sdk/SoC/hbirdv2/Common/Source/Stubs/open.c"
 
Building file: ../hbird_sdk/SoC/hbirdv2/Common/Source/Stubs/read.c
Building file: ../hbird_sdk/SoC/hbirdv2/Common/Source/Stubs/sbrk.c
Building file: ../hbird_sdk/SoC/hbirdv2/Common/Source/Stubs/stat.c
Invoking: GNU RISC-V Cross C Compiler
Building file: ../hbird_sdk/SoC/hbirdv2/Common/Source/Stubs/times.c
Invoking: GNU RISC-V Cross C Compiler
riscv-nuclei-elf-gcc -march=rv32imac -mabi=ilp32 -mcmodel=medany -mno-save-restore -O2 -ffunction-sections -fdata-sections -fno-common --specs=nano.specs --specs=nosys.specs  -g -D__IDE_RV_CORE=e203 -DSOC_HBIRD -DDOWNLOAD_MODE=DOWNLOAD_MODE_ILM -DDOWNLOAD_MODE_STRING=\"ILM\" -DBOARD_DDR200T -I"C:\NucleiStudio_workspace\HBirdv2_Prj\nes_test\hbird_sdk\NMSIS\Core\Include" -I"C:\NucleiStudio_workspace\HBirdv2_Prj\nes_test\hbird_sdk\SoC\hbirdv2\Common\Include" -I"C:\NucleiStudio_workspace\HBirdv2_Prj\nes_test\hbird_sdk\SoC\hbirdv2\Board\ddr200t\Include" -I"C:\NucleiStudio_workspace\HBirdv2_Prj\nes_test\application" -std=gnu11 -MMD -MP -MF"hbird_sdk/SoC/hbirdv2/Common/Source/Stubs/read.d" -MT"hbird_sdk/SoC/hbirdv2/Common/Source/Stubs/read.o" -c -o "hbird_sdk/SoC/hbirdv2/Common/Source/Stubs/read.o" "../hbird_sdk/SoC/hbirdv2/Common/Source/Stubs/read.c"
Invoking: GNU RISC-V Cross C Compiler
Building file: ../hbird_sdk/SoC/hbirdv2/Common/Source/Stubs/unlink.c
riscv-nuclei-elf-gcc -march=rv32imac -mabi=ilp32 -mcmodel=medany -mno-save-restore -O2 -ffunction-sections -fdata-sections -fno-common --specs=nano.specs --specs=nosys.specs  -g -D__IDE_RV_CORE=e203 -DSOC_HBIRD -DDOWNLOAD_MODE=DOWNLOAD_MODE_ILM -DDOWNLOAD_MODE_STRING=\"ILM\" -DBOARD_DDR200T -I"C:\NucleiStudio_workspace\HBirdv2_Prj\nes_test\hbird_sdk\NMSIS\Core\Include" -I"C:\NucleiStudio_workspace\HBirdv2_Prj\nes_test\hbird_sdk\SoC\hbirdv2\Common\Include" -I"C:\NucleiStudio_workspace\HBirdv2_Prj\nes_test\hbird_sdk\SoC\hbirdv2\Board\ddr200t\Include" -I"C:\NucleiStudio_workspace\HBirdv2_Prj\nes_test\application" -std=gnu11 -MMD -MP -MF"hbird_sdk/SoC/hbirdv2/Common/Source/Stubs/sbrk.d" -MT"hbird_sdk/SoC/hbirdv2/Common/Source/Stubs/sbrk.o" -c -o "hbird_sdk/SoC/hbirdv2/Common/Source/Stubs/sbrk.o" "../hbird_sdk/SoC/hbirdv2/Common/Source/Stubs/sbrk.c"
riscv-nuclei-elf-gcc -march=rv32imac -mabi=ilp32 -mcmodel=medany -mno-save-restore -O2 -ffunction-sections -fdata-sections -fno-common --specs=nano.specs --specs=nosys.specs  -g -D__IDE_RV_CORE=e203 -DSOC_HBIRD -DDOWNLOAD_MODE=DOWNLOAD_MODE_ILM -DDOWNLOAD_MODE_STRING=\"ILM\" -DBOARD_DDR200T -I"C:\NucleiStudio_workspace\HBirdv2_Prj\nes_test\hbird_sdk\NMSIS\Core\Include" -I"C:\NucleiStudio_workspace\HBirdv2_Prj\nes_test\hbird_sdk\SoC\hbirdv2\Common\Include" -I"C:\NucleiStudio_workspace\HBirdv2_Prj\nes_test\hbird_sdk\SoC\hbirdv2\Board\ddr200t\Include" -I"C:\NucleiStudio_workspace\HBirdv2_Prj\nes_test\application" -std=gnu11 -MMD -MP -MF"hbird_sdk/SoC/hbirdv2/Common/Source/Stubs/stat.d" -MT"hbird_sdk/SoC/hbirdv2/Common/Source/Stubs/stat.o" -c -o "hbird_sdk/SoC/hbirdv2/Common/Source/Stubs/stat.o" "../hbird_sdk/SoC/hbirdv2/Common/Source/Stubs/stat.c"
Invoking: GNU RISC-V Cross C Compiler
riscv-nuclei-elf-gcc -march=rv32imac -mabi=ilp32 -mcmodel=medany -mno-save-restore -O2 -ffunction-sections -fdata-sections -fno-common --specs=nano.specs --specs=nosys.specs  -g -D__IDE_RV_CORE=e203 -DSOC_HBIRD -DDOWNLOAD_MODE=DOWNLOAD_MODE_ILM -DDOWNLOAD_MODE_STRING=\"ILM\" -DBOARD_DDR200T -I"C:\NucleiStudio_workspace\HBirdv2_Prj\nes_test\hbird_sdk\NMSIS\Core\Include" -I"C:\NucleiStudio_workspace\HBirdv2_Prj\nes_test\hbird_sdk\SoC\hbirdv2\Common\Include" -I"C:\NucleiStudio_workspace\HBirdv2_Prj\nes_test\hbird_sdk\SoC\hbirdv2\Board\ddr200t\Include" -I"C:\NucleiStudio_workspace\HBirdv2_Prj\nes_test\application" -std=gnu11 -MMD -MP -MF"hbird_sdk/SoC/hbirdv2/Common/Source/Stubs/times.d" -MT"hbird_sdk/SoC/hbirdv2/Common/Source/Stubs/times.o" -c -o "hbird_sdk/SoC/hbirdv2/Common/Source/Stubs/times.o" "../hbird_sdk/SoC/hbirdv2/Common/Source/Stubs/times.c"
Invoking: GNU RISC-V Cross C Compiler
riscv-nuclei-elf-gcc -march=rv32imac -mabi=ilp32 -mcmodel=medany -mno-save-restore -O2 -ffunction-sections -fdata-sections -fno-common --specs=nano.specs --specs=nosys.specs  -g -D__IDE_RV_CORE=e203 -DSOC_HBIRD -DDOWNLOAD_MODE=DOWNLOAD_MODE_ILM -DDOWNLOAD_MODE_STRING=\"ILM\" -DBOARD_DDR200T -I"C:\NucleiStudio_workspace\HBirdv2_Prj\nes_test\hbird_sdk\NMSIS\Core\Include" -I"C:\NucleiStudio_workspace\HBirdv2_Prj\nes_test\hbird_sdk\SoC\hbirdv2\Common\Include" -I"C:\NucleiStudio_workspace\HBirdv2_Prj\nes_test\hbird_sdk\SoC\hbirdv2\Board\ddr200t\Include" -I"C:\NucleiStudio_workspace\HBirdv2_Prj\nes_test\application" -std=gnu11 -MMD -MP -MF"hbird_sdk/SoC/hbirdv2/Common/Source/Stubs/unlink.d" -MT"hbird_sdk/SoC/hbirdv2/Common/Source/Stubs/unlink.o" -c -o "hbird_sdk/SoC/hbirdv2/Common/Source/Stubs/unlink.o" "../hbird_sdk/SoC/hbirdv2/Common/Source/Stubs/unlink.c"
Building file: ../hbird_sdk/SoC/hbirdv2/Common/Source/Stubs/wait.c
Building file: ../hbird_sdk/SoC/hbirdv2/Common/Source/Stubs/write.c
Building file: ../hbird_sdk/SoC/hbirdv2/Common/Source/GCC/intexc_hbirdv2.S
Invoking: GNU RISC-V Cross C Compiler
Invoking: GNU RISC-V Cross C Compiler
Finished building: ../hbird_sdk/SoC/hbirdv2/Common/Source/Stubs/link.c
riscv-nuclei-elf-gcc -march=rv32imac -mabi=ilp32 -mcmodel=medany -mno-save-restore -O2 -ffunction-sections -fdata-sections -fno-common --specs=nano.specs --specs=nosys.specs  -g -D__IDE_RV_CORE=e203 -DSOC_HBIRD -DDOWNLOAD_MODE=DOWNLOAD_MODE_ILM -DDOWNLOAD_MODE_STRING=\"ILM\" -DBOARD_DDR200T -I"C:\NucleiStudio_workspace\HBirdv2_Prj\nes_test\hbird_sdk\NMSIS\Core\Include" -I"C:\NucleiStudio_workspace\HBirdv2_Prj\nes_test\hbird_sdk\SoC\hbirdv2\Common\Include" -I"C:\NucleiStudio_workspace\HBirdv2_Prj\nes_test\hbird_sdk\SoC\hbirdv2\Board\ddr200t\Include" -I"C:\NucleiStudio_workspace\HBirdv2_Prj\nes_test\application" -std=gnu11 -MMD -MP -MF"hbird_sdk/SoC/hbirdv2/Common/Source/Stubs/wait.d" -MT"hbird_sdk/SoC/hbirdv2/Common/Source/Stubs/wait.o" -c -o "hbird_sdk/SoC/hbirdv2/Common/Source/Stubs/wait.o" "../hbird_sdk/SoC/hbirdv2/Common/Source/Stubs/wait.c"
Building file: ../hbird_sdk/SoC/hbirdv2/Common/Source/GCC/startup_hbirdv2.S
riscv-nuclei-elf-gcc -march=rv32imac -mabi=ilp32 -mcmodel=medany -mno-save-restore -O2 -ffunction-sections -fdata-sections -fno-common --specs=nano.specs --specs=nosys.specs  -g -D__IDE_RV_CORE=e203 -DSOC_HBIRD -DDOWNLOAD_MODE=DOWNLOAD_MODE_ILM -DDOWNLOAD_MODE_STRING=\"ILM\" -DBOARD_DDR200T -I"C:\NucleiStudio_workspace\HBirdv2_Prj\nes_test\hbird_sdk\NMSIS\Core\Include" -I"C:\NucleiStudio_workspace\HBirdv2_Prj\nes_test\hbird_sdk\SoC\hbirdv2\Common\Include" -I"C:\NucleiStudio_workspace\HBirdv2_Prj\nes_test\hbird_sdk\SoC\hbirdv2\Board\ddr200t\Include" -I"C:\NucleiStudio_workspace\HBirdv2_Prj\nes_test\application" -std=gnu11 -MMD -MP -MF"hbird_sdk/SoC/hbirdv2/Common/Source/Stubs/write.d" -MT"hbird_sdk/SoC/hbirdv2/Common/Source/Stubs/write.o" -c -o "hbird_sdk/SoC/hbirdv2/Common/Source/Stubs/write.o" "../hbird_sdk/SoC/hbirdv2/Common/Source/Stubs/write.c"
Invoking: GNU RISC-V Cross Assembler
riscv-nuclei-elf-gcc -march=rv32imac -mabi=ilp32 -mcmodel=medany -mno-save-restore -O2 -ffunction-sections -fdata-sections -fno-common --specs=nano.specs --specs=nosys.specs  -g -x assembler-with-cpp -D__IDE_RV_CORE=e203 -DSOC_HBIRD -DDOWNLOAD_MODE=DOWNLOAD_MODE_ILM -DDOWNLOAD_MODE_STRING=\"ILM\" -DBOARD_DDR200T -I"C:\NucleiStudio_workspace\HBirdv2_Prj\nes_test\hbird_sdk\NMSIS\Core\Include" -I"C:\NucleiStudio_workspace\HBirdv2_Prj\nes_test\hbird_sdk\SoC\hbirdv2\Common\Include" -I"C:\NucleiStudio_workspace\HBirdv2_Prj\nes_test\hbird_sdk\SoC\hbirdv2\Board\ddr200t\Include" -I"C:\NucleiStudio_workspace\HBirdv2_Prj\nes_test\application" -MMD -MP -MF"hbird_sdk/SoC/hbirdv2/Common/Source/GCC/intexc_hbirdv2.d" -MT"hbird_sdk/SoC/hbirdv2/Common/Source/GCC/intexc_hbirdv2.o" -c -o "hbird_sdk/SoC/hbirdv2/Common/Source/GCC/intexc_hbirdv2.o" "../hbird_sdk/SoC/hbirdv2/Common/Source/GCC/intexc_hbirdv2.S"
 
Invoking: GNU RISC-V Cross Assembler
Finished building: ../hbird_sdk/SoC/hbirdv2/Common/Source/Stubs/lseek.c
riscv-nuclei-elf-gcc -march=rv32imac -mabi=ilp32 -mcmodel=medany -mno-save-restore -O2 -ffunction-sections -fdata-sections -fno-common --specs=nano.specs --specs=nosys.specs  -g -x assembler-with-cpp -D__IDE_RV_CORE=e203 -DSOC_HBIRD -DDOWNLOAD_MODE=DOWNLOAD_MODE_ILM -DDOWNLOAD_MODE_STRING=\"ILM\" -DBOARD_DDR200T -I"C:\NucleiStudio_workspace\HBirdv2_Prj\nes_test\hbird_sdk\NMSIS\Core\Include" -I"C:\NucleiStudio_workspace\HBirdv2_Prj\nes_test\hbird_sdk\SoC\hbirdv2\Common\Include" -I"C:\NucleiStudio_workspace\HBirdv2_Prj\nes_test\hbird_sdk\SoC\hbirdv2\Board\ddr200t\Include" -I"C:\NucleiStudio_workspace\HBirdv2_Prj\nes_test\application" -MMD -MP -MF"hbird_sdk/SoC/hbirdv2/Common/Source/GCC/startup_hbirdv2.d" -MT"hbird_sdk/SoC/hbirdv2/Common/Source/GCC/startup_hbirdv2.o" -c -o "hbird_sdk/SoC/hbirdv2/Common/Source/GCC/startup_hbirdv2.o" "../hbird_sdk/SoC/hbirdv2/Common/Source/GCC/startup_hbirdv2.S"
Building file: ../hbird_sdk/SoC/hbirdv2/Common/Source/Drivers/hbirdv2_gpio.c
 
Finished building: ../hbird_sdk/SoC/hbirdv2/Common/Source/Stubs/open.c
Invoking: GNU RISC-V Cross C Compiler
Building file: ../hbird_sdk/SoC/hbirdv2/Common/Source/Drivers/hbirdv2_i2c.c
riscv-nuclei-elf-gcc -march=rv32imac -mabi=ilp32 -mcmodel=medany -mno-save-restore -O2 -ffunction-sections -fdata-sections -fno-common --specs=nano.specs --specs=nosys.specs  -g -D__IDE_RV_CORE=e203 -DSOC_HBIRD -DDOWNLOAD_MODE=DOWNLOAD_MODE_ILM -DDOWNLOAD_MODE_STRING=\"ILM\" -DBOARD_DDR200T -I"C:\NucleiStudio_workspace\HBirdv2_Prj\nes_test\hbird_sdk\NMSIS\Core\Include" -I"C:\NucleiStudio_workspace\HBirdv2_Prj\nes_test\hbird_sdk\SoC\hbirdv2\Common\Include" -I"C:\NucleiStudio_workspace\HBirdv2_Prj\nes_test\hbird_sdk\SoC\hbirdv2\Board\ddr200t\Include" -I"C:\NucleiStudio_workspace\HBirdv2_Prj\nes_test\application" -std=gnu11 -MMD -MP -MF"hbird_sdk/SoC/hbirdv2/Common/Source/Drivers/hbirdv2_gpio.d" -MT"hbird_sdk/SoC/hbirdv2/Common/Source/Drivers/hbirdv2_gpio.o" -c -o "hbird_sdk/SoC/hbirdv2/Common/Source/Drivers/hbirdv2_gpio.o" "../hbird_sdk/SoC/hbirdv2/Common/Source/Drivers/hbirdv2_gpio.c"
Invoking: GNU RISC-V Cross C Compiler
 
riscv-nuclei-elf-gcc -march=rv32imac -mabi=ilp32 -mcmodel=medany -mno-save-restore -O2 -ffunction-sections -fdata-sections -fno-common --specs=nano.specs --specs=nosys.specs  -g -D__IDE_RV_CORE=e203 -DSOC_HBIRD -DDOWNLOAD_MODE=DOWNLOAD_MODE_ILM -DDOWNLOAD_MODE_STRING=\"ILM\" -DBOARD_DDR200T -I"C:\NucleiStudio_workspace\HBirdv2_Prj\nes_test\hbird_sdk\NMSIS\Core\Include" -I"C:\NucleiStudio_workspace\HBirdv2_Prj\nes_test\hbird_sdk\SoC\hbirdv2\Common\Include" -I"C:\NucleiStudio_workspace\HBirdv2_Prj\nes_test\hbird_sdk\SoC\hbirdv2\Board\ddr200t\Include" -I"C:\NucleiStudio_workspace\HBirdv2_Prj\nes_test\application" -std=gnu11 -MMD -MP -MF"hbird_sdk/SoC/hbirdv2/Common/Source/Drivers/hbirdv2_i2c.d" -MT"hbird_sdk/SoC/hbirdv2/Common/Source/Drivers/hbirdv2_i2c.o" -c -o "hbird_sdk/SoC/hbirdv2/Common/Source/Drivers/hbirdv2_i2c.o" "../hbird_sdk/SoC/hbirdv2/Common/Source/Drivers/hbirdv2_i2c.c"
Finished building: ../hbird_sdk/SoC/hbirdv2/Common/Source/Stubs/stat.c
Building file: ../hbird_sdk/SoC/hbirdv2/Common/Source/Drivers/hbirdv2_pwm.c
 
Finished building: ../hbird_sdk/SoC/hbirdv2/Common/Source/Stubs/sbrk.c
Invoking: GNU RISC-V Cross C Compiler
Building file: ../hbird_sdk/SoC/hbirdv2/Common/Source/Drivers/hbirdv2_spi.c
Finished building: ../hbird_sdk/SoC/hbirdv2/Common/Source/Stubs/read.c
Finished building: ../hbird_sdk/SoC/hbirdv2/Common/Source/GCC/intexc_hbirdv2.S
Finished building: ../hbird_sdk/SoC/hbirdv2/Common/Source/Stubs/times.c
Finished building: ../hbird_sdk/SoC/hbirdv2/Common/Source/Stubs/unlink.c
riscv-nuclei-elf-gcc -march=rv32imac -mabi=ilp32 -mcmodel=medany -mno-save-restore -O2 -ffunction-sections -fdata-sections -fno-common --specs=nano.specs --specs=nosys.specs  -g -D__IDE_RV_CORE=e203 -DSOC_HBIRD -DDOWNLOAD_MODE=DOWNLOAD_MODE_ILM -DDOWNLOAD_MODE_STRING=\"ILM\" -DBOARD_DDR200T -I"C:\NucleiStudio_workspace\HBirdv2_Prj\nes_test\hbird_sdk\NMSIS\Core\Include" -I"C:\NucleiStudio_workspace\HBirdv2_Prj\nes_test\hbird_sdk\SoC\hbirdv2\Common\Include" -I"C:\NucleiStudio_workspace\HBirdv2_Prj\nes_test\hbird_sdk\SoC\hbirdv2\Board\ddr200t\Include" -I"C:\NucleiStudio_workspace\HBirdv2_Prj\nes_test\application" -std=gnu11 -MMD -MP -MF"hbird_sdk/SoC/hbirdv2/Common/Source/Drivers/hbirdv2_pwm.d" -MT"hbird_sdk/SoC/hbirdv2/Common/Source/Drivers/hbirdv2_pwm.o" -c -o "hbird_sdk/SoC/hbirdv2/Common/Source/Drivers/hbirdv2_pwm.o" "../hbird_sdk/SoC/hbirdv2/Common/Source/Drivers/hbirdv2_pwm.c"
Finished building: ../hbird_sdk/SoC/hbirdv2/Common/Source/GCC/startup_hbirdv2.S
 
Finished building: ../hbird_sdk/SoC/hbirdv2/Common/Source/Stubs/wait.c
Invoking: GNU RISC-V Cross C Compiler
 
 
Finished building: ../hbird_sdk/SoC/hbirdv2/Common/Source/Stubs/write.c
 
riscv-nuclei-elf-gcc -march=rv32imac -mabi=ilp32 -mcmodel=medany -mno-save-restore -O2 -ffunction-sections -fdata-sections -fno-common --specs=nano.specs --specs=nosys.specs  -g -D__IDE_RV_CORE=e203 -DSOC_HBIRD -DDOWNLOAD_MODE=DOWNLOAD_MODE_ILM -DDOWNLOAD_MODE_STRING=\"ILM\" -DBOARD_DDR200T -I"C:\NucleiStudio_workspace\HBirdv2_Prj\nes_test\hbird_sdk\NMSIS\Core\Include" -I"C:\NucleiStudio_workspace\HBirdv2_Prj\nes_test\hbird_sdk\SoC\hbirdv2\Common\Include" -I"C:\NucleiStudio_workspace\HBirdv2_Prj\nes_test\hbird_sdk\SoC\hbirdv2\Board\ddr200t\Include" -I"C:\NucleiStudio_workspace\HBirdv2_Prj\nes_test\application" -std=gnu11 -MMD -MP -MF"hbird_sdk/SoC/hbirdv2/Common/Source/Drivers/hbirdv2_spi.d" -MT"hbird_sdk/SoC/hbirdv2/Common/Source/Drivers/hbirdv2_spi.o" -c -o "hbird_sdk/SoC/hbirdv2/Common/Source/Drivers/hbirdv2_spi.o" "../hbird_sdk/SoC/hbirdv2/Common/Source/Drivers/hbirdv2_spi.c"
 
 
 
 
Building file: ../hbird_sdk/SoC/hbirdv2/Common/Source/Drivers/hbirdv2_uart.c
Building file: ../hbird_sdk/SoC/hbirdv2/Common/Source/Drivers/htif.c
Building file: ../hbird_sdk/SoC/hbirdv2/Common/Source/hbirdv2_common.c
Invoking: GNU RISC-V Cross C Compiler
Building file: ../hbird_sdk/SoC/hbirdv2/Common/Source/system_hbirdv2.c
riscv-nuclei-elf-gcc -march=rv32imac -mabi=ilp32 -mcmodel=medany -mno-save-restore -O2 -ffunction-sections -fdata-sections -fno-common --specs=nano.specs --specs=nosys.specs  -g -D__IDE_RV_CORE=e203 -DSOC_HBIRD -DDOWNLOAD_MODE=DOWNLOAD_MODE_ILM -DDOWNLOAD_MODE_STRING=\"ILM\" -DBOARD_DDR200T -I"C:\NucleiStudio_workspace\HBirdv2_Prj\nes_test\hbird_sdk\NMSIS\Core\Include" -I"C:\NucleiStudio_workspace\HBirdv2_Prj\nes_test\hbird_sdk\SoC\hbirdv2\Common\Include" -I"C:\NucleiStudio_workspace\HBirdv2_Prj\nes_test\hbird_sdk\SoC\hbirdv2\Board\ddr200t\Include" -I"C:\NucleiStudio_workspace\HBirdv2_Prj\nes_test\application" -std=gnu11 -MMD -MP -MF"hbird_sdk/SoC/hbirdv2/Common/Source/Drivers/hbirdv2_uart.d" -MT"hbird_sdk/SoC/hbirdv2/Common/Source/Drivers/hbirdv2_uart.o" -c -o "hbird_sdk/SoC/hbirdv2/Common/Source/Drivers/hbirdv2_uart.o" "../hbird_sdk/SoC/hbirdv2/Common/Source/Drivers/hbirdv2_uart.c"
Invoking: GNU RISC-V Cross C Compiler
Invoking: GNU RISC-V Cross C Compiler
riscv-nuclei-elf-gcc -march=rv32imac -mabi=ilp32 -mcmodel=medany -mno-save-restore -O2 -ffunction-sections -fdata-sections -fno-common --specs=nano.specs --specs=nosys.specs  -g -D__IDE_RV_CORE=e203 -DSOC_HBIRD -DDOWNLOAD_MODE=DOWNLOAD_MODE_ILM -DDOWNLOAD_MODE_STRING=\"ILM\" -DBOARD_DDR200T -I"C:\NucleiStudio_workspace\HBirdv2_Prj\nes_test\hbird_sdk\NMSIS\Core\Include" -I"C:\NucleiStudio_workspace\HBirdv2_Prj\nes_test\hbird_sdk\SoC\hbirdv2\Common\Include" -I"C:\NucleiStudio_workspace\HBirdv2_Prj\nes_test\hbird_sdk\SoC\hbirdv2\Board\ddr200t\Include" -I"C:\NucleiStudio_workspace\HBirdv2_Prj\nes_test\application" -std=gnu11 -MMD -MP -MF"hbird_sdk/SoC/hbirdv2/Common/Source/Drivers/htif.d" -MT"hbird_sdk/SoC/hbirdv2/Common/Source/Drivers/htif.o" -c -o "hbird_sdk/SoC/hbirdv2/Common/Source/Drivers/htif.o" "../hbird_sdk/SoC/hbirdv2/Common/Source/Drivers/htif.c"
Building file: ../application/ILI93xx.c
riscv-nuclei-elf-gcc -march=rv32imac -mabi=ilp32 -mcmodel=medany -mno-save-restore -O2 -ffunction-sections -fdata-sections -fno-common --specs=nano.specs --specs=nosys.specs  -g -D__IDE_RV_CORE=e203 -DSOC_HBIRD -DDOWNLOAD_MODE=DOWNLOAD_MODE_ILM -DDOWNLOAD_MODE_STRING=\"ILM\" -DBOARD_DDR200T -I"C:\NucleiStudio_workspace\HBirdv2_Prj\nes_test\hbird_sdk\NMSIS\Core\Include" -I"C:\NucleiStudio_workspace\HBirdv2_Prj\nes_test\hbird_sdk\SoC\hbirdv2\Common\Include" -I"C:\NucleiStudio_workspace\HBirdv2_Prj\nes_test\hbird_sdk\SoC\hbirdv2\Board\ddr200t\Include" -I"C:\NucleiStudio_workspace\HBirdv2_Prj\nes_test\application" -std=gnu11 -MMD -MP -MF"hbird_sdk/SoC/hbirdv2/Common/Source/hbirdv2_common.d" -MT"hbird_sdk/SoC/hbirdv2/Common/Source/hbirdv2_common.o" -c -o "hbird_sdk/SoC/hbirdv2/Common/Source/hbirdv2_common.o" "../hbird_sdk/SoC/hbirdv2/Common/Source/hbirdv2_common.c"
Invoking: GNU RISC-V Cross C Compiler
riscv-nuclei-elf-gcc -march=rv32imac -mabi=ilp32 -mcmodel=medany -mno-save-restore -O2 -ffunction-sections -fdata-sections -fno-common --specs=nano.specs --specs=nosys.specs  -g -D__IDE_RV_CORE=e203 -DSOC_HBIRD -DDOWNLOAD_MODE=DOWNLOAD_MODE_ILM -DDOWNLOAD_MODE_STRING=\"ILM\" -DBOARD_DDR200T -I"C:\NucleiStudio_workspace\HBirdv2_Prj\nes_test\hbird_sdk\NMSIS\Core\Include" -I"C:\NucleiStudio_workspace\HBirdv2_Prj\nes_test\hbird_sdk\SoC\hbirdv2\Common\Include" -I"C:\NucleiStudio_workspace\HBirdv2_Prj\nes_test\hbird_sdk\SoC\hbirdv2\Board\ddr200t\Include" -I"C:\NucleiStudio_workspace\HBirdv2_Prj\nes_test\application" -std=gnu11 -MMD -MP -MF"hbird_sdk/SoC/hbirdv2/Common/Source/system_hbirdv2.d" -MT"hbird_sdk/SoC/hbirdv2/Common/Source/system_hbirdv2.o" -c -o "hbird_sdk/SoC/hbirdv2/Common/Source/system_hbirdv2.o" "../hbird_sdk/SoC/hbirdv2/Common/Source/system_hbirdv2.c"
Invoking: GNU RISC-V Cross C Compiler
Building file: ../application/InfoNES_Mapper.cpp
Building file: ../application/InfoNES.cpp
Building file: ../application/InfoNES_System.c
Finished building: ../hbird_sdk/SoC/hbirdv2/Common/Source/Drivers/hbirdv2_gpio.c
riscv-nuclei-elf-gcc -march=rv32imac -mabi=ilp32 -mcmodel=medany -mno-save-restore -O2 -ffunction-sections -fdata-sections -fno-common --specs=nano.specs --specs=nosys.specs  -g -D__IDE_RV_CORE=e203 -DSOC_HBIRD -DDOWNLOAD_MODE=DOWNLOAD_MODE_ILM -DDOWNLOAD_MODE_STRING=\"ILM\" -DBOARD_DDR200T -I"C:\NucleiStudio_workspace\HBirdv2_Prj\nes_test\hbird_sdk\NMSIS\Core\Include" -I"C:\NucleiStudio_workspace\HBirdv2_Prj\nes_test\hbird_sdk\SoC\hbirdv2\Common\Include" -I"C:\NucleiStudio_workspace\HBirdv2_Prj\nes_test\hbird_sdk\SoC\hbirdv2\Board\ddr200t\Include" -I"C:\NucleiStudio_workspace\HBirdv2_Prj\nes_test\application" -std=gnu11 -MMD -MP -MF"application/ILI93xx.d" -MT"application/ILI93xx.o" -c -o "application/ILI93xx.o" "../application/ILI93xx.c"
Finished building: ../hbird_sdk/SoC/hbirdv2/Common/Source/Drivers/hbirdv2_i2c.c
Invoking: GNU RISC-V Cross C++ Compiler
Invoking: GNU RISC-V Cross C Compiler
 
riscv-nuclei-elf-g++ -march=rv32imac -mabi=ilp32 -mcmodel=medany -mno-save-restore -O2 -ffunction-sections -fdata-sections -fno-common --specs=nano.specs --specs=nosys.specs  -g -D__IDE_RV_CORE=e203 -DSOC_HBIRD -DDOWNLOAD_MODE=DOWNLOAD_MODE_ILM -DDOWNLOAD_MODE_STRING=\"ILM\" -DBOARD_DDR200T -I"C:\NucleiStudio_workspace\HBirdv2_Prj\nes_test\hbird_sdk\NMSIS\Core\Include" -I"C:\NucleiStudio_workspace\HBirdv2_Prj\nes_test\hbird_sdk\SoC\hbirdv2\Common\Include" -I"C:\NucleiStudio_workspace\HBirdv2_Prj\nes_test\hbird_sdk\SoC\hbirdv2\Board\ddr200t\Include" -I"C:\NucleiStudio_workspace\HBirdv2_Prj\nes_test\application" -std=gnu++11 -fabi-version=0 -MMD -MP -MF"application/InfoNES.d" -MT"application/InfoNES.o" -c -o "application/InfoNES.o" "../application/InfoNES.cpp"
 
Invoking: GNU RISC-V Cross C++ Compiler
Building file: ../application/InfoNES_pAPU.cpp
riscv-nuclei-elf-gcc -march=rv32imac -mabi=ilp32 -mcmodel=medany -mno-save-restore -O2 -ffunction-sections -fdata-sections -fno-common --specs=nano.specs --specs=nosys.specs  -g -D__IDE_RV_CORE=e203 -DSOC_HBIRD -DDOWNLOAD_MODE=DOWNLOAD_MODE_ILM -DDOWNLOAD_MODE_STRING=\"ILM\" -DBOARD_DDR200T -I"C:\NucleiStudio_workspace\HBirdv2_Prj\nes_test\hbird_sdk\NMSIS\Core\Include" -I"C:\NucleiStudio_workspace\HBirdv2_Prj\nes_test\hbird_sdk\SoC\hbirdv2\Common\Include" -I"C:\NucleiStudio_workspace\HBirdv2_Prj\nes_test\hbird_sdk\SoC\hbirdv2\Board\ddr200t\Include" -I"C:\NucleiStudio_workspace\HBirdv2_Prj\nes_test\application" -std=gnu11 -MMD -MP -MF"application/InfoNES_System.d" -MT"application/InfoNES_System.o" -c -o "application/InfoNES_System.o" "../application/InfoNES_System.c"
riscv-nuclei-elf-g++ -march=rv32imac -mabi=ilp32 -mcmodel=medany -mno-save-restore -O2 -ffunction-sections -fdata-sections -fno-common --specs=nano.specs --specs=nosys.specs  -g -D__IDE_RV_CORE=e203 -DSOC_HBIRD -DDOWNLOAD_MODE=DOWNLOAD_MODE_ILM -DDOWNLOAD_MODE_STRING=\"ILM\" -DBOARD_DDR200T -I"C:\NucleiStudio_workspace\HBirdv2_Prj\nes_test\hbird_sdk\NMSIS\Core\Include" -I"C:\NucleiStudio_workspace\HBirdv2_Prj\nes_test\hbird_sdk\SoC\hbirdv2\Common\Include" -I"C:\NucleiStudio_workspace\HBirdv2_Prj\nes_test\hbird_sdk\SoC\hbirdv2\Board\ddr200t\Include" -I"C:\NucleiStudio_workspace\HBirdv2_Prj\nes_test\application" -std=gnu++11 -fabi-version=0 -MMD -MP -MF"application/InfoNES_Mapper.d" -MT"application/InfoNES_Mapper.o" -c -o "application/InfoNES_Mapper.o" "../application/InfoNES_Mapper.cpp"
Finished building: ../hbird_sdk/SoC/hbirdv2/Common/Source/Drivers/hbirdv2_pwm.c
Invoking: GNU RISC-V Cross C++ Compiler
Building file: ../application/K6502.cpp
riscv-nuclei-elf-g++ -march=rv32imac -mabi=ilp32 -mcmodel=medany -mno-save-restore -O2 -ffunction-sections -fdata-sections -fno-common --specs=nano.specs --specs=nosys.specs  -g -D__IDE_RV_CORE=e203 -DSOC_HBIRD -DDOWNLOAD_MODE=DOWNLOAD_MODE_ILM -DDOWNLOAD_MODE_STRING=\"ILM\" -DBOARD_DDR200T -I"C:\NucleiStudio_workspace\HBirdv2_Prj\nes_test\hbird_sdk\NMSIS\Core\Include" -I"C:\NucleiStudio_workspace\HBirdv2_Prj\nes_test\hbird_sdk\SoC\hbirdv2\Common\Include" -I"C:\NucleiStudio_workspace\HBirdv2_Prj\nes_test\hbird_sdk\SoC\hbirdv2\Board\ddr200t\Include" -I"C:\NucleiStudio_workspace\HBirdv2_Prj\nes_test\application" -std=gnu++11 -fabi-version=0 -MMD -MP -MF"application/InfoNES_pAPU.d" -MT"application/InfoNES_pAPU.o" -c -o "application/InfoNES_pAPU.o" "../application/InfoNES_pAPU.cpp"
Finished building: ../hbird_sdk/SoC/hbirdv2/Common/Source/Drivers/htif.c
Finished building: ../hbird_sdk/SoC/hbirdv2/Common/Source/Drivers/hbirdv2_spi.c
 
 
Invoking: GNU RISC-V Cross C++ Compiler
Building file: ../application/key.c
 
riscv-nuclei-elf-g++ -march=rv32imac -mabi=ilp32 -mcmodel=medany -mno-save-restore -O2 -ffunction-sections -fdata-sections -fno-common --specs=nano.specs --specs=nosys.specs  -g -D__IDE_RV_CORE=e203 -DSOC_HBIRD -DDOWNLOAD_MODE=DOWNLOAD_MODE_ILM -DDOWNLOAD_MODE_STRING=\"ILM\" -DBOARD_DDR200T -I"C:\NucleiStudio_workspace\HBirdv2_Prj\nes_test\hbird_sdk\NMSIS\Core\Include" -I"C:\NucleiStudio_workspace\HBirdv2_Prj\nes_test\hbird_sdk\SoC\hbirdv2\Common\Include" -I"C:\NucleiStudio_workspace\HBirdv2_Prj\nes_test\hbird_sdk\SoC\hbirdv2\Board\ddr200t\Include" -I"C:\NucleiStudio_workspace\HBirdv2_Prj\nes_test\application" -std=gnu++11 -fabi-version=0 -MMD -MP -MF"application/K6502.d" -MT"application/K6502.o" -c -o "application/K6502.o" "../application/K6502.cpp"
Building file: ../application/main.c
Finished building: ../hbird_sdk/SoC/hbirdv2/Common/Source/Drivers/hbirdv2_uart.c
Invoking: GNU RISC-V Cross C Compiler
Invoking: GNU RISC-V Cross C Compiler
../application/InfoNES.cpp: In function 'int InfoNES_Reset()':
../application/InfoNES.cpp:473:25: warning: ISO C++ forbids converting a string constant to 'char*' [-Wwrite-strings]
  473 |     InfoNES_MessageBox( "Mapper #%d is unsupported.\n", MapperNo );
      |                         ^~~~~~~~~~~~~~~~~~~~~~~~~~~~~~
Finished building: ../hbird_sdk/SoC/hbirdv2/Common/Source/hbirdv2_common.c
Building file: ../application/rom.c
riscv-nuclei-elf-gcc -march=rv32imac -mabi=ilp32 -mcmodel=medany -mno-save-restore -O2 -ffunction-sections -fdata-sections -fno-common --specs=nano.specs --specs=nosys.specs  -g -D__IDE_RV_CORE=e203 -DSOC_HBIRD -DDOWNLOAD_MODE=DOWNLOAD_MODE_ILM -DDOWNLOAD_MODE_STRING=\"ILM\" -DBOARD_DDR200T -I"C:\NucleiStudio_workspace\HBirdv2_Prj\nes_test\hbird_sdk\NMSIS\Core\Include" -I"C:\NucleiStudio_workspace\HBirdv2_Prj\nes_test\hbird_sdk\SoC\hbirdv2\Common\Include" -I"C:\NucleiStudio_workspace\HBirdv2_Prj\nes_test\hbird_sdk\SoC\hbirdv2\Board\ddr200t\Include" -I"C:\NucleiStudio_workspace\HBirdv2_Prj\nes_test\application" -std=gnu11 -MMD -MP -MF"application/key.d" -MT"application/key.o" -c -o "application/key.o" "../application/key.c"
 
riscv-nuclei-elf-gcc -march=rv32imac -mabi=ilp32 -mcmodel=medany -mno-save-restore -O2 -ffunction-sections -fdata-sections -fno-common --specs=nano.specs --specs=nosys.specs  -g -D__IDE_RV_CORE=e203 -DSOC_HBIRD -DDOWNLOAD_MODE=DOWNLOAD_MODE_ILM -DDOWNLOAD_MODE_STRING=\"ILM\" -DBOARD_DDR200T -I"C:\NucleiStudio_workspace\HBirdv2_Prj\nes_test\hbird_sdk\NMSIS\Core\Include" -I"C:\NucleiStudio_workspace\HBirdv2_Prj\nes_test\hbird_sdk\SoC\hbirdv2\Common\Include" -I"C:\NucleiStudio_workspace\HBirdv2_Prj\nes_test\hbird_sdk\SoC\hbirdv2\Board\ddr200t\Include" -I"C:\NucleiStudio_workspace\HBirdv2_Prj\nes_test\application" -std=gnu11 -MMD -MP -MF"application/main.d" -MT"application/main.o" -c -o "application/main.o" "../application/main.c"
 
Invoking: GNU RISC-V Cross C Compiler
riscv-nuclei-elf-gcc -march=rv32imac -mabi=ilp32 -mcmodel=medany -mno-save-restore -O2 -ffunction-sections -fdata-sections -fno-common --specs=nano.specs --specs=nosys.specs  -g -D__IDE_RV_CORE=e203 -DSOC_HBIRD -DDOWNLOAD_MODE=DOWNLOAD_MODE_ILM -DDOWNLOAD_MODE_STRING=\"ILM\" -DBOARD_DDR200T -I"C:\NucleiStudio_workspace\HBirdv2_Prj\nes_test\hbird_sdk\NMSIS\Core\Include" -I"C:\NucleiStudio_workspace\HBirdv2_Prj\nes_test\hbird_sdk\SoC\hbirdv2\Common\Include" -I"C:\NucleiStudio_workspace\HBirdv2_Prj\nes_test\hbird_sdk\SoC\hbirdv2\Board\ddr200t\Include" -I"C:\NucleiStudio_workspace\HBirdv2_Prj\nes_test\application" -std=gnu11 -MMD -MP -MF"application/rom.d" -MT"application/rom.o" -c -o "application/rom.o" "../application/rom.c"
Finished building: ../hbird_sdk/SoC/hbirdv2/Common/Source/system_hbirdv2.c
Finished building: ../application/InfoNES_pAPU.cpp
 
 
Finished building: ../application/InfoNES_System.c
Finished building: ../application/ILI93xx.c
 
 
Finished building: ../application/key.c
 
Finished building: ../application/main.c
 
Finished building: ../application/rom.c
 
Finished building: ../application/InfoNES.cpp
 
Finished building: ../application/K6502.cpp
 
Finished building: ../application/InfoNES_Mapper.cpp
 
Building target: nes_test.elf
Invoking: GNU RISC-V Cross C++ Linker
riscv-nuclei-elf-g++ -march=rv32imac -mabi=ilp32 -mcmodel=medany -mno-save-restore -O2 -ffunction-sections -fdata-sections -fno-common --specs=nano.specs --specs=nosys.specs  -g -T "C:\NucleiStudio_workspace\HBirdv2_Prj\nes_test\hbird_sdk\SoC\hbirdv2\Board\ddr200t\Source\GCC\gcc_hbirdv2_ilm.ld" -nostartfiles -Xlinker --gc-sections -Wl,-Map,"nes_test.map" -u _isatty -u _write -u _sbrk -u _read -u _close -u _fstat -u _lseek -o "nes_test.elf"  ./hbird_sdk/SoC/hbirdv2/Common/Source/Stubs/clock_getres.o ./hbird_sdk/SoC/hbirdv2/Common/Source/Stubs/clock_gettime.o ./hbird_sdk/SoC/hbirdv2/Common/Source/Stubs/clock_settime.o ./hbird_sdk/SoC/hbirdv2/Common/Source/Stubs/close.o ./hbird_sdk/SoC/hbirdv2/Common/Source/Stubs/execve.o ./hbird_sdk/SoC/hbirdv2/Common/Source/Stubs/exit.o ./hbird_sdk/SoC/hbirdv2/Common/Source/Stubs/fork.o ./hbird_sdk/SoC/hbirdv2/Common/Source/Stubs/fstat.o ./hbird_sdk/SoC/hbirdv2/Common/Source/Stubs/getpid.o ./hbird_sdk/SoC/hbirdv2/Common/Source/Stubs/gettimeofday.o ./hbird_sdk/SoC/hbirdv2/Common/Source/Stubs/isatty.o ./hbird_sdk/SoC/hbirdv2/Common/Source/Stubs/kill.o ./hbird_sdk/SoC/hbirdv2/Common/Source/Stubs/link.o ./hbird_sdk/SoC/hbirdv2/Common/Source/Stubs/lseek.o ./hbird_sdk/SoC/hbirdv2/Common/Source/Stubs/open.o ./hbird_sdk/SoC/hbirdv2/Common/Source/Stubs/read.o ./hbird_sdk/SoC/hbirdv2/Common/Source/Stubs/sbrk.o ./hbird_sdk/SoC/hbirdv2/Common/Source/Stubs/stat.o ./hbird_sdk/SoC/hbirdv2/Common/Source/Stubs/times.o ./hbird_sdk/SoC/hbirdv2/Common/Source/Stubs/unlink.o ./hbird_sdk/SoC/hbirdv2/Common/Source/Stubs/wait.o ./hbird_sdk/SoC/hbirdv2/Common/Source/Stubs/write.o  ./hbird_sdk/SoC/hbirdv2/Common/Source/GCC/intexc_hbirdv2.o ./hbird_sdk/SoC/hbirdv2/Common/Source/GCC/startup_hbirdv2.o  ./hbird_sdk/SoC/hbirdv2/Common/Source/Drivers/hbirdv2_gpio.o ./hbird_sdk/SoC/hbirdv2/Common/Source/Drivers/hbirdv2_i2c.o ./hbird_sdk/SoC/hbirdv2/Common/Source/Drivers/hbirdv2_pwm.o ./hbird_sdk/SoC/hbirdv2/Common/Source/Drivers/hbirdv2_spi.o ./hbird_sdk/SoC/hbirdv2/Common/Source/Drivers/hbirdv2_uart.o ./hbird_sdk/SoC/hbirdv2/Common/Source/Drivers/htif.o  ./hbird_sdk/SoC/hbirdv2/Common/Source/hbirdv2_common.o ./hbird_sdk/SoC/hbirdv2/Common/Source/system_hbirdv2.o  ./application/ILI93xx.o ./application/InfoNES.o ./application/InfoNES_Mapper.o ./application/InfoNES_System.o ./application/InfoNES_pAPU.o ./application/K6502.o ./application/key.o ./application/main.o ./application/rom.o   -lstdc++
Finished building target: nes_test.elf
 
Invoking: GNU RISC-V Cross Create Flash Image
riscv-nuclei-elf-objcopy -O ihex "nes_test.elf"  "nes_test.hex"
Invoking: GNU RISC-V Cross Create Listing
riscv-nuclei-elf-objdump --source --all-headers --demangle --line-numbers --wide "nes_test.elf" > "nes_test.lst"
Invoking: GNU RISC-V Cross Print Size
riscv-nuclei-elf-size --format=berkeley "nes_test.elf"
   text	   data	    bss	    dec	    hex	filename
 174138	   1348	 238172	 413658	  64fda	nes_test.elf
Finished building: nes_test.hex
Finished building: nes_test.siz
 
 
Finished building: nes_test.lst
 

13:49:43 Build Finished. 0 errors, 1 warnings. (took 5s.24ms)

