Archive member included to satisfy reference by file (symbol)

c:/microdownload/nucleistudio/toolchain/gcc/bin/../lib/gcc/riscv-nuclei-elf/10.2.0/rv32imac/ilp32\libgcc.a(_divdi3.o)
                              ./hbird_sdk/SoC/hbirdv2/Common/Source/Stubs/gettimeofday.o (__divdi3)
c:/microdownload/nucleistudio/toolchain/gcc/bin/../lib/gcc/riscv-nuclei-elf/10.2.0/rv32imac/ilp32\libgcc.a(_udivdi3.o)
                              ./hbird_sdk/SoC/hbirdv2/Common/Source/Stubs/gettimeofday.o (__udivdi3)
c:/microdownload/nucleistudio/toolchain/gcc/bin/../lib/gcc/riscv-nuclei-elf/10.2.0/rv32imac/ilp32\libgcc.a(_umoddi3.o)
                              ./hbird_sdk/SoC/hbirdv2/Common/Source/Stubs/gettimeofday.o (__umoddi3)
c:/microdownload/nucleistudio/toolchain/gcc/bin/../lib/gcc/riscv-nuclei-elf/10.2.0/rv32imac/ilp32\libgcc.a(_clz.o)
                              c:/microdownload/nucleistudio/toolchain/gcc/bin/../lib/gcc/riscv-nuclei-elf/10.2.0/rv32imac/ilp32\libgcc.a(_divdi3.o) (__clz_tab)
c:/microdownload/nucleistudio/toolchain/gcc/bin/../lib/gcc/riscv-nuclei-elf/10.2.0/../../../../riscv-nuclei-elf/lib/rv32imac/ilp32\libg_nano.a(lib_a-atexit.o)
                              ./hbird_sdk/SoC/hbirdv2/Common/Source/GCC/startup_hbirdv2.o (atexit)
c:/microdownload/nucleistudio/toolchain/gcc/bin/../lib/gcc/riscv-nuclei-elf/10.2.0/../../../../riscv-nuclei-elf/lib/rv32imac/ilp32\libg_nano.a(lib_a-fini.o)
                              ./hbird_sdk/SoC/hbirdv2/Common/Source/GCC/startup_hbirdv2.o (__libc_fini_array)
c:/microdownload/nucleistudio/toolchain/gcc/bin/../lib/gcc/riscv-nuclei-elf/10.2.0/../../../../riscv-nuclei-elf/lib/rv32imac/ilp32\libg_nano.a(lib_a-init.o)
                              ./hbird_sdk/SoC/hbirdv2/Common/Source/GCC/startup_hbirdv2.o (__libc_init_array)
c:/microdownload/nucleistudio/toolchain/gcc/bin/../lib/gcc/riscv-nuclei-elf/10.2.0/../../../../riscv-nuclei-elf/lib/rv32imac/ilp32\libg_nano.a(lib_a-memcpy.o)
                              ./application/InfoNES_System.o (memcpy)
c:/microdownload/nucleistudio/toolchain/gcc/bin/../lib/gcc/riscv-nuclei-elf/10.2.0/../../../../riscv-nuclei-elf/lib/rv32imac/ilp32\libg_nano.a(lib_a-memset.o)
                              ./application/ILI93xx.o (memset)
c:/microdownload/nucleistudio/toolchain/gcc/bin/../lib/gcc/riscv-nuclei-elf/10.2.0/../../../../riscv-nuclei-elf/lib/rv32imac/ilp32\libg_nano.a(lib_a-printf.o)
                              ./hbird_sdk/SoC/hbirdv2/Common/Source/system_hbirdv2.o (printf)
c:/microdownload/nucleistudio/toolchain/gcc/bin/../lib/gcc/riscv-nuclei-elf/10.2.0/../../../../riscv-nuclei-elf/lib/rv32imac/ilp32\libg_nano.a(lib_a-puts.o)
                              ./hbird_sdk/SoC/hbirdv2/Common/Source/system_hbirdv2.o (puts)
c:/microdownload/nucleistudio/toolchain/gcc/bin/../lib/gcc/riscv-nuclei-elf/10.2.0/../../../../riscv-nuclei-elf/lib/rv32imac/ilp32\libg_nano.a(lib_a-reent.o)
                              ./hbird_sdk/SoC/hbirdv2/Common/Source/Stubs/close.o (errno)
c:/microdownload/nucleistudio/toolchain/gcc/bin/../lib/gcc/riscv-nuclei-elf/10.2.0/../../../../riscv-nuclei-elf/lib/rv32imac/ilp32\libg_nano.a(lib_a-sysisatty.o)
                              ./hbird_sdk/SoC/hbirdv2/Common/Source/Stubs/write.o (isatty)
c:/microdownload/nucleistudio/toolchain/gcc/bin/../lib/gcc/riscv-nuclei-elf/10.2.0/../../../../riscv-nuclei-elf/lib/rv32imac/ilp32\libg_nano.a(lib_a-wbuf.o)
                              c:/microdownload/nucleistudio/toolchain/gcc/bin/../lib/gcc/riscv-nuclei-elf/10.2.0/../../../../riscv-nuclei-elf/lib/rv32imac/ilp32\libg_nano.a(lib_a-puts.o) (__swbuf_r)
c:/microdownload/nucleistudio/toolchain/gcc/bin/../lib/gcc/riscv-nuclei-elf/10.2.0/../../../../riscv-nuclei-elf/lib/rv32imac/ilp32\libg_nano.a(lib_a-wsetup.o)
                              c:/microdownload/nucleistudio/toolchain/gcc/bin/../lib/gcc/riscv-nuclei-elf/10.2.0/../../../../riscv-nuclei-elf/lib/rv32imac/ilp32\libg_nano.a(lib_a-puts.o) (__swsetup_r)
c:/microdownload/nucleistudio/toolchain/gcc/bin/../lib/gcc/riscv-nuclei-elf/10.2.0/../../../../riscv-nuclei-elf/lib/rv32imac/ilp32\libg_nano.a(lib_a-__atexit.o)
                              c:/microdownload/nucleistudio/toolchain/gcc/bin/../lib/gcc/riscv-nuclei-elf/10.2.0/../../../../riscv-nuclei-elf/lib/rv32imac/ilp32\libg_nano.a(lib_a-atexit.o) (__register_exitproc)
c:/microdownload/nucleistudio/toolchain/gcc/bin/../lib/gcc/riscv-nuclei-elf/10.2.0/../../../../riscv-nuclei-elf/lib/rv32imac/ilp32\libg_nano.a(lib_a-__call_atexit.o)
                              c:/microdownload/nucleistudio/toolchain/gcc/bin/../lib/gcc/riscv-nuclei-elf/10.2.0/../../../../riscv-nuclei-elf/lib/rv32imac/ilp32\libg_nano.a(lib_a-__atexit.o) (__call_exitprocs)
c:/microdownload/nucleistudio/toolchain/gcc/bin/../lib/gcc/riscv-nuclei-elf/10.2.0/../../../../riscv-nuclei-elf/lib/rv32imac/ilp32\libg_nano.a(lib_a-fflush.o)
[...]
Memory Configuration

Name             Origin             Length             Attributes
ilm              0x0000000080000000 0x0000000000080000 axrl !w
ram              0x0000000090000000 0x0000000000080000 axw !rl
*default*        0x0000000000000000 0xffffffffffffffff

Linker script and memory map

LOAD ./hbird_sdk/SoC/hbirdv2/Common/Source/Stubs/clock_getres.o
LOAD ./hbird_sdk/SoC/hbirdv2/Common/Source/Stubs/clock_gettime.o
LOAD ./hbird_sdk/SoC/hbirdv2/Common/Source/Stubs/clock_settime.o
LOAD ./hbird_sdk/SoC/hbirdv2/Common/Source/Stubs/close.o
LOAD ./hbird_sdk/SoC/hbirdv2/Common/Source/Stubs/execve.o
LOAD ./hbird_sdk/SoC/hbirdv2/Common/Source/Stubs/exit.o
LOAD ./hbird_sdk/SoC/hbirdv2/Common/Source/Stubs/fork.o
LOAD ./hbird_sdk/SoC/hbirdv2/Common/Source/Stubs/fstat.o
LOAD ./hbird_sdk/SoC/hbirdv2/Common/Source/Stubs/getpid.o
LOAD ./hbird_sdk/SoC/hbirdv2/Common/Source/Stubs/gettimeofday.o
LOAD ./hbird_sdk/SoC/hbirdv2/Common/Source/Stubs/isatty.o
LOAD ./hbird_sdk/SoC/hbirdv2/Common/Source/Stubs/kill.o
LOAD ./hbird_sdk/SoC/hbirdv2/Common/Source/Stubs/link.o
LOAD ./hbird_sdk/SoC/hbirdv2/Common/Source/Stubs/lseek.o
LOAD ./hbird_sdk/SoC/hbirdv2/Common/Source/Stubs/open.o
LOAD ./hbird_sdk/SoC/hbirdv2/Common/Source/Stubs/read.o
LOAD ./hbird_sdk/SoC/hbirdv2/Common/Source/Stubs/sbrk.o
LOAD ./hbird_sdk/SoC/hbirdv2/Common/Source/Stubs/stat.o
LOAD ./hbird_sdk/SoC/hbirdv2/Common/Source/Stubs/times.o
LOAD ./hbird_sdk/SoC/hbirdv2/Common/Source/Stubs/unlink.o
LOAD ./hbird_sdk/SoC/hbirdv2/Common/Source/Stubs/wait.o
LOAD ./hbird_sdk/SoC/hbirdv2/Common/Source/Stubs/write.o
LOAD ./hbird_sdk/SoC/hbirdv2/Common/Source/GCC/intexc_hbirdv2.o
LOAD ./hbird_sdk/SoC/hbirdv2/Common/Source/GCC/startup_hbirdv2.o
LOAD ./hbird_sdk/SoC/hbirdv2/Common/Source/Drivers/hbirdv2_gpio.o
LOAD ./hbird_sdk/SoC/hbirdv2/Common/Source/Drivers/hbirdv2_i2c.o
LOAD ./hbird_sdk/SoC/hbirdv2/Common/Source/Drivers/hbirdv2_pwm.o
LOAD ./hbird_sdk/SoC/hbirdv2/Common/Source/Drivers/hbirdv2_spi.o
LOAD ./hbird_sdk/SoC/hbirdv2/Common/Source/Drivers/hbirdv2_uart.o
LOAD ./hbird_sdk/SoC/hbirdv2/Common/Source/Drivers/htif.o
LOAD ./hbird_sdk/SoC/hbirdv2/Common/Source/hbirdv2_common.o
LOAD ./hbird_sdk/SoC/hbirdv2/Common/Source/system_hbirdv2.o
LOAD ./application/ILI93xx.o
LOAD ./application/InfoNES.o
LOAD ./application/InfoNES_Mapper.o
LOAD ./application/InfoNES_System.o
LOAD ./application/InfoNES_pAPU.o
LOAD ./application/K6502.o
LOAD ./application/key.o
LOAD ./application/main.o
LOAD ./application/rom.o
LOAD c:/microdownload/nucleistudio/toolchain/gcc/bin/../lib/gcc/riscv-nuclei-elf/10.2.0/../../../../riscv-nuclei-elf/lib/rv32imac/ilp32\libstdc++.a
LOAD c:/microdownload/nucleistudio/toolchain/gcc/bin/../lib/gcc/riscv-nuclei-elf/10.2.0/../../../../riscv-nuclei-elf/lib/rv32imac/ilp32\libstdc++.a
LOAD c:/microdownload/nucleistudio/toolchain/gcc/bin/../lib/gcc/riscv-nuclei-elf/10.2.0/../../../../riscv-nuclei-elf/lib/rv32imac/ilp32\libm_nano.a
LOAD c:/microdownload/nucleistudio/toolchain/gcc/bin/../lib/gcc/riscv-nuclei-elf/10.2.0/rv32imac/ilp32\libgcc.a
LOAD c:/microdownload/nucleistudio/toolchain/gcc/bin/../lib/gcc/riscv-nuclei-elf/10.2.0/../../../../riscv-nuclei-elf/lib/rv32imac/ilp32\libg_nano.a
LOAD c:/microdownload/nucleistudio/toolchain/gcc/bin/../lib/gcc/riscv-nuclei-elf/10.2.0/../../../../riscv-nuclei-elf/lib/rv32imac/ilp32\libc_nano.a
LOAD c:/microdownload/nucleistudio/toolchain/gcc/bin/../lib/gcc/riscv-nuclei-elf/10.2.0/rv32imac/ilp32\libgcc.a
START GROUP
LOAD c:/microdownload/nucleistudio/toolchain/gcc/bin/../lib/gcc/riscv-nuclei-elf/10.2.0/rv32imac/ilp32\libgcc.a
LOAD c:/microdownload/nucleistudio/toolchain/gcc/bin/../lib/gcc/riscv-nuclei-elf/10.2.0/../../../../riscv-nuclei-elf/lib/rv32imac/ilp32\libc_nano.a
LOAD c:/microdownload/nucleistudio/toolchain/gcc/bin/../lib/gcc/riscv-nuclei-elf/10.2.0/../../../../riscv-nuclei-elf/lib/rv32imac/ilp32\libnosys.a
END GROUP
START GROUP
LOAD c:/microdownload/nucleistudio/toolchain/gcc/bin/../lib/gcc/riscv-nuclei-elf/10.2.0/rv32imac/ilp32\libgcc.a
LOAD c:/microdownload/nucleistudio/toolchain/gcc/bin/../lib/gcc/riscv-nuclei-elf/10.2.0/../../../../riscv-nuclei-elf/lib/rv32imac/ilp32\libc_nano.a
LOAD c:/microdownload/nucleistudio/toolchain/gcc/bin/../lib/gcc/riscv-nuclei-elf/10.2.0/../../../../riscv-nuclei-elf/lib/rv32imac/ilp32\libnosys.a
END GROUP
                0x0000000000000800                __stack_size = DEFINED (__stack_size)?__stack_size:0x800

.init           0x0000000080000000       0xb8
 *(.vtable)
 *(SORT_NONE(.init))
 .init          0x0000000080000000       0xb8 ./hbird_sdk/SoC/hbirdv2/Common/Source/GCC/startup_hbirdv2.o
                0x0000000080000000                _start

.ilalign        0x00000000800000b8        0x0
                0x00000000800000b8                . = ALIGN (0x4)
                0x00000000800000b8                PROVIDE (_ilm_lma = .)

.ialign         0x00000000800000b8        0x0
                0x00000000800000b8                PROVIDE (_ilm = .)

.text           0x00000000800000b8    0x1de60
 *(.text.unlikely .text.unlikely.*)
 *(.text.startup .text.startup.*)
 .text.startup.main
                0x00000000800000b8       0x2c ./application/main.o
                0x00000000800000b8                main
 *(.text .text.*)
 .text._close   0x00000000800000e4        0xa ./hbird_sdk/SoC/hbirdv2/Common/Source/Stubs/close.o
                0x00000000800000e4                _close
 .text._fstat   0x00000000800000ee       0x1a ./hbird_sdk/SoC/hbirdv2/Common/Source/Stubs/fstat.o
                0x00000000800000ee                _fstat
 .text._isatty  0x0000000080000108        0x4 ./hbird_sdk/SoC/hbirdv2/Common/Source/Stubs/isatty.o
                0x0000000080000108                _isatty
 .text._lseek   0x000000008000010c        0x4 ./hbird_sdk/SoC/hbirdv2/Common/Source/Stubs/lseek.o
                0x000000008000010c                _lseek
 .text._read    0x0000000080000110       0x22 ./hbird_sdk/SoC/hbirdv2/Common/Source/Stubs/read.o
                0x0000000080000110                _read
 .text._sbrk    0x0000000080000132       0x30 ./hbird_sdk/SoC/hbirdv2/Common/Source/Stubs/sbrk.o
                0x0000000080000132                _sbrk
 .text._write   0x0000000080000162       0x62 ./hbird_sdk/SoC/hbirdv2/Common/Source/Stubs/write.o
                0x0000000080000162                _write
 .text.trap     0x00000000800001c4       0x78 ./hbird_sdk/SoC/hbirdv2/Common/Source/GCC/intexc_hbirdv2.o
                0x00000000800001c4                trap_entry
 .text.gpio_iof_config
                0x000000008000023c       0x12 ./hbird_sdk/SoC/hbirdv2/Common/Source/Drivers/hbirdv2_gpio.o
                0x000000008000023c                gpio_iof_config
 .text.gpio_enable_input
                0x000000008000024e       0x16 ./hbird_sdk/SoC/hbirdv2/Common/Source/Drivers/hbirdv2_gpio.o
                0x000000008000024e                gpio_enable_input
 .text.gpio_enable_interrupt
                0x0000000080000264       0x70 ./hbird_sdk/SoC/hbirdv2/Common/Source/Drivers/hbirdv2_gpio.o
                0x0000000080000264                gpio_enable_interrupt
 .text.gpio_clear_interrupt
                0x00000000800002d4        0xa ./hbird_sdk/SoC/hbirdv2/Common/Source/Drivers/hbirdv2_gpio.o
                0x00000000800002d4                gpio_clear_interrupt
 .text.uart_init
                0x00000000800002de       0x3a ./hbird_sdk/SoC/hbirdv2/Common/Source/Drivers/hbirdv2_uart.o
                0x00000000800002de                uart_init
 .text.uart_write
                0x0000000080000318       0x14 ./hbird_sdk/SoC/hbirdv2/Common/Source/Drivers/hbirdv2_uart.o
                0x0000000080000318                uart_write
 .text.uart_read
                0x000000008000032c       0x16 ./hbird_sdk/SoC/hbirdv2/Common/Source/Drivers/hbirdv2_uart.o
                0x000000008000032c                uart_read
 .text.measure_cpu_freq
                0x0000000080000342       0x6a ./hbird_sdk/SoC/hbirdv2/Common/Source/hbirdv2_common.o
                0x0000000080000342                measure_cpu_freq
 .text.get_cpu_freq
                0x00000000800003ac       0x12 ./hbird_sdk/SoC/hbirdv2/Common/Source/hbirdv2_common.o
                0x00000000800003ac                get_cpu_freq
 .text.system_default_exception_handler
                0x00000000800003be       0x44 ./hbird_sdk/SoC/hbirdv2/Common/Source/system_hbirdv2.o
 .text.system_default_interrupt_handler
                0x0000000080000402       0x48 ./hbird_sdk/SoC/hbirdv2/Common/Source/system_hbirdv2.o
 .text.SystemInit
                0x000000008000044a        0xe ./hbird_sdk/SoC/hbirdv2/Common/Source/system_hbirdv2.o
                0x000000008000044a                SystemInit
 .text.core_trap_handler
                0x0000000080000458       0x90 ./hbird_sdk/SoC/hbirdv2/Common/Source/system_hbirdv2.o
                0x0000000080000458                core_trap_handler
 .text.PLIC_Register_IRQ
                0x00000000800004e8       0x46 ./hbird_sdk/SoC/hbirdv2/Common/Source/system_hbirdv2.o
                0x00000000800004e8                PLIC_Register_IRQ
 .text._premain_init
                0x000000008000052e       0xec ./hbird_sdk/SoC/hbirdv2/Common/Source/system_hbirdv2.o
                0x000000008000052e                _premain_init
 .text._postmain_fini
                0x000000008000061a        0x2 ./hbird_sdk/SoC/hbirdv2/Common/Source/system_hbirdv2.o
                0x000000008000061a                _postmain_fini
 .text._init    0x000000008000061c        0x2 ./hbird_sdk/SoC/hbirdv2/Common/Source/system_hbirdv2.o
                0x000000008000061c                _init
 .text._fini    0x000000008000061e        0x2 ./hbird_sdk/SoC/hbirdv2/Common/Source/system_hbirdv2.o
                0x000000008000061e                _fini
 .text.LCD_Clear
                0x0000000080000620       0x2c ./application/ILI93xx.o
                0x0000000080000620                LCD_Clear
 .text.LCD_Fill
                0x000000008000064c       0x4c ./application/ILI93xx.o
                0x000000008000064c                LCD_Fill
 .text.LCD_ShowChar
                0x0000000080000698      0x168 ./application/ILI93xx.o
                0x0000000080000698                LCD_ShowChar
 .text.LCD_ShowString
                0x0000000080000800       0xa4 ./application/ILI93xx.o
                0x0000000080000800                LCD_ShowString
 .text.InfoNES_Init
                0x00000000800008a4       0x58 ./application/InfoNES.o
                0x00000000800008a4                InfoNES_Init
 .text.InfoNES_SetupPPU
                0x00000000800008fc      0x12e ./application/InfoNES.o
                0x00000000800008fc                InfoNES_SetupPPU
 .text.InfoNES_Reset
                0x0000000080000a2a       0xfe ./application/InfoNES.o
                0x0000000080000a2a                InfoNES_Reset
 .text.InfoNES_Load
                0x0000000080000b28       0x26 ./application/InfoNES.o
                0x0000000080000b28                InfoNES_Load
 .text.InfoNES_Mirroring
                0x0000000080000b4e       0x48 ./application/InfoNES.o
                0x0000000080000b4e                InfoNES_Mirroring
 .text.InfoNES_DrawLine
                0x0000000080000b96      0x6fc ./application/InfoNES.o
                0x0000000080000b96                InfoNES_DrawLine
 .text.InfoNES_GetSprHitY
                0x0000000080001292       0xdc ./application/InfoNES.o
                0x0000000080001292                InfoNES_GetSprHitY
 .text.InfoNES_SetupChr
                0x000000008000136e      0x104 ./application/InfoNES.o
                0x000000008000136e                InfoNES_SetupChr
 .text.InfoNES_HSync
                0x0000000080001472      0x13c ./application/InfoNES.o
                0x0000000080001472                InfoNES_HSync
 .text.InfoNES_Cycle
                0x00000000800015ae      0x124 ./application/InfoNES.o
                0x00000000800015ae                InfoNES_Cycle
 .text.InfoNES_Main
                0x00000000800016d2       0x22 ./application/InfoNES.o
                0x00000000800016d2                InfoNES_Main
 .text.Map0_Write
                0x00000000800016f4        0x2 ./application/InfoNES_Mapper.o
                0x00000000800016f4                Map0_Write
 .text.Map0_ReadApu
                0x00000000800016f6        0x4 ./application/InfoNES_Mapper.o
                0x00000000800016f6                Map0_ReadApu
 .text.Map0_VSync
                0x00000000800016fa        0x2 ./application/InfoNES_Mapper.o
                0x00000000800016fa                Map0_VSync
 .text.Map0_PPU
                0x00000000800016fc        0x2 ./application/InfoNES_Mapper.o
                0x00000000800016fc                Map0_PPU
 .text.Map0_RenderScreen
                0x00000000800016fe        0x2 ./application/InfoNES_Mapper.o
                0x00000000800016fe                Map0_RenderScreen
 .text.Map2_Write
                0x0000000080001700       0x2a ./application/InfoNES_Mapper.o
                0x0000000080001700                Map2_Write
 .text.Map4_HSync
                0x000000008000172a       0x80 ./application/InfoNES_Mapper.o
                0x000000008000172a                Map4_HSync
 .text.Map21_HSync
                0x00000000800017aa       0x42 ./application/InfoNES_Mapper.o
                0x00000000800017aa                Map21_HSync
 .text.Map34_Write
                0x00000000800017ec       0x42 ./application/InfoNES_Mapper.o
                0x00000000800017ec                Map34_Write
 .text.Map73_Write
                0x000000008000182e       0xc2 ./application/InfoNES_Mapper.o
                0x000000008000182e                Map73_Write
 .text.Map74_HSync
                0x00000000800018f0       0x80 ./application/InfoNES_Mapper.o
                0x00000000800018f0                Map74_HSync
 .text.Map83_ReadApu
                0x0000000080001970       0x18 ./application/InfoNES_Mapper.o
                0x0000000080001970                Map83_ReadApu
 .text.Map83_Apu
                0x0000000080001988       0x14 ./application/InfoNES_Mapper.o
                0x0000000080001988                Map83_Apu
 .text.Map90_Apu
                0x000000008000199c       0x1a ./application/InfoNES_Mapper.o
                0x000000008000199c                Map90_Apu
 .text.Map99_ReadApu
                0x00000000800019b6       0x14 ./application/InfoNES_Mapper.o
                0x00000000800019b6                Map99_ReadApu
 .text.Map108_Write
                0x00000000800019ca       0x1c ./application/InfoNES_Mapper.o
                0x00000000800019ca                Map108_Write
 .text.Map180_Write
                0x00000000800019e6       0x2c ./application/InfoNES_Mapper.o
                0x00000000800019e6                Map180_Write
 .text.Map187_ReadApu
                0x0000000080001a12       0x22 ./application/InfoNES_Mapper.o
                0x0000000080001a12                Map187_ReadApu
 .text.Map187_HSync
                0x0000000080001a34       0x46 ./application/InfoNES_Mapper.o
                0x0000000080001a34                Map187_HSync
 .text.Map232_Write
                0x0000000080001a7a       0x8a ./application/InfoNES_Mapper.o
                0x0000000080001a7a                Map232_Write
 .text.Map244_Write
                0x0000000080001b04       0x88 ./application/InfoNES_Mapper.o
                0x0000000080001b04                Map244_Write
 .text.Map245_HSync
                0x0000000080001b8c       0x58 ./application/InfoNES_Mapper.o
                0x0000000080001b8c                Map245_HSync
 .text.Map248_Sram
                0x0000000080001be4       0x46 ./application/InfoNES_Mapper.o
                0x0000000080001be4                Map248_Sram
 .text.Map248_Apu
                0x0000000080001c2a        0x2 ./application/InfoNES_Mapper.o
                0x0000000080001c2a                Map248_Apu
 .text.Map249_HSync
                0x0000000080001c2c       0x58 ./application/InfoNES_Mapper.o
                0x0000000080001c2c                Map249_HSync
 .text.Map252_HSync
                0x0000000080001c84       0x4c ./application/InfoNES_Mapper.o
                0x0000000080001c84                Map252_HSync
 .text.Map255_Apu
                0x0000000080001cd0       0x1a ./application/InfoNES_Mapper.o
                0x0000000080001cd0                Map255_Apu
 .text.Map255_ReadApu
                0x0000000080001cea       0x1e ./application/InfoNES_Mapper.o
                0x0000000080001cea                Map255_ReadApu
 .text.Map3_Write
                0x0000000080001d08       0x6e ./application/InfoNES_Mapper.o
                0x0000000080001d08                Map3_Write
 .text.Map8_Write
                0x0000000080001d76       0xa6 ./application/InfoNES_Mapper.o
                0x0000000080001d76                Map8_Write
 .text.Map9_PPU
                0x0000000080001e1c      0x134 ./application/InfoNES_Mapper.o
                0x0000000080001e1c                Map9_PPU
 .text.Map10_PPU
                0x0000000080001f50      0x134 ./application/InfoNES_Mapper.o
                0x0000000080001f50                Map10_PPU
 .text.Map11_Write
                0x0000000080002084       0xf0 ./application/InfoNES_Mapper.o
                0x0000000080002084                Map11_Write
 .text.Map13_Write
                0x0000000080002174       0x9a ./application/InfoNES_Mapper.o
                0x0000000080002174                Map13_Write
 .text.Map34_Sram
                0x000000008000220e       0xf0 ./application/InfoNES_Mapper.o
                0x000000008000220e                Map34_Sram
 .text.Map62_Write
                0x00000000800022fe      0x118 ./application/InfoNES_Mapper.o
                0x00000000800022fe                Map62_Write
 .text.Map66_Write
                0x0000000080002416       0xc6 ./application/InfoNES_Mapper.o
                0x0000000080002416                Map66_Write
 .text.Map72_Write
                0x00000000800024dc       0xb0 ./application/InfoNES_Mapper.o
                0x00000000800024dc                Map72_Write
 .text.Map77_Write
                0x000000008000258c       0x7a ./application/InfoNES_Mapper.o
                0x000000008000258c                Map77_Write
 .text.Map79_Apu
                0x0000000080002606       0xbc ./application/InfoNES_Mapper.o
                0x0000000080002606                Map79_Apu
 .text.Map91_Sram
                0x00000000800026c2      0x148 ./application/InfoNES_Mapper.o
                0x00000000800026c2                Map91_Sram
 .text.Map92_Write
                0x000000008000280a       0xda ./application/InfoNES_Mapper.o
                0x000000008000280a                Map92_Write
 .text.Map99_Apu
                0x00000000800028e4      0x106 ./application/InfoNES_Mapper.o
                0x00000000800028e4                Map99_Apu
 .text.Map101_Write
                0x00000000800029ea       0x76 ./application/InfoNES_Mapper.o
                0x00000000800029ea                Map101_Write
 .text.Map107_Write
                0x0000000080002a60       0xee ./application/InfoNES_Mapper.o
                0x0000000080002a60                Map107_Write
 .text.Map117_Write
                0x0000000080002b4e      0x1d4 ./application/InfoNES_Mapper.o
                0x0000000080002b4e                Map117_Write
 .text.Map140_Apu
                0x0000000080002d22      0x10e ./application/InfoNES_Mapper.o
                0x0000000080002d22                Map140_Apu
 .text.Map140_Sram
                0x0000000080002e30        0x2 ./application/InfoNES_Mapper.o
                0x0000000080002e30                Map140_Sram
 .text.Map151_Write
                0x0000000080002e32      0x12e ./application/InfoNES_Mapper.o
                0x0000000080002e32                Map151_Write
 .text.Map160_Write
                0x0000000080002f60      0x264 ./application/InfoNES_Mapper.o
                0x0000000080002f60                Map160_Write
 .text.Map160_HSync
                0x00000000800031c4      0x440 ./application/InfoNES_Mapper.o
                0x00000000800031c4                Map160_HSync
 .text.Map193_Sram
                0x0000000080003604      0x140 ./application/InfoNES_Mapper.o
                0x0000000080003604                Map193_Sram
 .text.Map201_Write
                0x0000000080003744      0x10e ./application/InfoNES_Mapper.o
                0x0000000080003744                Map201_Write
 .text.Map222_Write
                0x0000000080003852      0x1a0 ./application/InfoNES_Mapper.o
                0x0000000080003852                Map222_Write
 .text.Map0_Init
                0x00000000800039f2      0x116 ./application/InfoNES_Mapper.o
                0x00000000800039f2                Map0_Init
 .text.Map2_Init
                0x0000000080003b08       0xac ./application/InfoNES_Mapper.o
                0x0000000080003b08                Map2_Init
 .text.Map3_Init
                0x0000000080003bb4      0x100 ./application/InfoNES_Mapper.o
                0x0000000080003bb4                Map3_Init
 .text.Map7_Init
                0x0000000080003cb4       0xa0 ./application/InfoNES_Mapper.o
                0x0000000080003cb4                Map7_Init
 .text.Map8_Init
                0x0000000080003d54       0xde ./application/InfoNES_Mapper.o
                0x0000000080003d54                Map8_Init
 .text.Map9_Init
                0x0000000080003e32       0xf8 ./application/InfoNES_Mapper.o
                0x0000000080003e32                Map9_Init
 .text.Map10_Init
                0x0000000080003f2a       0xf4 ./application/InfoNES_Mapper.o
                0x0000000080003f2a                Map10_Init
 .text.Map13_Init
                0x000000008000401e       0xf0 ./application/InfoNES_Mapper.o
                0x000000008000401e                Map13_Init
 .text.Map15_Init
                0x000000008000410e       0xa0 ./application/InfoNES_Mapper.o
                0x000000008000410e                Map15_Init
 .text.Map16_Init
                0x00000000800041ae       0xbc ./application/InfoNES_Mapper.o
                0x00000000800041ae                Map16_Init
 .text.Map17_Init
                0x000000008000426a       0xee ./application/InfoNES_Mapper.o
                0x000000008000426a                Map17_Init
 .text.Map18_Init
                0x0000000080004358       0xd0 ./application/InfoNES_Mapper.o
                0x0000000080004358                Map18_Init
 .text.Map21_Init
                0x0000000080004428       0xdc ./application/InfoNES_Mapper.o
                0x0000000080004428                Map21_Init
 .text.Map22_Init
                0x0000000080004504       0xea ./application/InfoNES_Mapper.o
                0x0000000080004504                Map22_Init
 .text.Map23_Init
                0x00000000800045ee      0x112 ./application/InfoNES_Mapper.o
                0x00000000800045ee                Map23_Init
 .text.Map24_Init
                0x0000000080004700       0xac ./application/InfoNES_Mapper.o
                0x0000000080004700                Map24_Init
 .text.Map25_Init
                0x00000000800047ac       0xc4 ./application/InfoNES_Mapper.o
                0x00000000800047ac                Map25_Init
 .text.Map26_Init
                0x0000000080004870       0xfa ./application/InfoNES_Mapper.o
                0x0000000080004870                Map26_Init
 .text.Map32_Init
                0x000000008000496a       0xee ./application/InfoNES_Mapper.o
                0x000000008000496a                Map32_Init
 .text.Map33_Init
                0x0000000080004a58      0x100 ./application/InfoNES_Mapper.o
                0x0000000080004a58                Map33_Init
 .text.Map34_Init
                0x0000000080004b58       0xea ./application/InfoNES_Mapper.o
                0x0000000080004b58                Map34_Init
 .text.Map40_Init
                0x0000000080004c42       0xe2 ./application/InfoNES_Mapper.o
                0x0000000080004c42                Map40_Init
 .text.Map41_Init
                0x0000000080004d24       0xde ./application/InfoNES_Mapper.o
                0x0000000080004d24                Map41_Init
 .text.Map42_Init
                0x0000000080004e02       0xec ./application/InfoNES_Mapper.o
                0x0000000080004e02                Map42_Init
 .text.Map43_Init
                0x0000000080004eee       0xe4 ./application/InfoNES_Mapper.o
                0x0000000080004eee                Map43_Init
 .text.Map45_Init
                0x0000000080004fd2      0x17c ./application/InfoNES_Mapper.o
                0x0000000080004fd2                Map45_Init
 .text.Map48_Init
                0x000000008000514e       0xee ./application/InfoNES_Mapper.o
                0x000000008000514e                Map48_Init
 .text.Map49_Init
                0x000000008000523c      0x10c ./application/InfoNES_Mapper.o
                0x000000008000523c                Map49_Init
 .text.Map50_Init
                0x0000000080005348      0x104 ./application/InfoNES_Mapper.o
                0x0000000080005348                Map50_Init
 .text.Map57_Init
                0x000000008000544c       0xde ./application/InfoNES_Mapper.o
                0x000000008000544c                Map57_Init
 .text.Map58_Init
                0x000000008000552a       0xd6 ./application/InfoNES_Mapper.o
                0x000000008000552a                Map58_Init
 .text.Map60_Init
                0x0000000080005600       0xde ./application/InfoNES_Mapper.o
                0x0000000080005600                Map60_Init
 .text.Map61_Init
                0x00000000800056de       0xac ./application/InfoNES_Mapper.o
                0x00000000800056de                Map61_Init
 .text.Map62_Init
                0x000000008000578a       0xde ./application/InfoNES_Mapper.o
                0x000000008000578a                Map62_Init
 .text.Map64_Init
                0x0000000080005868       0xe6 ./application/InfoNES_Mapper.o
                0x0000000080005868                Map64_Init
 .text.Map65_Init
                0x000000008000594e       0xea ./application/InfoNES_Mapper.o
                0x000000008000594e                Map65_Init
 .text.Map66_Init
                0x0000000080005a38       0xd6 ./application/InfoNES_Mapper.o
                0x0000000080005a38                Map66_Init
 .text.Map67_Init
                0x0000000080005b0e      0x120 ./application/InfoNES_Mapper.o
                0x0000000080005b0e                Map67_Init
 .text.Map68_Init
                0x0000000080005c2e       0xb0 ./application/InfoNES_Mapper.o
                0x0000000080005c2e                Map68_Init
 .text.Map69_Init
                0x0000000080005cde       0xfa ./application/InfoNES_Mapper.o
                0x0000000080005cde                Map69_Init
 .text.Map70_Init
                0x0000000080005dd8       0xac ./application/InfoNES_Mapper.o
                0x0000000080005dd8                Map70_Init
 .text.Map71_Init
                0x0000000080005e84       0xac ./application/InfoNES_Mapper.o
                0x0000000080005e84                Map71_Init
 .text.Map72_Init
                0x0000000080005f30       0xea ./application/InfoNES_Mapper.o
                0x0000000080005f30                Map72_Init
 .text.Map73_Init
                0x000000008000601a       0xb4 ./application/InfoNES_Mapper.o
                0x000000008000601a                Map73_Init
 .text.Map75_Init
                0x00000000800060ce       0xfa ./application/InfoNES_Mapper.o
                0x00000000800060ce                Map75_Init
 .text.Map76_Init
                0x00000000800061c8       0xea ./application/InfoNES_Mapper.o
                0x00000000800061c8                Map76_Init
 .text.Map77_Init
                0x00000000800062b2       0xa6 ./application/InfoNES_Mapper.o
                0x00000000800062b2                Map77_Init
 .text.Map78_Init
                0x0000000080006358       0xea ./application/InfoNES_Mapper.o
                0x0000000080006358                Map78_Init
 .text.Map79_Init
                0x0000000080006442       0xde ./application/InfoNES_Mapper.o
                0x0000000080006442                Map79_Init
 .text.Map80_Init
                0x0000000080006520       0xea ./application/InfoNES_Mapper.o
                0x0000000080006520                Map80_Init
 .text.Map83_Init
                0x000000008000660a      0x128 ./application/InfoNES_Mapper.o
                0x000000008000660a                Map83_Init
 .text.Map86_Init
                0x0000000080006732       0xde ./application/InfoNES_Mapper.o
                0x0000000080006732                Map86_Init
 .text.Map87_Init
                0x0000000080006810       0xde ./application/InfoNES_Mapper.o
                0x0000000080006810                Map87_Init
 .text.Map88_Init
                0x00000000800068ee       0xea ./application/InfoNES_Mapper.o
                0x00000000800068ee                Map88_Init
 .text.Map89_Init
                0x00000000800069d8       0xea ./application/InfoNES_Mapper.o
                0x00000000800069d8                Map89_Init
 .text.Map90_Init
                0x0000000080006ac2      0x14c ./application/InfoNES_Mapper.o
                0x0000000080006ac2                Map90_Init
 .text.Map92_Init
                0x0000000080006c0e       0xea ./application/InfoNES_Mapper.o
                0x0000000080006c0e                Map92_Init
 .text.Map93_Init
                0x0000000080006cf8       0xea ./application/InfoNES_Mapper.o
                0x0000000080006cf8                Map93_Init
 .text.Map94_Init
                0x0000000080006de2       0xac ./application/InfoNES_Mapper.o
                0x0000000080006de2                Map94_Init
 .text.Map97_Init
                0x0000000080006e8e       0xec ./application/InfoNES_Mapper.o
                0x0000000080006e8e                Map97_Init
 .text.Map99_Init
                0x0000000080006f7a      0x11e ./application/InfoNES_Mapper.o
                0x0000000080006f7a                Map99_Init
 .text.Map101_Init
                0x0000000080007098       0xd6 ./application/InfoNES_Mapper.o
                0x0000000080007098                Map101_Init
 .text.Map105_Init
                0x000000008000716e       0xbe ./application/InfoNES_Mapper.o
                0x000000008000716e                Map105_Init
 .text.Map107_Init
                0x000000008000722c       0xea ./application/InfoNES_Mapper.o
                0x000000008000722c                Map107_Init
 .text.Map108_Init
                0x0000000080007316       0xbe ./application/InfoNES_Mapper.o
                0x0000000080007316                Map108_Init
 .text.Map110_Init
                0x00000000800073d4       0xee ./application/InfoNES_Mapper.o
                0x00000000800073d4                Map110_Init
 .text.Map113_Init
                0x00000000800074c2       0xde ./application/InfoNES_Mapper.o
                0x00000000800074c2                Map113_Init
 .text.Map117_Init
                0x00000000800075a0       0xf0 ./application/InfoNES_Mapper.o
                0x00000000800075a0                Map117_Init
 .text.Map122_Init
                0x0000000080007690       0xa0 ./application/InfoNES_Mapper.o
                0x0000000080007690                Map122_Init
 .text.Map133_Init
                0x0000000080007730       0xde ./application/InfoNES_Mapper.o
                0x0000000080007730                Map133_Init
 .text.Map134_Init
                0x000000008000780e       0xde ./application/InfoNES_Mapper.o
                0x000000008000780e                Map134_Init
 .text.Map140_Init
                0x00000000800078ec       0xde ./application/InfoNES_Mapper.o
                0x00000000800078ec                Map140_Init
 .text.Map151_Init
                0x00000000800079ca       0xea ./application/InfoNES_Mapper.o
                0x00000000800079ca                Map151_Init
 .text.Map160_Init
                0x0000000080007ab4       0xbc ./application/InfoNES_Mapper.o
                0x0000000080007ab4                Map160_Init
 .text.Map180_Init
                0x0000000080007b70       0xde ./application/InfoNES_Mapper.o
                0x0000000080007b70                Map180_Init
 .text.Map181_Init
                0x0000000080007c4e       0xde ./application/InfoNES_Mapper.o
                0x0000000080007c4e                Map181_Init
 .text.Map182_Init
                0x0000000080007d2c       0xee ./application/InfoNES_Mapper.o
                0x0000000080007d2c                Map182_Init
 .text.Map183_Init
                0x0000000080007e1a      0x102 ./application/InfoNES_Mapper.o
                0x0000000080007e1a                Map183_Init
 .text.Map185_Init
                0x0000000080007f1c       0xbc ./application/InfoNES_Mapper.o
                0x0000000080007f1c                Map185_Init
 .text.Map189_Init
                0x0000000080007fd8       0xee ./application/InfoNES_Mapper.o
                0x0000000080007fd8                Map189_Init
 .text.Map193_Init
                0x00000000800080c6       0xf4 ./application/InfoNES_Mapper.o
                0x00000000800080c6                Map193_Init
 .text.Map194_Init
                0x00000000800081ba       0xb6 ./application/InfoNES_Mapper.o
                0x00000000800081ba                Map194_Init
 .text.Map200_Init
                0x0000000080008270       0xd6 ./application/InfoNES_Mapper.o
                0x0000000080008270                Map200_Init
 .text.Map201_Init
                0x0000000080008346       0xd6 ./application/InfoNES_Mapper.o
                0x0000000080008346                Map201_Init
 .text.Map202_Init
                0x000000008000841c       0xe2 ./application/InfoNES_Mapper.o
                0x000000008000841c                Map202_Init
 .text.Map225_Init
                0x00000000800084fe       0xde ./application/InfoNES_Mapper.o
                0x00000000800084fe                Map225_Init
 .text.Map226_Init
                0x00000000800085dc       0xa4 ./application/InfoNES_Mapper.o
                0x00000000800085dc                Map226_Init
 .text.Map227_Init
                0x0000000080008680       0x98 ./application/InfoNES_Mapper.o
                0x0000000080008680                Map227_Init
 .text.Map228_Init
                0x0000000080008718       0xde ./application/InfoNES_Mapper.o
                0x0000000080008718                Map228_Init
 .text.Map229_Init
                0x00000000800087f6       0xde ./application/InfoNES_Mapper.o
                0x00000000800087f6                Map229_Init
 .text.Map230_Init
                0x00000000800088d4       0xec ./application/InfoNES_Mapper.o
                0x00000000800088d4                Map230_Init
 .text.Map231_Init
                0x00000000800089c0       0xde ./application/InfoNES_Mapper.o
                0x00000000800089c0                Map231_Init
 .text.Map232_Init
                0x0000000080008a9e       0xb2 ./application/InfoNES_Mapper.o
                0x0000000080008a9e                Map232_Init
 .text.Map233_Init
                0x0000000080008b50       0xa0 ./application/InfoNES_Mapper.o
                0x0000000080008b50                Map233_Init
 .text.Map234_Init
                0x0000000080008bf0       0xa4 ./application/InfoNES_Mapper.o
                0x0000000080008bf0                Map234_Init
 .text.Map235_Init
                0x0000000080008c94       0xba ./application/InfoNES_Mapper.o
                0x0000000080008c94                Map235_Init
 .text.Map236_Init
                0x0000000080008d4e       0xb4 ./application/InfoNES_Mapper.o
                0x0000000080008d4e                Map236_Init
 .text.Map240_Init
                0x0000000080008e02       0xea ./application/InfoNES_Mapper.o
                0x0000000080008e02                Map240_Init
 .text.Map241_Init
                0x0000000080008eec       0xde ./application/InfoNES_Mapper.o
                0x0000000080008eec                Map241_Init
 .text.Map242_Init
                0x0000000080008fca       0xa0 ./application/InfoNES_Mapper.o
                0x0000000080008fca                Map242_Init
 .text.Map243_Init
                0x000000008000906a       0xe6 ./application/InfoNES_Mapper.o
                0x000000008000906a                Map243_Init
 .text.Map244_Init
                0x0000000080009150       0xa0 ./application/InfoNES_Mapper.o
                0x0000000080009150                Map244_Init
 .text.Map245_Init
                0x00000000800091f0      0x108 ./application/InfoNES_Mapper.o
                0x00000000800091f0                Map245_Init
 .text.Map246_Init
                0x00000000800092f8       0xac ./application/InfoNES_Mapper.o
                0x00000000800092f8                Map246_Init
 .text.Map249_Init
                0x00000000800093a4       0xfe ./application/InfoNES_Mapper.o
                0x00000000800093a4                Map249_Init
 .text.Map252_Init
                0x00000000800094a2      0x116 ./application/InfoNES_Mapper.o
                0x00000000800094a2                Map252_Init
 .text.Map7_Write
                0x00000000800095b8       0x4a ./application/InfoNES_Mapper.o
                0x00000000800095b8                Map7_Write
 .text.Map9_Write
                0x0000000080009602      0x164 ./application/InfoNES_Mapper.o
                0x0000000080009602                Map9_Write
 .text.Map10_Write
                0x0000000080009766      0x174 ./application/InfoNES_Mapper.o
                0x0000000080009766                Map10_Write
 .text.Map11_Init
                0x00000000800098da       0xdc ./application/InfoNES_Mapper.o
                0x00000000800098da                Map11_Init
 .text.Map15_Write
                0x00000000800099b6      0x106 ./application/InfoNES_Mapper.o
                0x00000000800099b6                Map15_Write
 .text.Map16_Write
                0x0000000080009abc      0x1b8 ./application/InfoNES_Mapper.o
                0x0000000080009abc                Map16_Write
 .text.Map17_Apu
                0x0000000080009c74      0x220 ./application/InfoNES_Mapper.o
                0x0000000080009c74                Map17_Apu
 .text.Map18_Write
                0x0000000080009e94      0x6a4 ./application/InfoNES_Mapper.o
                0x0000000080009e94                Map18_Write
 .text.Map21_Write
                0x000000008000a538      0x594 ./application/InfoNES_Mapper.o
                0x000000008000a538                Map21_Write
 .text.Map22_Write
                0x000000008000aacc      0x1dc ./application/InfoNES_Mapper.o
                0x000000008000aacc                Map22_Write
 .text.Map23_Write
                0x000000008000aca8      0x5d0 ./application/InfoNES_Mapper.o
                0x000000008000aca8                Map23_Write
 .text.Map24_Write
                0x000000008000b278      0x240 ./application/InfoNES_Mapper.o
                0x000000008000b278                Map24_Write
 .text.Map26_Write
                0x000000008000b4b8      0x230 ./application/InfoNES_Mapper.o
                0x000000008000b4b8                Map26_Write
 .text.Map32_Write
                0x000000008000b6e8       0xa0 ./application/InfoNES_Mapper.o
                0x000000008000b6e8                Map32_Write
 .text.Map33_Write
                0x000000008000b788      0x20a ./application/InfoNES_Mapper.o
                0x000000008000b788                Map33_Write
 .text.Map42_Write
                0x000000008000b992       0x62 ./application/InfoNES_Mapper.o
                0x000000008000b992                Map42_Write
 .text.Map48_Write
                0x000000008000b9f4      0x1f0 ./application/InfoNES_Mapper.o
                0x000000008000b9f4                Map48_Write
 .text.Map57_Write
                0x000000008000bbe4      0x21a ./application/InfoNES_Mapper.o
                0x000000008000bbe4                Map57_Write
 .text.Map58_Write
                0x000000008000bdfe      0x136 ./application/InfoNES_Mapper.o
                0x000000008000bdfe                Map58_Write
 .text.Map60_Write
                0x000000008000bf34      0x116 ./application/InfoNES_Mapper.o
                0x000000008000bf34                Map60_Write
 .text.Map61_Write
                0x000000008000c04a       0xd2 ./application/InfoNES_Mapper.o
                0x000000008000c04a                Map61_Write
 .text.Map65_Write
                0x000000008000c11c      0x226 ./application/InfoNES_Mapper.o
                0x000000008000c11c                Map65_Write
 .text.Map67_Write
                0x000000008000c342      0x1ac ./application/InfoNES_Mapper.o
                0x000000008000c342                Map67_Write
 .text.Map70_Write
                0x000000008000c4ee       0xc4 ./application/InfoNES_Mapper.o
                0x000000008000c4ee                Map70_Write
 .text.Map75_Write
                0x000000008000c5b2      0x1e0 ./application/InfoNES_Mapper.o
                0x000000008000c5b2                Map75_Write
 .text.Map78_Write
                0x000000008000c792       0xd8 ./application/InfoNES_Mapper.o
                0x000000008000c792                Map78_Write
 .text.Map80_Sram
                0x000000008000c86a      0x19e ./application/InfoNES_Mapper.o
                0x000000008000c86a                Map80_Sram
 .text.Map82_Init
                0x000000008000ca08       0xe8 ./application/InfoNES_Mapper.o
                0x000000008000ca08                Map82_Init
 .text.Map82_Sram
                0x000000008000caf0      0x1fc ./application/InfoNES_Mapper.o
                0x000000008000caf0                Map82_Sram
 .text.Map83_Write
                0x000000008000ccec      0x4ac ./application/InfoNES_Mapper.o
                0x000000008000ccec                Map83_Write
 .text.Map91_Init
                0x000000008000d198       0xe6 ./application/InfoNES_Mapper.o
                0x000000008000d198                Map91_Init
 .text.Map105_Write
                0x000000008000d27e      0x20e ./application/InfoNES_Mapper.o
                0x000000008000d27e                Map105_Write
 .text.Map134_Apu
                0x000000008000d48c      0x1bc ./application/InfoNES_Mapper.o
                0x000000008000d48c                Map134_Apu
 .text.Map182_Write
                0x000000008000d648      0x1a4 ./application/InfoNES_Mapper.o
                0x000000008000d648                Map182_Write
 .text.Map183_Write
                0x000000008000d7ec      0x5a8 ./application/InfoNES_Mapper.o
                0x000000008000d7ec                Map183_Write
 .text.Map200_Write
                0x000000008000dd94       0xe4 ./application/InfoNES_Mapper.o
                0x000000008000dd94                Map200_Write
 .text.Map222_Init
                0x000000008000de78       0xe8 ./application/InfoNES_Mapper.o
                0x000000008000de78                Map222_Init
 .text.Map225_Write
                0x000000008000df60      0x19a ./application/InfoNES_Mapper.o
                0x000000008000df60                Map225_Write
 .text.Map226_Write
                0x000000008000e0fa      0x10e ./application/InfoNES_Mapper.o
                0x000000008000e0fa                Map226_Write
 .text.Map227_Write
                0x000000008000e208      0x10a ./application/InfoNES_Mapper.o
                0x000000008000e208                Map227_Write
 .text.Map228_Write
                0x000000008000e312      0x170 ./application/InfoNES_Mapper.o
                0x000000008000e312                Map228_Write
 .text.Map229_Write
                0x000000008000e482      0x152 ./application/InfoNES_Mapper.o
                0x000000008000e482                Map229_Write
 .text.Map231_Write
                0x000000008000e5d4       0x80 ./application/InfoNES_Mapper.o
                0x000000008000e5d4                Map231_Write
 .text.Map233_Write
                0x000000008000e654       0xb6 ./application/InfoNES_Mapper.o
                0x000000008000e654                Map233_Write
 .text.Map235_Write
                0x000000008000e70a      0x1b6 ./application/InfoNES_Mapper.o
                0x000000008000e70a                Map235_Write
 .text.Map236_Write
                0x000000008000e8c0      0x1a0 ./application/InfoNES_Mapper.o
                0x000000008000e8c0                Map236_Write
 .text.Map245_Write
                0x000000008000ea60      0x140 ./application/InfoNES_Mapper.o
                0x000000008000ea60                Map245_Write
 .text.Map249_Write
                0x000000008000eba0      0x508 ./application/InfoNES_Mapper.o
                0x000000008000eba0                Map249_Write
 .text.Map251_Init
                0x000000008000f0a8       0xd6 ./application/InfoNES_Mapper.o
                0x000000008000f0a8                Map251_Init
 .text.Map255_Init
                0x000000008000f17e       0xe0 ./application/InfoNES_Mapper.o
                0x000000008000f17e                Map255_Init
 .text.Map255_Write
                0x000000008000f25e      0x186 ./application/InfoNES_Mapper.o
                0x000000008000f25e                Map255_Write
 .text.Map16_HSync
                0x000000008000f3e4       0x2a ./application/InfoNES_Mapper.o
                0x000000008000f3e4                Map16_HSync
 .text.Map17_HSync
                0x000000008000f40e       0x2c ./application/InfoNES_Mapper.o
                0x000000008000f40e                Map17_HSync
 .text.Map18_HSync
                0x000000008000f43a       0x2e ./application/InfoNES_Mapper.o
                0x000000008000f43a                Map18_HSync
 .text.Map24_HSync
                0x000000008000f468       0x2e ./application/InfoNES_Mapper.o
                0x000000008000f468                Map24_HSync
 .text.Map25_HSync
                0x000000008000f496       0x2a ./application/InfoNES_Mapper.o
                0x000000008000f496                Map25_HSync
 .text.Map26_HSync
                0x000000008000f4c0       0x32 ./application/InfoNES_Mapper.o
                0x000000008000f4c0                Map26_HSync
 .text.Map40_Write
                0x000000008000f4f2       0x4c ./application/InfoNES_Mapper.o
                0x000000008000f4f2                Map40_Write
 .text.Map40_HSync
                0x000000008000f53e       0x18 ./application/InfoNES_Mapper.o
                0x000000008000f53e                Map40_HSync
 .text.Map42_HSync
                0x000000008000f556       0x34 ./application/InfoNES_Mapper.o
                0x000000008000f556                Map42_HSync
 .text.Map43_ReadApu
                0x000000008000f58a       0x22 ./application/InfoNES_Mapper.o
                0x000000008000f58a                Map43_ReadApu
 .text.Map43_Apu
                0x000000008000f5ac       0x64 ./application/InfoNES_Mapper.o
                0x000000008000f5ac                Map43_Apu
 .text.Map43_Write
                0x000000008000f610       0x22 ./application/InfoNES_Mapper.o
                0x000000008000f610                Map43_Write
 .text.Map43_HSync
                0x000000008000f632       0x2a ./application/InfoNES_Mapper.o
                0x000000008000f632                Map43_HSync
 .text.Map44_HSync
                0x000000008000f65c       0x3a ./application/InfoNES_Mapper.o
                0x000000008000f65c                Map44_HSync
 .text.Map45_HSync
                0x000000008000f696       0x3a ./application/InfoNES_Mapper.o
                0x000000008000f696                Map45_HSync
 .text.Map47_HSync
                0x000000008000f6d0       0x3c ./application/InfoNES_Mapper.o
                0x000000008000f6d0                Map47_HSync
 .text.Map48_HSync
                0x000000008000f70c       0x3c ./application/InfoNES_Mapper.o
                0x000000008000f70c                Map48_HSync
 .text.Map49_HSync
                0x000000008000f748       0x3a ./application/InfoNES_Mapper.o
                0x000000008000f748                Map49_HSync
 .text.Map50_Apu
                0x000000008000f782       0x52 ./application/InfoNES_Mapper.o
                0x000000008000f782                Map50_Apu
 .text.Map50_HSync
                0x000000008000f7d4       0x18 ./application/InfoNES_Mapper.o
                0x000000008000f7d4                Map50_HSync
 .text.Map65_HSync
                0x000000008000f7ec       0x2c ./application/InfoNES_Mapper.o
                0x000000008000f7ec                Map65_HSync
 .text.Map67_HSync
                0x000000008000f818       0x44 ./application/InfoNES_Mapper.o
                0x000000008000f818                Map67_HSync
 .text.Map69_HSync
                0x000000008000f85c       0x26 ./application/InfoNES_Mapper.o
                0x000000008000f85c                Map69_HSync
 .text.Map73_HSync
                0x000000008000f882       0x2c ./application/InfoNES_Mapper.o
                0x000000008000f882                Map73_HSync
 .text.Map83_HSync
                0x000000008000f8ae       0x26 ./application/InfoNES_Mapper.o
                0x000000008000f8ae                Map83_HSync
 .text.Map90_ReadApu
                0x000000008000f8d4       0x1c ./application/InfoNES_Mapper.o
                0x000000008000f8d4                Map90_ReadApu
 .text.Map90_HSync
                0x000000008000f8f0       0x3a ./application/InfoNES_Mapper.o
                0x000000008000f8f0                Map90_HSync
 .text.Map93_Sram
                0x000000008000f92a       0x34 ./application/InfoNES_Mapper.o
                0x000000008000f92a                Map93_Sram
 .text.Map94_Write
                0x000000008000f95e       0x38 ./application/InfoNES_Mapper.o
                0x000000008000f95e                Map94_Write
 .text.Map100_HSync
                0x000000008000f996       0x3a ./application/InfoNES_Mapper.o
                0x000000008000f996                Map100_HSync
 .text.Map105_HSync
                0x000000008000f9d0       0x38 ./application/InfoNES_Mapper.o
                0x000000008000f9d0                Map105_HSync
 .text.Map112_HSync
                0x000000008000fa08       0x3a ./application/InfoNES_Mapper.o
                0x000000008000fa08                Map112_HSync
 .text.Map114_HSync
                0x000000008000fa42       0x3a ./application/InfoNES_Mapper.o
                0x000000008000fa42                Map114_HSync
 .text.Map115_HSync
                0x000000008000fa7c       0x3a ./application/InfoNES_Mapper.o
                0x000000008000fa7c                Map115_HSync
 .text.Map116_HSync
                0x000000008000fab6       0x3a ./application/InfoNES_Mapper.o
                0x000000008000fab6                Map116_HSync
 .text.Map117_HSync
                0x000000008000faf0       0x24 ./application/InfoNES_Mapper.o
                0x000000008000faf0                Map117_HSync
 .text.Map118_HSync
                0x000000008000fb14       0x3a ./application/InfoNES_Mapper.o
                0x000000008000fb14                Map118_HSync
 .text.Map119_HSync
                0x000000008000fb4e       0x3a ./application/InfoNES_Mapper.o
                0x000000008000fb4e                Map119_HSync
 .text.Map182_HSync
                0x000000008000fb88       0x38 ./application/InfoNES_Mapper.o
                0x000000008000fb88                Map182_HSync
 .text.Map183_HSync
                0x000000008000fbc0       0x28 ./application/InfoNES_Mapper.o
                0x000000008000fbc0                Map183_HSync
 .text.Map189_Apu
                0x000000008000fbe8       0x64 ./application/InfoNES_Mapper.o
                0x000000008000fbe8                Map189_Apu
 .text.Map189_HSync
                0x000000008000fc4c       0x3c ./application/InfoNES_Mapper.o
                0x000000008000fc4c                Map189_HSync
 .text.Map241_Write
                0x000000008000fc88       0x56 ./application/InfoNES_Mapper.o
                0x000000008000fc88                Map241_Write
 .text.Map242_Write
                0x000000008000fcde       0x58 ./application/InfoNES_Mapper.o
                0x000000008000fcde                Map242_Write
 .text.Map248_HSync
                0x000000008000fd36       0x3a ./application/InfoNES_Mapper.o
                0x000000008000fd36                Map248_HSync
 .text.Map249_Apu
                0x000000008000fd70       0x20 ./application/InfoNES_Mapper.o
                0x000000008000fd70                Map249_Apu
 .text.Map41_Write
                0x000000008000fd90       0x8a ./application/InfoNES_Mapper.o
                0x000000008000fd90                Map41_Write
 .text.Map76_Write
                0x000000008000fe1a      0x12c ./application/InfoNES_Mapper.o
                0x000000008000fe1a                Map76_Write
 .text.Map86_Sram
                0x000000008000ff46       0xce ./application/InfoNES_Mapper.o
                0x000000008000ff46                Map86_Sram
 .text.Map87_Sram
                0x0000000080010014       0x80 ./application/InfoNES_Mapper.o
                0x0000000080010014                Map87_Sram
 .text.Map110_Apu
                0x0000000080010094      0x2f4 ./application/InfoNES_Mapper.o
                0x0000000080010094                Map110_Apu
 .text.Map113_Apu.part.0
                0x0000000080010388       0xd6 ./application/InfoNES_Mapper.o
 .text.Map113_Apu
                0x000000008001045e       0x32 ./application/InfoNES_Mapper.o
                0x000000008001045e                Map113_Apu
 .text.Map113_Write
                0x0000000080010490       0x14 ./application/InfoNES_Mapper.o
                0x0000000080010490                Map113_Write
 .text.Map122_Sram
                0x00000000800104a4       0x80 ./application/InfoNES_Mapper.o
                0x00000000800104a4                Map122_Sram
 .text.Map133_Apu
                0x0000000080010524       0xf6 ./application/InfoNES_Mapper.o
                0x0000000080010524                Map133_Apu
 .text.Map181_Apu
                0x000000008001061a       0xfc ./application/InfoNES_Mapper.o
                0x000000008001061a                Map181_Apu
 .text.Map185_Write
                0x0000000080010716       0x76 ./application/InfoNES_Mapper.o
                0x0000000080010716                Map185_Write
 .text.Map189_Write
                0x000000008001078c      0x1a8 ./application/InfoNES_Mapper.o
                0x000000008001078c                Map189_Write
 .text.Map240_Apu
                0x0000000080010934      0x108 ./application/InfoNES_Mapper.o
                0x0000000080010934                Map240_Apu
 .text.Map243_Apu
                0x0000000080010a3c      0x214 ./application/InfoNES_Mapper.o
                0x0000000080010a3c                Map243_Apu
 .text.Map246_Sram
                0x0000000080010c50      0x19a ./application/InfoNES_Mapper.o
                0x0000000080010c50                Map246_Sram
 .text.Map252_Write
                0x0000000080010dea      0x52a ./application/InfoNES_Mapper.o
                0x0000000080010dea                Map252_Write
 .text.Map41_Sram
                0x0000000080011314       0x74 ./application/InfoNES_Mapper.o
                0x0000000080011314                Map41_Sram
 .text.Map64_Write
                0x0000000080011388      0x22e ./application/InfoNES_Mapper.o
                0x0000000080011388                Map64_Write
 .text.Map69_Write
                0x00000000800115b6      0x104 ./application/InfoNES_Mapper.o
                0x00000000800115b6                Map69_Write
 .text.Map71_Write
                0x00000000800116ba       0x68 ./application/InfoNES_Mapper.o
                0x00000000800116ba                Map71_Write
 .text.Map88_Write
                0x0000000080011722      0x18e ./application/InfoNES_Mapper.o
                0x0000000080011722                Map88_Write
 .text.Map89_Write
                0x00000000800118b0       0xf4 ./application/InfoNES_Mapper.o
                0x00000000800118b0                Map89_Write
 .text.Map97_Write
                0x00000000800119a4       0x46 ./application/InfoNES_Mapper.o
                0x00000000800119a4                Map97_Write
 .text.Map230_Write
                0x00000000800119ea       0xca ./application/InfoNES_Mapper.o
                0x00000000800119ea                Map230_Write
 .text.Map68_SyncMirror.part.0
                0x0000000080011ab4       0xa6 ./application/InfoNES_Mapper.o
 .text.Map248_Set_PPU_Banks.part.0
                0x0000000080011b5a       0xb2 ./application/InfoNES_Mapper.o
 .text.Map0_Sram
                0x0000000080011c0c        0x2 ./application/InfoNES_Mapper.o
                0x0000000080011c0c                Map0_Sram
 .text.Map0_Apu
                0x0000000080011c0e        0x2 ./application/InfoNES_Mapper.o
                0x0000000080011c0e                Map0_Apu
 .text.Map0_HSync
                0x0000000080011c10        0x2 ./application/InfoNES_Mapper.o
                0x0000000080011c10                Map0_HSync
 .text.Map194_Write
                0x0000000080011c12       0x1c ./application/InfoNES_Mapper.o
                0x0000000080011c12                Map194_Write
 .text.Map68_Write
                0x0000000080011c2e      0x17e ./application/InfoNES_Mapper.o
                0x0000000080011c2e                Map68_Write
 .text.Map1_set_ROM_banks
                0x0000000080011dac       0x6a ./application/InfoNES_Mapper.o
                0x0000000080011dac                Map1_set_ROM_banks
 .text.Map1_Init
                0x0000000080011e16      0x112 ./application/InfoNES_Mapper.o
                0x0000000080011e16                Map1_Init
 .text.Map1_Write
                0x0000000080011f28      0x36a ./application/InfoNES_Mapper.o
                0x0000000080011f28                Map1_Write
 .text.Map4_Set_CPU_Banks
                0x0000000080012292       0x64 ./application/InfoNES_Mapper.o
                0x0000000080012292                Map4_Set_CPU_Banks
 .text.Map4_Set_PPU_Banks
                0x00000000800122f6      0x110 ./application/InfoNES_Mapper.o
                0x00000000800122f6                Map4_Set_PPU_Banks
 .text.Map4_Init
                0x0000000080012406      0x100 ./application/InfoNES_Mapper.o
                0x0000000080012406                Map4_Init
 .text.Map4_Write
                0x0000000080012506      0x182 ./application/InfoNES_Mapper.o
                0x0000000080012506                Map4_Write
 .text.Map25_Sync_Vrom
                0x0000000080012688       0x4e ./application/InfoNES_Mapper.o
                0x0000000080012688                Map25_Sync_Vrom
 .text.Map25_Write
                0x00000000800126d6      0x182 ./application/InfoNES_Mapper.o
                0x00000000800126d6                Map25_Write
 .text.Map44_Set_CPU_Banks
                0x0000000080012858       0x76 ./application/InfoNES_Mapper.o
                0x0000000080012858                Map44_Set_CPU_Banks
 .text.Map44_Set_PPU_Banks
                0x00000000800128ce       0xca ./application/InfoNES_Mapper.o
                0x00000000800128ce                Map44_Set_PPU_Banks
 .text.Map44_Init
                0x0000000080012998       0xf8 ./application/InfoNES_Mapper.o
                0x0000000080012998                Map44_Init
 .text.Map44_Write
                0x0000000080012a90      0x188 ./application/InfoNES_Mapper.o
                0x0000000080012a90                Map44_Write
 .text.Map45_Set_PPU_Banks
                0x0000000080012c18      0x14c ./application/InfoNES_Mapper.o
                0x0000000080012c18                Map45_Set_PPU_Banks
 .text.Map45_Sram
                0x0000000080012d64       0xc8 ./application/InfoNES_Mapper.o
                0x0000000080012d64                Map45_Sram
 .text.Map45_Write
                0x0000000080012e2c      0x350 ./application/InfoNES_Mapper.o
                0x0000000080012e2c                Map45_Write
 .text.Map46_Set_ROM_Banks
                0x000000008001317c      0x102 ./application/InfoNES_Mapper.o
                0x000000008001317c                Map46_Set_ROM_Banks
 .text.Map46_Init
                0x000000008001327e       0x96 ./application/InfoNES_Mapper.o
                0x000000008001327e                Map46_Init
 .text.Map46_Sram
                0x0000000080013314       0x16 ./application/InfoNES_Mapper.o
                0x0000000080013314                Map46_Sram
 .text.Map46_Write
                0x000000008001332a       0x18 ./application/InfoNES_Mapper.o
                0x000000008001332a                Map46_Write
 .text.Map47_Set_CPU_Banks
                0x0000000080013342       0x76 ./application/InfoNES_Mapper.o
                0x0000000080013342                Map47_Set_CPU_Banks
 .text.Map47_Set_PPU_Banks
                0x00000000800133b8       0xca ./application/InfoNES_Mapper.o
                0x00000000800133b8                Map47_Set_PPU_Banks
 .text.Map47_Init
                0x0000000080013482       0xf8 ./application/InfoNES_Mapper.o
                0x0000000080013482                Map47_Init
 .text.Map47_Sram
                0x000000008001357a       0x1e ./application/InfoNES_Mapper.o
                0x000000008001357a                Map47_Sram
 .text.Map47_Write
                0x0000000080013598      0x126 ./application/InfoNES_Mapper.o
                0x0000000080013598                Map47_Write
 .text.Map49_Set_CPU_Banks
                0x00000000800136be       0x94 ./application/InfoNES_Mapper.o
                0x00000000800136be                Map49_Set_CPU_Banks
 .text.Map49_Set_PPU_Banks
                0x0000000080013752      0x128 ./application/InfoNES_Mapper.o
                0x0000000080013752                Map49_Set_PPU_Banks
 .text.Map49_Sram
                0x000000008001387a       0x22 ./application/InfoNES_Mapper.o
                0x000000008001387a                Map49_Sram
 .text.Map49_Write
                0x000000008001389c      0x124 ./application/InfoNES_Mapper.o
                0x000000008001389c                Map49_Write
 .text.Map51_Set_CPU_Banks
                0x00000000800139c0      0x12a ./application/InfoNES_Mapper.o
                0x00000000800139c0                Map51_Set_CPU_Banks
 .text.Map51_Init
                0x0000000080013aea       0xf2 ./application/InfoNES_Mapper.o
                0x0000000080013aea                Map51_Init
 .text.Map51_Write
                0x0000000080013bdc       0x2e ./application/InfoNES_Mapper.o
                0x0000000080013bdc                Map51_Write
 .text.Map51_Sram
                0x0000000080013c0a       0x1c ./application/InfoNES_Mapper.o
                0x0000000080013c0a                Map51_Sram
 .text.Map74_Set_CPU_Banks
                0x0000000080013c26       0x64 ./application/InfoNES_Mapper.o
                0x0000000080013c26                Map74_Set_CPU_Banks
 .text.Map74_Set_PPU_Banks
                0x0000000080013c8a      0x110 ./application/InfoNES_Mapper.o
                0x0000000080013c8a                Map74_Set_PPU_Banks
 .text.Map74_Init
                0x0000000080013d9a      0x106 ./application/InfoNES_Mapper.o
                0x0000000080013d9a                Map74_Init
 .text.Map74_Write
                0x0000000080013ea0      0x182 ./application/InfoNES_Mapper.o
                0x0000000080013ea0                Map74_Write
 .text.Map90_Sync_Mirror
                0x0000000080014022       0xda ./application/InfoNES_Mapper.o
                0x0000000080014022                Map90_Sync_Mirror
 .text.Map90_Sync_Chr_Banks
                0x00000000800140fc      0x23c ./application/InfoNES_Mapper.o
                0x00000000800140fc                Map90_Sync_Chr_Banks
 .text.Map90_Sync_Prg_Banks
                0x0000000080014338      0x144 ./application/InfoNES_Mapper.o
                0x0000000080014338                Map90_Sync_Prg_Banks
 .text.Map90_Write
                0x000000008001447c      0x146 ./application/InfoNES_Mapper.o
                0x000000008001447c                Map90_Write
 .text.Map95_Set_CPU_Banks
                0x00000000800145c2       0x64 ./application/InfoNES_Mapper.o
                0x00000000800145c2                Map95_Set_CPU_Banks
 .text.Map95_Set_PPU_Banks
                0x0000000080014626       0xb6 ./application/InfoNES_Mapper.o
                0x0000000080014626                Map95_Set_PPU_Banks
 .text.Map95_Init
                0x00000000800146dc       0xee ./application/InfoNES_Mapper.o
                0x00000000800146dc                Map95_Init
 .text.Map95_Write
                0x00000000800147ca       0xf0 ./application/InfoNES_Mapper.o
                0x00000000800147ca                Map95_Write
 .text.Map96_Set_Banks
                0x00000000800148ba       0x92 ./application/InfoNES_Mapper.o
                0x00000000800148ba                Map96_Set_Banks
 .text.Map96_Init
                0x000000008001494c       0xb6 ./application/InfoNES_Mapper.o
                0x000000008001494c                Map96_Init
 .text.Map96_Write
                0x0000000080014a02       0x5e ./application/InfoNES_Mapper.o
                0x0000000080014a02                Map96_Write
 .text.Map96_PPU
                0x0000000080014a60       0x18 ./application/InfoNES_Mapper.o
                0x0000000080014a60                Map96_PPU
 .text.Map100_Set_CPU_Banks
                0x0000000080014a78       0x50 ./application/InfoNES_Mapper.o
                0x0000000080014a78                Map100_Set_CPU_Banks
 .text.Map100_Set_PPU_Banks
                0x0000000080014ac8       0x96 ./application/InfoNES_Mapper.o
                0x0000000080014ac8                Map100_Set_PPU_Banks
 .text.Map100_Init
                0x0000000080014b5e      0x126 ./application/InfoNES_Mapper.o
                0x0000000080014b5e                Map100_Init
 .text.Map100_Write
                0x0000000080014c84      0x21c ./application/InfoNES_Mapper.o
                0x0000000080014c84                Map100_Write
 .text.Map109_Set_PPU_Banks
                0x0000000080014ea0       0xae ./application/InfoNES_Mapper.o
                0x0000000080014ea0                Map109_Set_PPU_Banks
 .text.Map109_Init
                0x0000000080014f4e       0xc8 ./application/InfoNES_Mapper.o
                0x0000000080014f4e                Map109_Init
 .text.Map109_Apu
                0x0000000080015016       0xce ./application/InfoNES_Mapper.o
                0x0000000080015016                Map109_Apu
 .text.Map112_Set_CPU_Banks
                0x00000000800150e4       0x64 ./application/InfoNES_Mapper.o
                0x00000000800150e4                Map112_Set_CPU_Banks
 .text.Map112_Set_PPU_Banks
                0x0000000080015148       0xb6 ./application/InfoNES_Mapper.o
                0x0000000080015148                Map112_Set_PPU_Banks
 .text.Map112_Init
                0x00000000800151fe       0xf4 ./application/InfoNES_Mapper.o
                0x00000000800151fe                Map112_Init
 .text.Map112_Write
                0x00000000800152f2      0x14c ./application/InfoNES_Mapper.o
                0x00000000800152f2                Map112_Write
 .text.Map114_Set_CPU_Banks
                0x000000008001543e       0x64 ./application/InfoNES_Mapper.o
                0x000000008001543e                Map114_Set_CPU_Banks
 .text.Map114_Set_PPU_Banks
                0x00000000800154a2       0xb6 ./application/InfoNES_Mapper.o
                0x00000000800154a2                Map114_Set_PPU_Banks
 .text.Map114_Init
                0x0000000080015558       0xf4 ./application/InfoNES_Mapper.o
                0x0000000080015558                Map114_Init
 .text.Map114_Sram
                0x000000008001564c       0x80 ./application/InfoNES_Mapper.o
                0x000000008001564c                Map114_Sram
 .text.Map114_Write
                0x00000000800156cc      0x14e ./application/InfoNES_Mapper.o
                0x00000000800156cc                Map114_Write
 .text.Map115_Set_CPU_Banks
                0x000000008001581a       0xc8 ./application/InfoNES_Mapper.o
                0x000000008001581a                Map115_Set_CPU_Banks
 .text.Map115_Set_PPU_Banks
                0x00000000800158e2       0xcc ./application/InfoNES_Mapper.o
                0x00000000800158e2                Map115_Set_PPU_Banks
 .text.Map115_Init
                0x00000000800159ae      0x13a ./application/InfoNES_Mapper.o
                0x00000000800159ae                Map115_Init
 .text.Map115_Write
                0x0000000080015ae8      0x128 ./application/InfoNES_Mapper.o
                0x0000000080015ae8                Map115_Write
 .text.Map115_Sram
                0x0000000080015c10       0x20 ./application/InfoNES_Mapper.o
                0x0000000080015c10                Map115_Sram
 .text.Map116_Set_CPU_Banks
                0x0000000080015c30       0x66 ./application/InfoNES_Mapper.o
                0x0000000080015c30                Map116_Set_CPU_Banks
 .text.Map116_Set_PPU_Banks
                0x0000000080015c96       0xcc ./application/InfoNES_Mapper.o
                0x0000000080015c96                Map116_Set_PPU_Banks
 .text.Map116_Init
                0x0000000080015d62      0x13a ./application/InfoNES_Mapper.o
                0x0000000080015d62                Map116_Init
 .text.Map116_Write
                0x0000000080015e9c      0x120 ./application/InfoNES_Mapper.o
                0x0000000080015e9c                Map116_Write
 .text.Map118_Set_CPU_Banks
                0x0000000080015fbc       0x64 ./application/InfoNES_Mapper.o
                0x0000000080015fbc                Map118_Set_CPU_Banks
 .text.Map118_Set_PPU_Banks
                0x0000000080016020       0xb6 ./application/InfoNES_Mapper.o
                0x0000000080016020                Map118_Set_PPU_Banks
 .text.Map118_Init
                0x00000000800160d6      0x10a ./application/InfoNES_Mapper.o
                0x00000000800160d6                Map118_Init
 .text.Map118_Write
                0x00000000800161e0      0x16a ./application/InfoNES_Mapper.o
                0x00000000800161e0                Map118_Write
 .text.Map119_Set_CPU_Banks
                0x000000008001634a       0x64 ./application/InfoNES_Mapper.o
                0x000000008001634a                Map119_Set_CPU_Banks
 .text.Map119_Set_PPU_Banks
                0x00000000800163ae      0x36e ./application/InfoNES_Mapper.o
                0x00000000800163ae                Map119_Set_PPU_Banks
 .text.Map119_Init
                0x000000008001671c       0xd8 ./application/InfoNES_Mapper.o
                0x000000008001671c                Map119_Init
 .text.Map119_Write
                0x00000000800167f4      0x152 ./application/InfoNES_Mapper.o
                0x00000000800167f4                Map119_Write
 .text.Map135_Set_PPU_Banks
                0x0000000080016946       0xc8 ./application/InfoNES_Mapper.o
                0x0000000080016946                Map135_Set_PPU_Banks
 .text.Map135_Init
                0x0000000080016a0e       0xc4 ./application/InfoNES_Mapper.o
                0x0000000080016a0e                Map135_Init
 .text.Map135_Apu
                0x0000000080016ad2       0xe6 ./application/InfoNES_Mapper.o
                0x0000000080016ad2                Map135_Apu
 .text.Map187_Set_CPU_Banks
                0x0000000080016bb8       0x64 ./application/InfoNES_Mapper.o
                0x0000000080016bb8                Map187_Set_CPU_Banks
 .text.Map187_Init
                0x0000000080016c1c      0x10c ./application/InfoNES_Mapper.o
                0x0000000080016c1c                Map187_Init
 .text.Map187_Apu
                0x0000000080016d28       0x90 ./application/InfoNES_Mapper.o
                0x0000000080016d28                Map187_Apu
 .text.Map187_Set_PPU_Banks
                0x0000000080016db8       0xc2 ./application/InfoNES_Mapper.o
                0x0000000080016db8                Map187_Set_PPU_Banks
 .text.Map187_Write
                0x0000000080016e7a      0x1e0 ./application/InfoNES_Mapper.o
                0x0000000080016e7a                Map187_Write
 .text.Map191_Set_CPU_Banks
                0x000000008001705a       0x54 ./application/InfoNES_Mapper.o
                0x000000008001705a                Map191_Set_CPU_Banks
 .text.Map191_Set_PPU_Banks
                0x00000000800170ae       0xbe ./application/InfoNES_Mapper.o
                0x00000000800170ae                Map191_Set_PPU_Banks
 .text.Map191_Init
                0x000000008001716c       0xb4 ./application/InfoNES_Mapper.o
                0x000000008001716c                Map191_Init
 .text.Map191_Apu
                0x0000000080017220       0x8c ./application/InfoNES_Mapper.o
                0x0000000080017220                Map191_Apu
 .text.Map202_WriteSub
                0x00000000800172ac      0x116 ./application/InfoNES_Mapper.o
                0x00000000800172ac                Map202_WriteSub
 .text.Map202_Apu
                0x00000000800173c2        0x4 ./application/InfoNES_Mapper.o
                0x00000000800173c2                Map202_Apu
 .text.Map202_Write
                0x00000000800173c6        0x4 ./application/InfoNES_Mapper.o
                0x00000000800173c6                Map202_Write
 .text.Map234_Set_Banks
                0x00000000800173ca      0x138 ./application/InfoNES_Mapper.o
                0x00000000800173ca                Map234_Set_Banks
 .text.Map234_Write
                0x0000000080017502       0x36 ./application/InfoNES_Mapper.o
                0x0000000080017502                Map234_Write
 .text.Map248_Set_CPU_Banks
                0x0000000080017538       0x64 ./application/InfoNES_Mapper.o
                0x0000000080017538                Map248_Set_CPU_Banks
 .text.Map248_Init
                0x000000008001759c       0xe2 ./application/InfoNES_Mapper.o
                0x000000008001759c                Map248_Init
 .text.Map248_Write
                0x000000008001767e      0x12a ./application/InfoNES_Mapper.o
                0x000000008001767e                Map248_Write
 .text.Map251_Set_Banks
                0x00000000800177a8      0x18e ./application/InfoNES_Mapper.o
                0x00000000800177a8                Map251_Set_Banks
 .text.Map251_Write
                0x0000000080017936       0x68 ./application/InfoNES_Mapper.o
                0x0000000080017936                Map251_Write
 .text.Map251_Sram
                0x000000008001799e       0x48 ./application/InfoNES_Mapper.o
                0x000000008001799e                Map251_Sram
 .text.InfoNES_Menu
                0x00000000800179e6        0x4 ./application/InfoNES_System.o
                0x00000000800179e6                InfoNES_Menu
 .text.InfoNES_ReadRom
                0x00000000800179ea       0x9e ./application/InfoNES_System.o
                0x00000000800179ea                InfoNES_ReadRom
 .text.InfoNES_ReleaseRom
                0x0000000080017a88        0x2 ./application/InfoNES_System.o
                0x0000000080017a88                InfoNES_ReleaseRom
 .text.InfoNES_LoadFrame
                0x0000000080017a8a       0x4c ./application/InfoNES_System.o
                0x0000000080017a8a                InfoNES_LoadFrame
 .text.InfoNES_PadState
                0x0000000080017ad6      0x16a ./application/InfoNES_System.o
                0x0000000080017ad6                InfoNES_PadState
 .text.InfoNES_MemoryCopy
                0x0000000080017c40        0x4 ./application/InfoNES_System.o
                0x0000000080017c40                InfoNES_MemoryCopy
 .text.InfoNES_MemorySet
                0x0000000080017c44        0x4 ./application/InfoNES_System.o
                0x0000000080017c44                InfoNES_MemorySet
 .text.InfoNES_Wait
                0x0000000080017c48        0x2 ./application/InfoNES_System.o
                0x0000000080017c48                InfoNES_Wait
 .text.InfoNES_MessageBox
                0x0000000080017c4a       0x14 ./application/InfoNES_System.o
                0x0000000080017c4a                InfoNES_MessageBox
 .text.K6502_Read
                0x0000000080017c5e      0x1d0 ./application/K6502.o
 .text.K6502_Write
                0x0000000080017e2e      0x4d8 ./application/K6502.o
 .text.K6502_Init
                0x0000000080018306      0x2be ./application/K6502.o
                0x0000000080018306                K6502_Init
 .text.K6502_Reset
                0x00000000800185c4       0x48 ./application/K6502.o
                0x00000000800185c4                K6502_Reset
 .text.K6502_Set_Int_Wiring
                0x000000008001860c        0xa ./application/K6502.o
                0x000000008001860c                K6502_Set_Int_Wiring
 .text.K6502_Step
                0x0000000080018616     0x4000 ./application/K6502.o
                0x0000000080018616                K6502_Step
 .text.plic_init
                0x000000008001c616       0x38 ./application/main.o
                0x000000008001c616                plic_init
 .text.switch_game
                0x000000008001c64e       0x88 ./application/main.o
                0x000000008001c64e                switch_game
 .text.plic_btn_handler
                0x000000008001c6d6       0x90 ./application/main.o
                0x000000008001c6d6                plic_btn_handler
 .text.__udivdi3
                0x000000008001c766      0x360 c:/microdownload/nucleistudio/toolchain/gcc/bin/../lib/gcc/riscv-nuclei-elf/10.2.0/rv32imac/ilp32\libgcc.a(_udivdi3.o)
                0x000000008001c766                __udivdi3
 .text.atexit   0x000000008001cac6        0xa c:/microdownload/nucleistudio/toolchain/gcc/bin/../lib/gcc/riscv-nuclei-elf/10.2.0/../../../../riscv-nuclei-elf/lib/rv32imac/ilp32\libg_nano.a(lib_a-atexit.o)
                0x000000008001cac6                atexit
 .text.__libc_fini_array
                0x000000008001cad0       0x36 c:/microdownload/nucleistudio/toolchain/gcc/bin/../lib/gcc/riscv-nuclei-elf/10.2.0/../../../../riscv-nuclei-elf/lib/rv32imac/ilp32\libg_nano.a(lib_a-fini.o)
                0x000000008001cad0                __libc_fini_array
 .text.__libc_init_array
                0x000000008001cb06       0x5e c:/microdownload/nucleistudio/toolchain/gcc/bin/../lib/gcc/riscv-nuclei-elf/10.2.0/../../../../riscv-nuclei-elf/lib/rv32imac/ilp32\libg_nano.a(lib_a-init.o)
                0x000000008001cb06                __libc_init_array
 .text.memcpy   0x000000008001cb64       0xdc c:/microdownload/nucleistudio/toolchain/gcc/bin/../lib/gcc/riscv-nuclei-elf/10.2.0/../../../../riscv-nuclei-elf/lib/rv32imac/ilp32\libg_nano.a(lib_a-memcpy.o)
                0x000000008001cb64                memcpy
 .text          0x000000008001cc40       0xa8 c:/microdownload/nucleistudio/toolchain/gcc/bin/../lib/gcc/riscv-nuclei-elf/10.2.0/../../../../riscv-nuclei-elf/lib/rv32imac/ilp32\libg_nano.a(lib_a-memset.o)
                0x000000008001cc40                memset
 .text.printf   0x000000008001cce8       0x3a c:/microdownload/nucleistudio/toolchain/gcc/bin/../lib/gcc/riscv-nuclei-elf/10.2.0/../../../../riscv-nuclei-elf/lib/rv32imac/ilp32\libg_nano.a(lib_a-printf.o)
                0x000000008001cce8                iprintf
                0x000000008001cce8                printf
 .text._puts_r  0x000000008001cd22       0xda c:/microdownload/nucleistudio/toolchain/gcc/bin/../lib/gcc/riscv-nuclei-elf/10.2.0/../../../../riscv-nuclei-elf/lib/rv32imac/ilp32\libg_nano.a(lib_a-puts.o)
                0x000000008001cd22                _puts_r
 .text.puts     0x000000008001cdfc        0xa c:/microdownload/nucleistudio/toolchain/gcc/bin/../lib/gcc/riscv-nuclei-elf/10.2.0/../../../../riscv-nuclei-elf/lib/rv32imac/ilp32\libg_nano.a(lib_a-puts.o)
                0x000000008001cdfc                puts
 .text.isatty   0x000000008001ce06        0x4 c:/microdownload/nucleistudio/toolchain/gcc/bin/../lib/gcc/riscv-nuclei-elf/10.2.0/../../../../riscv-nuclei-elf/lib/rv32imac/ilp32\libg_nano.a(lib_a-sysisatty.o)
                0x000000008001ce06                isatty
 .text.__swbuf_r
                0x000000008001ce0a       0xc0 c:/microdownload/nucleistudio/toolchain/gcc/bin/../lib/gcc/riscv-nuclei-elf/10.2.0/../../../../riscv-nuclei-elf/lib/rv32imac/ilp32\libg_nano.a(lib_a-wbuf.o)
                0x000000008001ce0a                __swbuf_r
 .text.__swsetup_r
                0x000000008001ceca      0x106 c:/microdownload/nucleistudio/toolchain/gcc/bin/../lib/gcc/riscv-nuclei-elf/10.2.0/../../../../riscv-nuclei-elf/lib/rv32imac/ilp32\libg_nano.a(lib_a-wsetup.o)
                0x000000008001ceca                __swsetup_r
 .text.__register_exitproc
                0x000000008001cfd0       0x78 c:/microdownload/nucleistudio/toolchain/gcc/bin/../lib/gcc/riscv-nuclei-elf/10.2.0/../../../../riscv-nuclei-elf/lib/rv32imac/ilp32\libg_nano.a(lib_a-__atexit.o)
                0x000000008001cfd0                __register_exitproc
 .text.__sflush_r
                0x000000008001d048      0x146 c:/microdownload/nucleistudio/toolchain/gcc/bin/../lib/gcc/riscv-nuclei-elf/10.2.0/../../../../riscv-nuclei-elf/lib/rv32imac/ilp32\libg_nano.a(lib_a-fflush.o)
                0x000000008001d048                __sflush_r
 .text._fflush_r
                0x000000008001d18e       0x66 c:/microdownload/nucleistudio/toolchain/gcc/bin/../lib/gcc/riscv-nuclei-elf/10.2.0/../../../../riscv-nuclei-elf/lib/rv32imac/ilp32\libg_nano.a(lib_a-fflush.o)
                0x000000008001d18e                _fflush_r
 .text.std      0x000000008001d1f4       0x6a c:/microdownload/nucleistudio/toolchain/gcc/bin/../lib/gcc/riscv-nuclei-elf/10.2.0/../../../../riscv-nuclei-elf/lib/rv32imac/ilp32\libg_nano.a(lib_a-findfp.o)
 .text._cleanup_r
                0x000000008001d25e        0xa c:/microdownload/nucleistudio/toolchain/gcc/bin/../lib/gcc/riscv-nuclei-elf/10.2.0/../../../../riscv-nuclei-elf/lib/rv32imac/ilp32\libg_nano.a(lib_a-findfp.o)
                0x000000008001d25e                _cleanup_r
 .text.__sfmoreglue
                0x000000008001d268       0x46 c:/microdownload/nucleistudio/toolchain/gcc/bin/../lib/gcc/riscv-nuclei-elf/10.2.0/../../../../riscv-nuclei-elf/lib/rv32imac/ilp32\libg_nano.a(lib_a-findfp.o)
                0x000000008001d268                __sfmoreglue
 .text.__sinit  0x000000008001d2ae       0x6c c:/microdownload/nucleistudio/toolchain/gcc/bin/../lib/gcc/riscv-nuclei-elf/10.2.0/../../../../riscv-nuclei-elf/lib/rv32imac/ilp32\libg_nano.a(lib_a-findfp.o)
                0x000000008001d2ae                __sinit
 .text.__sfp    0x000000008001d31a       0x9e c:/microdownload/nucleistudio/toolchain/gcc/bin/../lib/gcc/riscv-nuclei-elf/10.2.0/../../../../riscv-nuclei-elf/lib/rv32imac/ilp32\libg_nano.a(lib_a-findfp.o)
                0x000000008001d31a                __sfp
 .text._fwalk_reent
                0x000000008001d3b8       0x6a c:/microdownload/nucleistudio/toolchain/gcc/bin/../lib/gcc/riscv-nuclei-elf/10.2.0/../../../../riscv-nuclei-elf/lib/rv32imac/ilp32\libg_nano.a(lib_a-fwalk.o)
                0x000000008001d3b8                _fwalk_reent
 .text.__swhatbuf_r
                0x000000008001d422       0x5c c:/microdownload/nucleistudio/toolchain/gcc/bin/../lib/gcc/riscv-nuclei-elf/10.2.0/../../../../riscv-nuclei-elf/lib/rv32imac/ilp32\libg_nano.a(lib_a-makebuf.o)
                0x000000008001d422                __swhatbuf_r
 .text.__smakebuf_r
                0x000000008001d47e       0xa0 c:/microdownload/nucleistudio/toolchain/gcc/bin/../lib/gcc/riscv-nuclei-elf/10.2.0/../../../../riscv-nuclei-elf/lib/rv32imac/ilp32\libg_nano.a(lib_a-makebuf.o)
                0x000000008001d47e                __smakebuf_r
 .text._free_r  0x000000008001d51e       0xa2 c:/microdownload/nucleistudio/toolchain/gcc/bin/../lib/gcc/riscv-nuclei-elf/10.2.0/../../../../riscv-nuclei-elf/lib/rv32imac/ilp32\libg_nano.a(lib_a-nano-freer.o)
                0x000000008001d51e                _free_r
 .text._malloc_r
                0x000000008001d5c0       0xd6 c:/microdownload/nucleistudio/toolchain/gcc/bin/../lib/gcc/riscv-nuclei-elf/10.2.0/../../../../riscv-nuclei-elf/lib/rv32imac/ilp32\libg_nano.a(lib_a-nano-mallocr.o)
                0x000000008001d5c0                _malloc_r
 .text.__sfputc_r
                0x000000008001d696       0x2a c:/microdownload/nucleistudio/toolchain/gcc/bin/../lib/gcc/riscv-nuclei-elf/10.2.0/../../../../riscv-nuclei-elf/lib/rv32imac/ilp32\libg_nano.a(lib_a-nano-vfprintf.o)
 .text.__sfputs_r
                0x000000008001d6c0       0x44 c:/microdownload/nucleistudio/toolchain/gcc/bin/../lib/gcc/riscv-nuclei-elf/10.2.0/../../../../riscv-nuclei-elf/lib/rv32imac/ilp32\libg_nano.a(lib_a-nano-vfprintf.o)
                0x000000008001d6c0                __sfputs_r
 .text._vfprintf_r
                0x000000008001d704      0x298 c:/microdownload/nucleistudio/toolchain/gcc/bin/../lib/gcc/riscv-nuclei-elf/10.2.0/../../../../riscv-nuclei-elf/lib/rv32imac/ilp32\libg_nano.a(lib_a-nano-vfprintf.o)
                0x000000008001d704                _vfprintf_r
                0x000000008001d704                _vfiprintf_r
 .text._printf_common
                0x000000008001d99c      0x10c c:/microdownload/nucleistudio/toolchain/gcc/bin/../lib/gcc/riscv-nuclei-elf/10.2.0/../../../../riscv-nuclei-elf/lib/rv32imac/ilp32\libg_nano.a(lib_a-nano-vfprintf_i.o)
                0x000000008001d99c                _printf_common
 .text._printf_i
                0x000000008001daa8      0x272 c:/microdownload/nucleistudio/toolchain/gcc/bin/../lib/gcc/riscv-nuclei-elf/10.2.0/../../../../riscv-nuclei-elf/lib/rv32imac/ilp32\libg_nano.a(lib_a-nano-vfprintf_i.o)
                0x000000008001daa8                _printf_i
 .text._sbrk_r  0x000000008001dd1a       0x28 c:/microdownload/nucleistudio/toolchain/gcc/bin/../lib/gcc/riscv-nuclei-elf/10.2.0/../../../../riscv-nuclei-elf/lib/rv32imac/ilp32\libg_nano.a(lib_a-sbrkr.o)
                0x000000008001dd1a                _sbrk_r
 .text.__sread  0x000000008001dd42       0x30 c:/microdownload/nucleistudio/toolchain/gcc/bin/../lib/gcc/riscv-nuclei-elf/10.2.0/../../../../riscv-nuclei-elf/lib/rv32imac/ilp32\libg_nano.a(lib_a-stdio.o)
                0x000000008001dd42                __sread
 .text.__swrite
                0x000000008001dd72       0x4e c:/microdownload/nucleistudio/toolchain/gcc/bin/../lib/gcc/riscv-nuclei-elf/10.2.0/../../../../riscv-nuclei-elf/lib/rv32imac/ilp32\libg_nano.a(lib_a-stdio.o)
                0x000000008001dd72                __swrite
 .text.__sseek  0x000000008001ddc0       0x36 c:/microdownload/nucleistudio/toolchain/gcc/bin/../lib/gcc/riscv-nuclei-elf/10.2.0/../../../../riscv-nuclei-elf/lib/rv32imac/ilp32\libg_nano.a(lib_a-stdio.o)
                0x000000008001ddc0                __sseek
 .text.__sclose
                0x000000008001ddf6        0x6 c:/microdownload/nucleistudio/toolchain/gcc/bin/../lib/gcc/riscv-nuclei-elf/10.2.0/../../../../riscv-nuclei-elf/lib/rv32imac/ilp32\libg_nano.a(lib_a-stdio.o)
                0x000000008001ddf6                __sclose
 .text._write_r
                0x000000008001ddfc       0x2c c:/microdownload/nucleistudio/toolchain/gcc/bin/../lib/gcc/riscv-nuclei-elf/10.2.0/../../../../riscv-nuclei-elf/lib/rv32imac/ilp32\libg_nano.a(lib_a-writer.o)
                0x000000008001ddfc                _write_r
 .text._close_r
                0x000000008001de28       0x28 c:/microdownload/nucleistudio/toolchain/gcc/bin/../lib/gcc/riscv-nuclei-elf/10.2.0/../../../../riscv-nuclei-elf/lib/rv32imac/ilp32\libg_nano.a(lib_a-closer.o)
                0x000000008001de28                _close_r
 .text._fstat_r
                0x000000008001de50       0x2a c:/microdownload/nucleistudio/toolchain/gcc/bin/../lib/gcc/riscv-nuclei-elf/10.2.0/../../../../riscv-nuclei-elf/lib/rv32imac/ilp32\libg_nano.a(lib_a-fstatr.o)
                0x000000008001de50                _fstat_r
 .text._isatty_r
                0x000000008001de7a       0x28 c:/microdownload/nucleistudio/toolchain/gcc/bin/../lib/gcc/riscv-nuclei-elf/10.2.0/../../../../riscv-nuclei-elf/lib/rv32imac/ilp32\libg_nano.a(lib_a-isattyr.o)
                0x000000008001de7a                _isatty_r
 .text._lseek_r
                0x000000008001dea2       0x2c c:/microdownload/nucleistudio/toolchain/gcc/bin/../lib/gcc/riscv-nuclei-elf/10.2.0/../../../../riscv-nuclei-elf/lib/rv32imac/ilp32\libg_nano.a(lib_a-lseekr.o)
                0x000000008001dea2                _lseek_r
 .text.memchr   0x000000008001dece       0x1a c:/microdownload/nucleistudio/toolchain/gcc/bin/../lib/gcc/riscv-nuclei-elf/10.2.0/../../../../riscv-nuclei-elf/lib/rv32imac/ilp32\libg_nano.a(lib_a-memchr.o)
                0x000000008001dece                memchr
 .text.__malloc_lock
                0x000000008001dee8        0x2 c:/microdownload/nucleistudio/toolchain/gcc/bin/../lib/gcc/riscv-nuclei-elf/10.2.0/../../../../riscv-nuclei-elf/lib/rv32imac/ilp32\libg_nano.a(lib_a-mlock.o)
                0x000000008001dee8                __malloc_lock
 .text.__malloc_unlock
                0x000000008001deea        0x2 c:/microdownload/nucleistudio/toolchain/gcc/bin/../lib/gcc/riscv-nuclei-elf/10.2.0/../../../../riscv-nuclei-elf/lib/rv32imac/ilp32\libg_nano.a(lib_a-mlock.o)
                0x000000008001deea                __malloc_unlock
 .text._read_r  0x000000008001deec       0x2c c:/microdownload/nucleistudio/toolchain/gcc/bin/../lib/gcc/riscv-nuclei-elf/10.2.0/../../../../riscv-nuclei-elf/lib/rv32imac/ilp32\libg_nano.a(lib_a-readr.o)
                0x000000008001deec                _read_r
 *(.gnu.linkonce.t.*)

.rodata         0x000000008001df18     0xc9c4
                0x000000008001df18                . = ALIGN (0x4)
 *(.rdata)
 *(.rodata .rodata.*)
 .rodata.system_default_exception_handler.str1.4
                0x000000008001df18       0x44 ./hbird_sdk/SoC/hbirdv2/Common/Source/system_hbirdv2.o
 .rodata.system_default_interrupt_handler.str1.4
                0x000000008001df5c       0x13 ./hbird_sdk/SoC/hbirdv2/Common/Source/system_hbirdv2.o
 *fill*         0x000000008001df6f        0x1 
 .rodata.SystemBannerPrint.str1.4
                0x000000008001df70       0x6f ./hbird_sdk/SoC/hbirdv2/Common/Source/system_hbirdv2.o
 *fill*         0x000000008001dfdf        0x1 
 .rodata.asc2_1206
                0x000000008001dfe0      0x474 ./application/ILI93xx.o
                0x000000008001dfe0                asc2_1206
 .rodata.asc2_1608
                0x000000008001e454      0x5f0 ./application/ILI93xx.o
                0x000000008001e454                asc2_1608
 .rodata.asc2_2412
                0x000000008001ea44      0xd5c ./application/ILI93xx.o
                0x000000008001ea44                asc2_2412
 .rodata.InfoNES_Reset.str1.4
                0x000000008001f7a0       0x1c ./application/InfoNES.o
 .rodata._ZL11JustHitStep
                0x000000008001f7bc      0x200 ./application/InfoNES.o
 .rodata.Map117_Write
                0x000000008001f9bc       0x1c ./application/InfoNES_Mapper.o
 .rodata.Map160_Write
                0x000000008001f9d8       0x1c ./application/InfoNES_Mapper.o
 .rodata.Map16_Write
                0x000000008001f9f4       0x34 ./application/InfoNES_Mapper.o
 .rodata.Map17_Apu
                0x000000008001fa28       0x5c ./application/InfoNES_Mapper.o
 .rodata.Map21_Write
                0x000000008001fa84       0x70 ./application/InfoNES_Mapper.o
 .rodata.Map23_Write
                0x000000008001faf4       0xd0 ./application/InfoNES_Mapper.o
 .rodata.Map26_Write
                0x000000008001fbc4       0x94 ./application/InfoNES_Mapper.o
 .rodata.Map65_Write
                0x000000008001fc58       0x38 ./application/InfoNES_Mapper.o
 .rodata.Map80_Sram
                0x000000008001fc90       0x40 ./application/InfoNES_Mapper.o
 .rodata.Map82_Sram
                0x000000008001fcd0       0x34 ./application/InfoNES_Mapper.o
 .rodata.Map83_Write
                0x000000008001fd04       0x64 ./application/InfoNES_Mapper.o
 .rodata.Map134_Apu
                0x000000008001fd68       0x20 ./application/InfoNES_Mapper.o
 .rodata.Map182_Write
                0x000000008001fd88       0x20 ./application/InfoNES_Mapper.o
 .rodata.Map249_Write
                0x000000008001fda8       0x20 ./application/InfoNES_Mapper.o
 .rodata.Map76_Write
                0x000000008001fdc8       0x20 ./application/InfoNES_Mapper.o
 .rodata.Map110_Apu
                0x000000008001fde8       0x1c ./application/InfoNES_Mapper.o
 .rodata.Map189_Write
                0x000000008001fe04       0x20 ./application/InfoNES_Mapper.o
 .rodata.Map243_Apu
                0x000000008001fe24       0x20 ./application/InfoNES_Mapper.o
 .rodata.Map246_Sram
                0x000000008001fe44       0x20 ./application/InfoNES_Mapper.o
 .rodata.Map64_Write
                0x000000008001fe64       0x40 ./application/InfoNES_Mapper.o
 .rodata.Map69_Write
                0x000000008001fea4       0x40 ./application/InfoNES_Mapper.o
 .rodata.Map88_Write
                0x000000008001fee4       0x20 ./application/InfoNES_Mapper.o
 .rodata.Map4_Write
                0x000000008001ff04       0x20 ./application/InfoNES_Mapper.o
 .rodata.Map44_Write
                0x000000008001ff24       0x20 ./application/InfoNES_Mapper.o
 .rodata.Map45_Write
                0x000000008001ff44       0x20 ./application/InfoNES_Mapper.o
 .rodata.Map47_Write
                0x000000008001ff64       0x20 ./application/InfoNES_Mapper.o
 .rodata.Map49_Write
                0x000000008001ff84       0x20 ./application/InfoNES_Mapper.o
 .rodata.Map74_Write
                0x000000008001ffa4       0x20 ./application/InfoNES_Mapper.o
 .rodata.Map95_Write
                0x000000008001ffc4       0x20 ./application/InfoNES_Mapper.o
 .rodata.Map100_Write
                0x000000008001ffe4      0x120 ./application/InfoNES_Mapper.o
 .rodata.Map109_Apu
                0x0000000080020104       0x20 ./application/InfoNES_Mapper.o
 .rodata.Map112_Write
                0x0000000080020124       0x20 ./application/InfoNES_Mapper.o
 .rodata.Map114_Write
                0x0000000080020144       0x20 ./application/InfoNES_Mapper.o
 .rodata.Map115_Write
                0x0000000080020164       0x20 ./application/InfoNES_Mapper.o
 .rodata.Map116_Write
                0x0000000080020184       0x20 ./application/InfoNES_Mapper.o
 .rodata.Map118_Write
                0x00000000800201a4       0x20 ./application/InfoNES_Mapper.o
 .rodata.Map119_Write
                0x00000000800201c4       0x20 ./application/InfoNES_Mapper.o
 .rodata.Map135_Apu
                0x00000000800201e4       0x20 ./application/InfoNES_Mapper.o
 .rodata.Map187_Write
                0x0000000080020204       0x20 ./application/InfoNES_Mapper.o
 .rodata.Map191_Apu
                0x0000000080020224       0x20 ./application/InfoNES_Mapper.o